08-15 22:15:05.876  2850  2850 D wpa_supplicant: nl80211: Register frame type=0xd0 (WLAN_FC_STYPE_ACTION) nl_handle=0x7358611d40 match=040d
08-15 22:15:05.876  2850  2850 D wpa_supplicant: nl80211: Register frame type=0xd0 (WLAN_FC_STYPE_ACTION) nl_handle=0x7358611d40 match=090a
08-15 22:15:05.876  2850  2850 D wpa_supplicant: nl80211: Register frame type=0xd0 (WLAN_FC_STYPE_ACTION) nl_handle=0x7358611d40 match=090b
08-15 22:15:05.876  2850  2850 D wpa_supplicant: nl80211: Register frame type=0xd0 (WLAN_FC_STYPE_ACTION) nl_handle=0x7358611d40 match=090c
08-15 22:15:05.876  2850  2850 D wpa_supplicant: nl80211: Register frame type=0xd0 (WLAN_FC_STYPE_ACTION) nl_handle=0x7358611d40 match=090d
08-15 22:15:05.876  2850  2850 D wpa_supplicant: nl80211: Register frame type=0xd0 (WLAN_FC_STYPE_ACTION) nl_handle=0x7358611d40 match=0409506f9a09
08-15 22:15:05.876  2850  2850 D wpa_supplicant: nl80211: Register frame type=0xd0 (WLAN_FC_STYPE_ACTION) nl_handle=0x7358611d40 match=7f506f9a09
08-15 22:15:05.876  2850  2850 D wpa_supplicant: nl80211: Register frame type=0xd0 (WLAN_FC_STYPE_ACTION) nl_handle=0x7358611d40 match=0409506f9a1a
08-15 22:15:05.876  2850  2850 D wpa_supplicant: nl80211: Register frame type=0xd0 (WLAN_FC_STYPE_ACTION) nl_handle=0x7358611d40 match=0801
08-15 22:15:05.876  2850  2850 D wpa_supplicant: nl80211: Register frame type=0xd0 (WLAN_FC_STYPE_ACTION) nl_handle=0x7358611d40 match=040e
08-15 22:15:05.877  2850  2850 D wpa_supplicant: nl80211: Register frame type=0xd0 (WLAN_FC_STYPE_ACTION) nl_handle=0x7358611d40 match=06
08-15 22:15:05.877  2850  2850 D wpa_supplicant: nl80211: Register frame type=0xd0 (WLAN_FC_STYPE_ACTION) nl_handle=0x7358611d40 match=0a07
08-15 22:15:05.877  2850  2850 D wpa_supplicant: nl80211: Register frame type=0xd0 (WLAN_FC_STYPE_ACTION) nl_handle=0x7358611d40 match=0a11
08-15 22:15:05.877  2850  2850 D wpa_supplicant: nl80211: Register frame type=0xd0 (WLAN_FC_STYPE_ACTION) nl_handle=0x7358611d40 match=0a0b
08-15 22:15:05.877  2850  2850 D wpa_supplicant: nl80211: Register frame type=0xd0 (WLAN_FC_STYPE_ACTION) nl_handle=0x7358611d40 match=0a1a
08-15 22:15:05.877  2850  2850 D wpa_supplicant: nl80211: Register frame type=0xd0 (WLAN_FC_STYPE_ACTION) nl_handle=0x7358611d40 match=1101
08-15 22:15:05.877  2850  2850 D wpa_supplicant: nl80211: Register frame type=0xd0 (WLAN_FC_STYPE_ACTION) nl_handle=0x7358611d40 match=1102
08-15 22:15:05.877  2850  2850 D wpa_supplicant: nl80211: Register frame type=0xd0 (WLAN_FC_STYPE_ACTION) nl_handle=0x7358611d40 match=0505
08-15 22:15:05.877  2850  2850 D wpa_supplicant: nl80211: Register frame type=0xd0 (WLAN_FC_STYPE_ACTION) nl_handle=0x7358611d40 match=0500
08-15 22:15:05.878  2850  2850 I wpa_supplicant: rfkill: Cannot open RFKILL control device
08-15 22:15:05.878  2850  2850 D wpa_supplicant: nl80211: RFKILL status not available
08-15 22:15:05.878  2850  2850 D wpa_supplicant: netlink: Operstate: ifindex=8 linkmode=1 (userspace-control), operstate=5 (IF_OPER_DORMANT)
08-15 22:15:05.879  2850  2850 D wpa_supplicant: Add interface wlan0 to a new radio phy0
08-15 22:15:05.880  2850  2850 D wpa_supplicant: nl80211: Regulatory information - country=00
08-15 22:15:05.880  2850  2850 D wpa_supplicant: nl80211: 2402-2472 @ 40 MHz 20 mBm
08-15 22:15:05.880  2850  2850 D wpa_supplicant: nl80211: 2457-2482 @ 20 MHz 20 mBm (no IR)
08-15 22:15:05.880  2850  2850 D wpa_supplicant: nl80211: 2474-2494 @ 20 MHz 20 mBm (no OFDM) (no IR)
08-15 22:15:05.880  2850  2850 D wpa_supplicant: nl80211: 5170-5250 @ 80 MHz 20 mBm (no IR)
08-15 22:15:05.880  2850  2850 D wpa_supplicant: nl80211: 5250-5330 @ 80 MHz 20 mBm (DFS) (no IR)
08-15 22:15:05.880  2850  2850 D wpa_supplicant: nl80211: 5490-5730 @ 160 MHz 20 mBm (DFS) (no IR)
08-15 22:15:05.880  2850  2850 D wpa_supplicant: nl80211: 5735-5835 @ 80 MHz 20 mBm (no IR)
08-15 22:15:05.880  2850  2850 D wpa_supplicant: nl80211: 57240-63720 @ 2160 MHz 0 mBm
08-15 22:15:05.880  2850  2850 D wpa_supplicant: nl80211: Added 802.11b mode based on 802.11g information
08-15 22:15:05.880  2850  2850 D wpa_supplicant: nl80211: Mode IEEE 802.11g: 2412 2417 2422 2427 2432 2437 2442 2447 2452 2457 2462 2467 2472
08-15 22:15:05.880  2850  2850 D wpa_supplicant: nl80211: Mode IEEE 802.11b: 2412 2417 2422 2427 2432 2437 2442 2447 2452 2457 2462 2467 2472
08-15 22:15:05.883   456   475 I chatty  : uid=1000(system) android.fg expire 2 lines
08-15 22:15:05.892  2850  2850 D wpa_supplicant: wlan0: Own MAC address: d4:12:43:04:26:70
08-15 22:15:05.892  2850  2850 D wpa_supplicant: wpa_driver_nl80211_set_key: ifindex=8 (wlan0) alg=0 addr=0x0 key_idx=0 set_tx=0 seq_len=0 key_len=0
08-15 22:15:05.892  2850  2850 D wpa_supplicant: wpa_driver_nl80211_set_key: ifindex=8 (wlan0) alg=0 addr=0x0 key_idx=1 set_tx=0 seq_len=0 key_len=0
08-15 22:15:05.892  2850  2850 D wpa_supplicant: wpa_driver_nl80211_set_key: ifindex=8 (wlan0) alg=0 addr=0x0 key_idx=2 set_tx=0 seq_len=0 key_len=0
08-15 22:15:05.892  2850  2850 D wpa_supplicant: wpa_driver_nl80211_set_key: ifindex=8 (wlan0) alg=0 addr=0x0 key_idx=3 set_tx=0 seq_len=0 key_len=0
08-15 22:15:05.892  2850  2850 D wpa_supplicant: wpa_driver_nl80211_set_key: ifindex=8 (wlan0) alg=0 addr=0x0 key_idx=4 set_tx=0 seq_len=0 key_len=0
08-15 22:15:05.893  2850  2850 D wpa_supplicant: wpa_driver_nl80211_set_key: ifindex=8 (wlan0) alg=0 addr=0x0 key_idx=5 set_tx=0 seq_len=0 key_len=0
08-15 22:15:05.893  2850  2850 D wpa_supplicant: wlan0: RSN: flushing PMKID list in the driver
08-15 22:15:05.893  2850  2850 D wpa_supplicant: nl80211: Flush PMKIDs
08-15 22:15:05.894  2850  2850 D wpa_supplicant: wlan0: State: DISCONNECTED -> INACTIVE
08-15 22:15:05.894  2850  2850 D wpa_supplicant: Notifying state change event to hidl control: 2
08-15 22:15:05.905  2850  2850 D wpa_supplicant: TDLS: TDLS operation supported by driver
08-15 22:15:05.905  2850  2850 D wpa_supplicant: TDLS: Driver uses internal link setup
08-15 22:15:05.905  2850  2850 D wpa_supplicant: TDLS: Driver does not support TDLS channel switching
08-15 22:15:05.906  2850  2850 D wpa_supplicant: wlan0: WPS: UUID based on MAC address: 3c416b2a-480e-556e-8dd8-7796279c0d12
08-15 22:15:05.907  2850  2850 D wpa_supplicant: EAPOL: SUPP_PAE entering state DISCONNECTED
08-15 22:15:05.907  2850  2850 D wpa_supplicant: EAPOL: Supplicant port status: Unauthorized
08-15 22:15:05.907  2850  2850 D wpa_supplicant: nl80211: Skip set_supp_port(unauthorized) while not associated
08-15 22:15:05.907  2850  2850 D wpa_supplicant: EAPOL: KEY_RX entering state NO_KEY_RECEIVE
08-15 22:15:05.907  2850  2850 D wpa_supplicant: EAPOL: SUPP_BE entering state INITIALIZE
08-15 22:15:05.907  2850  2850 D wpa_supplicant: EAP: EAP entering state DISABLED
08-15 22:15:05.907  2850  2850 D wpa_supplicant: Using existing control interface directory.
08-15 22:15:05.908  2850  2850 D wpa_supplicant: nl80211: Setting wowlan
08-15 22:15:05.909  2850  2850 D wpa_supplicant: Registering interface to hidl control: wlan0
08-15 22:15:05.909  2850  2850 D wpa_supplicant: wlan0: Added interface wlan0
08-15 22:15:05.909  2850  2850 D wpa_supplicant: wlan0: State: INACTIVE -> DISCONNECTED
08-15 22:15:05.909  2850  2850 D wpa_supplicant: nl80211: Set wlan0 operstate 0->0 (DORMANT)
08-15 22:15:05.909  2850  2850 D wpa_supplicant: netlink: Operstate: ifindex=8 linkmode=-1 (no change), operstate=5 (IF_OPER_DORMANT)
08-15 22:15:05.909  2850  2850 D wpa_supplicant: Notifying state change event to hidl control: 0
08-15 22:15:05.909  2850  2850 D wpa_supplicant: nl80211: Create interface iftype 10 (P2P_DEVICE)
08-15 22:15:05.911  2850  2850 D wpa_supplicant: nl80211: New P2P Device interface p2p-dev-wlan0 (0x2) created
08-15 22:15:05.911  2850  2850 D wpa_supplicant: Override interface parameter: ctrl_interface ('/data/vendor/wifi/wpa/sockets' -> '/data/vendor/wifi/wpa/sockets')
08-15 22:15:05.911  2850  2850 D wpa_supplicant: Initializing interface 'p2p-dev-wlan0' conf '/data/vendor/wifi/wpa/wpa_supplicant.conf' driver 'nl80211' ctrl_interface '/data/vendor/wifi/wpa/sockets' bridge 'N/A'
08-15 22:15:05.911  2850  2850 D wpa_supplicant: Configuration file '/data/vendor/wifi/wpa/wpa_supplicant.conf' -> '/data/vendor/wifi/wpa/wpa_supplicant.conf'
08-15 22:15:05.911  2850  2850 D wpa_supplicant: Reading configuration file '/data/vendor/wifi/wpa/wpa_supplicant.conf'
08-15 22:15:05.911  2850  2850 D wpa_supplicant: update_config=1
08-15 22:15:05.911  2850  2850 D wpa_supplicant: eapol_version=1
08-15 22:15:05.911  2850  2850 D wpa_supplicant: ap_scan=1
08-15 22:15:05.911  2850  2850 D wpa_supplicant: fast_reauth=1
08-15 22:15:05.911  2850  2850 D wpa_supplicant: pmf=1
08-15 22:15:05.911  2850  2850 D wpa_supplicant: p2p_add_cli_chan=1
08-15 22:15:05.913  2850  2850 D wpa_supplicant: nl80211: TDLS supported
08-15 22:15:05.913  2850  2850 D wpa_supplicant: nl80211: Supported cipher 00-0f-ac:1
08-15 22:15:05.913  2850  2850 D wpa_supplicant: nl80211: Supported cipher 00-0f-ac:5
08-15 22:15:05.913  2850  2850 D wpa_supplicant: nl80211: Supported cipher 00-0f-ac:2
08-15 22:15:05.913  2850  2850 D wpa_supplicant: nl80211: Supported cipher 00-0f-ac:4
08-15 22:15:05.913  2850  2850 D wpa_supplicant: nl80211: Supported cipher 00-0f-ac:6
08-15 22:15:05.913  2850  2850 D wpa_supplicant: nl80211: Supported cipher 00-90-4c:0
08-15 22:15:05.913  2850  2850 D wpa_supplicant: nl80211: Using driver-based off-channel TX
08-15 22:15:05.913  2850  2850 D wpa_supplicant: nl80211: Supported vendor command: vendor_id=0x1018 subcmd=1
08-15 22:15:05.913  2850  2850 D wpa_supplicant: nl80211: Supported vendor command: vendor_id=0x1018 subcmd=2
08-15 22:15:05.913  2850  2850 D wpa_supplicant: nl80211: Supported vendor command: vendor_id=0x1018 subcmd=3
08-15 22:15:05.913  2850  2850 D wpa_supplicant: nl80211: Supported vendor command: vendor_id=0x1a11 subcmd=4096
08-15 22:15:05.913  2850  2850 D wpa_supplicant: nl80211: Supported vendor command: vendor_id=0x1a11 subcmd=4097
08-15 22:15:05.913  2850  2850 D wpa_supplicant: nl80211: Supported vendor command: vendor_id=0x1a11 subcmd=4098
08-15 22:15:05.913  2850  2850 D wpa_supplicant: nl80211: Supported vendor command: vendor_id=0x1a11 subcmd=4099
08-15 22:15:05.913  2850  2850 D wpa_supplicant: nl80211: Supported vendor command: vendor_id=0x1a11 subcmd=4104
08-15 22:15:05.913  2850  2850 D wpa_supplicant: nl80211: Supported vendor command: vendor_id=0x1a11 subcmd=4102
08-15 22:15:05.913  2850  2850 D wpa_supplicant: nl80211: Supported vendor command: vendor_id=0x1a11 subcmd=4100
08-15 22:15:05.913  2850  2850 D wpa_supplicant: nl80211: Supported vendor command: vendor_id=0x1a11 subcmd=4105
08-15 22:15:05.913  2850  2850 D wpa_supplicant: nl80211: Supported vendor command: vendor_id=0x1a11 subcmd=4352
08-15 22:15:05.913  2850  2850 D wpa_supplicant: nl80211: Supported vendor command: vendor_id=0x1a11 subcmd=4353
08-15 22:15:05.913  2850  2850 D wpa_supplicant: nl80211: Supported vendor command: vendor_id=0x1a11 subcmd=4354
08-15 22:15:05.913  2850  2850 D wpa_supplicant: nl80211: Supported vendor command: vendor_id=0x1a11 subcmd=4355
08-15 22:15:05.915  2850  2850 D wpa_supplicant: nl80211: Supported vendor command: vendor_id=0x1a11 subcmd=4356
08-15 22:15:05.915  2850  2850 D wpa_supplicant: nl80211: Supported vendor command: vendor_id=0x1a11 subcmd=4357
08-15 22:15:05.915  2850  2850 D wpa_supplicant: nl80211: Supported vendor command: vendor_id=0x1a11 subcmd=4106
08-15 22:15:05.915  2850  2850 D wpa_supplicant: nl80211: Supported vendor command: vendor_id=0x1a11 subcmd=4107
08-15 22:15:05.915  2850  2850 D wpa_supplicant: nl80211: Supported vendor command: vendor_id=0x1a11 subcmd=4108
08-15 22:15:05.915  2850  2850 D wpa_supplicant: nl80211: Supported vendor command: vendor_id=0x1a11 subcmd=4110
08-15 22:15:05.915  2850  2850 D wpa_supplicant: nl80211: Supported vendor command: vendor_id=0x1a11 subcmd=4608
08-15 22:15:05.915  2850  2850 D wpa_supplicant: nl80211: Supported vendor command: vendor_id=0x1a11 subcmd=4111
08-15 22:15:05.915  2850  2850 D wpa_supplicant: nl80211: Supported vendor command: vendor_id=0x1a11 subcmd=4112
08-15 22:15:05.915  2850  2850 D wpa_supplicant: nl80211: Supported vendor command: vendor_id=0x1a11 subcmd=4113
08-15 22:15:05.915  2850  2850 D wpa_supplicant: nl80211: Supported vendor command: vendor_id=0x1a11 subcmd=4114
08-15 22:15:05.915  2850  2850 D wpa_supplicant: nl80211: Supported vendor command: vendor_id=0x1a11 subcmd=4115
08-15 22:15:05.915  2850  2850 D wpa_supplicant: nl80211: Supported vendor command: vendor_id=0x1a11 subcmd=4116
08-15 22:15:05.915  2850  2850 D wpa_supplicant: nl80211: Supported vendor command: vendor_id=0x1a11 subcmd=5120
08-15 22:15:05.915  2850  2850 D wpa_supplicant: nl80211: Supported vendor command: vendor_id=0x1a11 subcmd=5127
08-15 22:15:05.915  2850  2850 D wpa_supplicant: nl80211: Supported vendor command: vendor_id=0x1a11 subcmd=5121
08-15 22:15:05.915  2850  2850 D wpa_supplicant: nl80211: Supported vendor command: vendor_id=0x1a11 subcmd=5122
08-15 22:15:05.915  2850  2850 D wpa_supplicant: nl80211: Supported vendor command: vendor_id=0x1a11 subcmd=5123
08-15 22:15:05.915  2850  2850 D wpa_supplicant: nl80211: Supported vendor command: vendor_id=0x1a11 subcmd=5124
08-15 22:15:05.915  2850  2850 D wpa_supplicant: nl80211: Supported vendor command: vendor_id=0x1a11 subcmd=5125
08-15 22:15:05.915  2850  2850 D wpa_supplicant: nl80211: Supported vendor command: vendor_id=0x1a11 subcmd=5126
08-15 22:15:05.915  2850  2850 D wpa_supplicant: nl80211: Supported vendor command: vendor_id=0x1a11 subcmd=5130
08-15 22:15:05.915  2850  2850 D wpa_supplicant: nl80211: Supported vendor command: vendor_id=0x1a11 subcmd=5131
08-15 22:15:05.915  2850  2850 D wpa_supplicant: nl80211: Supported vendor command: vendor_id=0x1a11 subcmd=5132
08-15 22:15:05.915  2850  2850 D wpa_supplicant: nl80211: Supported vendor command: vendor_id=0x1a11 subcmd=5632
08-15 22:15:05.915  2850  2850 D wpa_supplicant: nl80211: Supported vendor command: vendor_id=0x1a11 subcmd=5633
08-15 22:15:05.915  2850  2850 D wpa_supplicant: nl80211: Supported vendor command: vendor_id=0x1a11 subcmd=6144
08-15 22:15:05.915  2850  2850 D wpa_supplicant: nl80211: Supported vendor command: vendor_id=0x1a11 subcmd=6145
08-15 22:15:05.915  2850  2850 D wpa_supplicant: nl80211: Supported vendor command: vendor_id=0x1a11 subcmd=4119
08-15 22:15:05.915  2850  2850 D wpa_supplicant: nl80211: Supported vendor command: vendor_id=0x1a11 subcmd=4118
08-15 22:15:05.915  2850  2850 D wpa_supplicant: nl80211: Supported vendor command: vendor_id=0x1a11 subcmd=4120
08-15 22:15:05.915  2850  2850 D wpa_supplicant: nl80211: Supported vendor command: vendor_id=0x1a11 subcmd=5133
08-15 22:15:05.915  2850  2850 D wpa_supplicant: nl80211: Supported vendor event: vendor_id=0x1018 subcmd=0
08-15 22:15:05.915  2850  2850 D wpa_supplicant: nl80211: Supported vendor event: vendor_id=0x1018 subcmd=1
08-15 22:15:05.915  2850  2850 D wpa_supplicant: nl80211: Supported vendor event: vendor_id=0x1a11 subcmd=2
08-15 22:15:05.915  2850  2850 D wpa_supplicant: nl80211: Supported vendor event: vendor_id=0x1a11 subcmd=3
08-15 22:15:05.915  2850  2850 D wpa_supplicant: nl80211: Supported vendor event: vendor_id=0x1a11 subcmd=4
08-15 22:15:05.915  2850  2850 D wpa_supplicant: nl80211: Supported vendor event: vendor_id=0x1a11 subcmd=5
08-15 22:15:05.915  2850  2850 D wpa_supplicant: nl80211: Supported vendor event: vendor_id=0x1a11 subcmd=6
08-15 22:15:05.916  2850  2850 D wpa_supplicant: nl80211: Supported vendor event: vendor_id=0x1a11 subcmd=7
08-15 22:15:05.916  2850  2850 D wpa_supplicant: nl80211: Supported vendor event: vendor_id=0x1a11 subcmd=8
08-15 22:15:05.916  2850  2850 D wpa_supplicant: nl80211: Supported vendor event: vendor_id=0x1a11 subcmd=9
08-15 22:15:05.916  2850  2850 D wpa_supplicant: nl80211: Supported vendor event: vendor_id=0x1a11 subcmd=10
08-15 22:15:05.916  2850  2850 D wpa_supplicant: nl80211: Supported vendor event: vendor_id=0x1a11 subcmd=11
08-15 22:15:05.916  2850  2850 D wpa_supplicant: nl80211: Supported vendor event: vendor_id=0x1a11 subcmd=12
08-15 22:15:05.916  2850  2850 D wpa_supplicant: nl80211: Supported vendor event: vendor_id=0x1a11 subcmd=13
08-15 22:15:05.916  2850  2850 D wpa_supplicant: nl80211: Supported vendor event: vendor_id=0x1a11 subcmd=14
08-15 22:15:05.916  2850  2850 D wpa_supplicant: nl80211: Supported vendor event: vendor_id=0x1a11 subcmd=15
08-15 22:15:05.916  2850  2850 D wpa_supplicant: nl80211: Supported vendor event: vendor_id=0x1a11 subcmd=16
08-15 22:15:05.916  2850  2850 D wpa_supplicant: nl80211: Supported vendor event: vendor_id=0x1a11 subcmd=17
08-15 22:15:05.916  2850  2850 D wpa_supplicant: nl80211: Supported vendor event: vendor_id=0x1a11 subcmd=18
08-15 22:15:05.916  2850  2850 D wpa_supplicant: nl80211: Supported vendor event: vendor_id=0x1a11 subcmd=19
08-15 22:15:05.916  2850  2850 D wpa_supplicant: nl80211: Supported vendor event: vendor_id=0x1a11 subcmd=20
08-15 22:15:05.916  2850  2850 D wpa_supplicant: nl80211: Supported vendor event: vendor_id=0x1a11 subcmd=21
08-15 22:15:05.916  2850  2850 D wpa_supplicant: nl80211: Supported vendor event: vendor_id=0x1a11 subcmd=22
08-15 22:15:05.916  2850  2850 D wpa_supplicant: nl80211: Supported vendor event: vendor_id=0x1a11 subcmd=23
08-15 22:15:05.916  2850  2850 D wpa_supplicant: nl80211: Supported vendor event: vendor_id=0x1a11 subcmd=24
08-15 22:15:05.916  2850  2850 D wpa_supplicant: nl80211: Supported vendor event: vendor_id=0x1a11 subcmd=25
08-15 22:15:05.916  2850  2850 D wpa_supplicant: nl80211: Supported vendor event: vendor_id=0x1a11 subcmd=26
08-15 22:15:05.916  2850  2850 D wpa_supplicant: nl80211: Supported vendor event: vendor_id=0x1a11 subcmd=27
08-15 22:15:05.916  2850  2850 D wpa_supplicant: nl80211: Supported vendor event: vendor_id=0x1a11 subcmd=28
08-15 22:15:05.916  2850  2850 D wpa_supplicant: nl80211: Supported vendor event: vendor_id=0x1a11 subcmd=29
08-15 22:15:05.916  2850  2850 D wpa_supplicant: nl80211: Supported vendor event: vendor_id=0x1a11 subcmd=30
08-15 22:15:05.916  2850  2850 D wpa_supplicant: nl80211: Supported vendor event: vendor_id=0x1a11 subcmd=31
08-15 22:15:05.916  2850  2850 D wpa_supplicant: nl80211: Supported vendor event: vendor_id=0x1a11 subcmd=32
08-15 22:15:05.916  2850  2850 D wpa_supplicant: nl80211: Supported vendor event: vendor_id=0x1018 subcmd=33
08-15 22:15:05.916  2850  2850 D wpa_supplicant: nl80211: Supported vendor event: vendor_id=0x1018 subcmd=34
08-15 22:15:05.916  2850  2850 D wpa_supplicant: nl80211: Supported vendor event: vendor_id=0x1018 subcmd=35
08-15 22:15:05.916  2850  2850 D wpa_supplicant: nl80211: Supported vendor event: vendor_id=0x1018 subcmd=36
08-15 22:15:05.917  2850  2850 D wpa_supplicant: nl80211: Supported vendor event: vendor_id=0x1a11 subcmd=37
08-15 22:15:05.917  2850  2850 D wpa_supplicant: nl80211: Supported vendor event: vendor_id=0x1018 subcmd=38
08-15 22:15:05.917  2850  2850 D wpa_supplicant: nl80211: Supported vendor event: vendor_id=0x1018 subcmd=39
08-15 22:15:05.917  2850  2850 D wpa_supplicant: nl80211: Supported vendor event: vendor_id=0x1a11 subcmd=40
08-15 22:15:05.917  2850  2850 D wpa_supplicant: nl80211: Use separate P2P group interface (driver advertised support)
08-15 22:15:05.917  2850  2850 D wpa_supplicant: nl80211: Enable multi-channel concurrent (driver advertised support)
08-15 22:15:05.917  2850  2850 D wpa_supplicant: nl80211: use P2P_DEVICE support
08-15 22:15:05.917  2850  2850 D wpa_supplicant: nl80211: interface p2p-dev-wlan0 in phy phy0
08-15 22:15:05.919  2850  2850 D wpa_supplicant: nl80211: Set mode ifindex 0 iftype 10 (P2P_DEVICE)
08-15 22:15:05.919  2850  2850 D wpa_supplicant: nl80211: Failed to set interface 0 to mode 10: -22 (Invalid argument)
08-15 22:15:05.919  2850  2850 D wpa_supplicant: nl80211: Subscribe to mgmt frames with non-AP handle 0x7358611f80
08-15 22:15:05.919  2850  2850 D wpa_supplicant: nl80211: Register frame type=0xb0 (WLAN_FC_STYPE_AUTH) nl_handle=0x7358611f80 match=
08-15 22:15:05.920  2850  2850 D wpa_supplicant: nl80211: Register frame command failed (type=176): ret=-22 (Invalid argument)
08-15 22:15:05.920  2850  2850 D wpa_supplicant: nl80211: Register frame match - hexdump(len=0): [NULL]
08-15 22:15:05.920  2850  2850 D wpa_supplicant: nl80211: Register frame type=0xd0 (WLAN_FC_STYPE_ACTION) nl_handle=0x7358611f80 match=0104
08-15 22:15:05.920  2850  2850 D wpa_supplicant: nl80211: Register frame type=0xd0 (WLAN_FC_STYPE_ACTION) nl_handle=0x7358611f80 match=040a
08-15 22:15:05.920  2850  2850 D wpa_supplicant: nl80211: Register frame type=0xd0 (WLAN_FC_STYPE_ACTION) nl_handle=0x7358611f80 match=040b
08-15 22:15:05.920  2850  2850 D wpa_supplicant: nl80211: Register frame type=0xd0 (WLAN_FC_STYPE_ACTION) nl_handle=0x7358611f80 match=040c
08-15 22:15:05.920  2850  2850 D wpa_supplicant: nl80211: Register frame type=0xd0 (WLAN_FC_STYPE_ACTION) nl_handle=0x7358611f80 match=040d
08-15 22:15:05.920  2850  2850 D wpa_supplicant: nl80211: Register frame type=0xd0 (WLAN_FC_STYPE_ACTION) nl_handle=0x7358611f80 match=090a
08-15 22:15:05.920  2850  2850 D wpa_supplicant: nl80211: Register frame type=0xd0 (WLAN_FC_STYPE_ACTION) nl_handle=0x7358611f80 match=090b
08-15 22:15:05.920  2850  2850 D wpa_supplicant: nl80211: Register frame type=0xd0 (WLAN_FC_STYPE_ACTION) nl_handle=0x7358611f80 match=090c
08-15 22:15:05.920  2850  2850 D wpa_supplicant: nl80211: Register frame type=0xd0 (WLAN_FC_STYPE_ACTION) nl_handle=0x7358611f80 match=090d
08-15 22:15:05.920  2850  2850 D wpa_supplicant: nl80211: Register frame type=0xd0 (WLAN_FC_STYPE_ACTION) nl_handle=0x7358611f80 match=0409506f9a09
08-15 22:15:05.920  2850  2850 D wpa_supplicant: nl80211: Register frame type=0xd0 (WLAN_FC_STYPE_ACTION) nl_handle=0x7358611f80 match=7f506f9a09
08-15 22:15:05.920  2850  2850 D wpa_supplicant: nl80211: Register frame type=0xd0 (WLAN_FC_STYPE_ACTION) nl_handle=0x7358611f80 match=0409506f9a1a
08-15 22:15:05.920  2850  2850 D wpa_supplicant: nl80211: Register frame type=0xd0 (WLAN_FC_STYPE_ACTION) nl_handle=0x7358611f80 match=0801
08-15 22:15:05.920  2850  2850 D wpa_supplicant: nl80211: Register frame type=0xd0 (WLAN_FC_STYPE_ACTION) nl_handle=0x7358611f80 match=040e
08-15 22:15:05.920  2850  2850 D wpa_supplicant: nl80211: Register frame type=0xd0 (WLAN_FC_STYPE_ACTION) nl_handle=0x7358611f80 match=06
08-15 22:15:05.921  2850  2850 D wpa_supplicant: nl80211: Register frame type=0xd0 (WLAN_FC_STYPE_ACTION) nl_handle=0x7358611f80 match=0a07
08-15 22:15:05.921  2850  2850 D wpa_supplicant: nl80211: Register frame type=0xd0 (WLAN_FC_STYPE_ACTION) nl_handle=0x7358611f80 match=0a11
08-15 22:15:05.921  2850  2850 D wpa_supplicant: nl80211: Register frame type=0xd0 (WLAN_FC_STYPE_ACTION) nl_handle=0x7358611f80 match=0a0b
08-15 22:15:05.921  2850  2850 D wpa_supplicant: nl80211: Register frame type=0xd0 (WLAN_FC_STYPE_ACTION) nl_handle=0x7358611f80 match=0a1a
08-15 22:15:05.921  2850  2850 D wpa_supplicant: nl80211: Register frame type=0xd0 (WLAN_FC_STYPE_ACTION) nl_handle=0x7358611f80 match=1101
08-15 22:15:05.921  2850  2850 D wpa_supplicant: nl80211: Register frame type=0xd0 (WLAN_FC_STYPE_ACTION) nl_handle=0x7358611f80 match=1102
08-15 22:15:05.921  2850  2850 D wpa_supplicant: nl80211: Register frame type=0xd0 (WLAN_FC_STYPE_ACTION) nl_handle=0x7358611f80 match=0505
08-15 22:15:05.921  2850  2850 D wpa_supplicant: nl80211: Register frame type=0xd0 (WLAN_FC_STYPE_ACTION) nl_handle=0x7358611f80 match=0500
08-15 22:15:05.922  2850  2850 I wpa_supplicant: rfkill: Cannot get wiphy information
08-15 22:15:05.922  2850  2850 D wpa_supplicant: nl80211: RFKILL status not available
08-15 22:15:05.927  2850  2850 D wpa_supplicant: nl80211: Start P2P Device p2p-dev-wlan0 (0x2): Success
08-15 22:15:05.928  2850  2850 D wpa_supplicant: Add interface p2p-dev-wlan0 to existing radio phy0
08-15 22:15:05.928  2850  2850 D wpa_supplicant: nl80211: Regulatory information - country=00
08-15 22:15:05.928  2850  2850 D wpa_supplicant: nl80211: 2402-2472 @ 40 MHz 20 mBm
08-15 22:15:05.928  2850  2850 D wpa_supplicant: nl80211: 2457-2482 @ 20 MHz 20 mBm (no IR)
08-15 22:15:05.928  2850  2850 D wpa_supplicant: nl80211: 2474-2494 @ 20 MHz 20 mBm (no OFDM) (no IR)
08-15 22:15:05.928  2850  2850 D wpa_supplicant: nl80211: 5170-5250 @ 80 MHz 20 mBm (no IR)
08-15 22:15:05.928  2850  2850 D wpa_supplicant: nl80211: 5250-5330 @ 80 MHz 20 mBm (DFS) (no IR)
08-15 22:15:05.928  2850  2850 D wpa_supplicant: nl80211: 5490-5730 @ 160 MHz 20 mBm (DFS) (no IR)
08-15 22:15:05.928  2850  2850 D wpa_supplicant: nl80211: 5735-5835 @ 80 MHz 20 mBm (no IR)
08-15 22:15:05.929  2850  2850 D wpa_supplicant: nl80211: 57240-63720 @ 2160 MHz 0 mBm
08-15 22:15:05.929  2850  2850 D wpa_supplicant: nl80211: Added 802.11b mode based on 802.11g information
08-15 22:15:05.929  2850  2850 D wpa_supplicant: nl80211: Mode IEEE 802.11g: 2412 2417 2422 2427 2432 2437 2442 2447 2452 2457 2462 2467 2472
08-15 22:15:05.929  2850  2850 D wpa_supplicant: nl80211: Mode IEEE 802.11b: 2412 2417 2422 2427 2432 2437 2442 2447 2452 2457 2462 2467 2472
08-15 22:15:05.929  2850  2850 D wpa_supplicant: p2p-dev-wlan0: Own MAC address: d6:12:43:04:26:70
08-15 22:15:05.929  2850  2850 D wpa_supplicant: p2p-dev-wlan0: RSN: flushing PMKID list in the driver
08-15 22:15:05.929  2850  2850 D wpa_supplicant: nl80211: Flush PMKIDs
08-15 22:15:05.929  2850  2850 D wpa_supplicant: p2p-dev-wlan0: State: DISCONNECTED -> INACTIVE
08-15 22:15:05.929  2850  2850 D wpa_supplicant: p2p-dev-wlan0: WPS: UUID from the first interface: 3c416b2a-480e-556e-8dd8-7796279c0d12
08-15 22:15:05.929  2850  2850 D wpa_supplicant: EAPOL: SUPP_PAE entering state DISCONNECTED
08-15 22:15:05.929  2850  2850 D wpa_supplicant: EAPOL: Supplicant port status: Unauthorized
08-15 22:15:05.929  2850  2850 D wpa_supplicant: nl80211: Skip set_supp_port(unauthorized) while not associated
08-15 22:15:05.929  2850  2850 D wpa_supplicant: EAPOL: KEY_RX entering state NO_KEY_RECEIVE
08-15 22:15:05.929  2850  2850 D wpa_supplicant: EAPOL: SUPP_BE entering state INITIALIZE
08-15 22:15:05.929  2850  2850 D wpa_supplicant: EAP: EAP entering state DISABLED
08-15 22:15:05.929  2850  2850 D wpa_supplicant: Using existing control interface directory.
08-15 22:15:05.930  2850  2850 D wpa_supplicant: P2P: Add operating class 81
08-15 22:15:05.930  2850  2850 D wpa_supplicant: P2P: Channels - hexdump(len=13): 01 02 03 04 05 06 07 08 09 0a 0b 0c 0d
08-15 22:15:05.930  2850  2850 D wpa_supplicant: P2P: Own listen channel: 81:11
08-15 22:15:05.930  2850  2850 D wpa_supplicant: P2P: Random operating channel: 81:6
08-15 22:15:05.930  2850  2850 D wpa_supplicant: P2P: initialized
08-15 22:15:05.930  2850  2850 D wpa_supplicant: P2P: channels: 81:1,2,3,4,5,6,7,8,9,10,11,12,13
08-15 22:15:05.930  2850  2850 D wpa_supplicant: P2P: cli_channels:
08-15 22:15:05.930  2850  2850 D wpa_supplicant: Registering interface to hidl control: p2p-dev-wlan0
08-15 22:15:05.930  2850  2850 D wpa_supplicant: p2p-dev-wlan0: Added interface p2p-dev-wlan0
08-15 22:15:05.930  2850  2850 D wpa_supplicant: p2p-dev-wlan0: State: INACTIVE -> DISCONNECTED
08-15 22:15:05.931  2850  2850 D wpa_supplicant: nl80211: Set p2p-dev-wlan0 operstate 0->0 (DORMANT)
08-15 22:15:05.931  2850  2850 D wpa_supplicant: netlink: Operstate: ifindex=0 linkmode=-1 (no change), operstate=5 (IF_OPER_DORMANT)
08-15 22:15:05.931  2850  2850 D wpa_supplicant: p2p-dev-wlan0: Determining shared radio frequencies (max len 2)
08-15 22:15:05.931  2850  2850 D wpa_supplicant: p2p-dev-wlan0: Shared frequencies (len=0): completed iteration
08-15 22:15:05.931  2850  2850 D wpa_supplicant: P2P: Add operating class 81
08-15 22:15:05.931  2850  2850 D wpa_supplicant: P2P: Channels - hexdump(len=13): 01 02 03 04 05 06 07 08 09 0a 0b 0c 0d
08-15 22:15:05.931  2850  2850 D wpa_supplicant: P2P: Update channel list
08-15 22:15:05.931  2850  2850 D wpa_supplicant: P2P: channels: 81:1,2,3,4,5,6,7,8,9,10,11,12,13
08-15 22:15:05.931  2850  2850 D wpa_supplicant: P2P: cli_channels:
08-15 22:15:05.934  2850  2850 D wpa_supplicant: RTM_NEWLINK: ifi_index=8 ifname=wlan0 operstate=5 linkmode=0 ifi_family=0 ifi_flags=0x11003 ([UP][LOWER_UP])
08-15 22:15:05.934  2850  2850 D wpa_supplicant: RTM_NEWLINK: ifi_index=8 ifname=wlan0 operstate=5 linkmode=1 ifi_family=0 ifi_flags=0x11003 ([UP][LOWER_UP])
08-15 22:15:05.943   266   266 I netd    : interfaceGetCfg("wlan0") <0.48ms>
08-15 22:15:05.945   266   266 I netd    : interfaceClearAddrs("wlan0") <0.58ms>
08-15 22:15:05.946   704   704 I IpClient.eth0: type=1400 audit(0.0:221): avc: denied { read } for path="socket:[25866]" dev="sockfs" ino=25866 scontext=u:r:zygote:s0 tcontext=u:r:zygote:s0 tclass=netlink_route_socket permissive=1
08-15 22:15:05.946   266   266 I netd    : interfaceSetIPv6PrivacyExtensions("wlan0", "true") <0.27ms>
08-15 22:15:05.947   266   266 I netd    : interfaceSetEnableIPv6("wlan0", "false") <0.40ms>
08-15 22:15:05.961   291   291 D WifiHAL : In DebugCommand::handleResponse
08-15 22:15:05.961   291   291 D WifiHAL : len = 4, expected len = 4
08-15 22:15:05.963   291   291 D WifiHAL : In DebugCommand::handleResponse
08-15 22:15:05.963   291   291 D WifiHAL : len = 4, expected len = 4
08-15 22:15:05.966   456   567 I chatty  : uid=1000(system) ClientModeImpl expire 8 lines
08-15 22:15:05.967   266   266 I netd    : interfaceGetCfg("wlan0") <0.36ms>
08-15 22:15:05.970   456   456 I chatty  : uid=1000 system_server expire 2 lines
08-15 22:15:05.971   456   568 I chatty  : uid=1000(system) WifiP2pService expire 1 line
08-15 22:15:05.971   456   567 I chatty  : uid=1000(system) ClientModeImpl expire 1 line
08-15 22:15:05.973   704   704 I Binder:704_3: type=1400 audit(0.0:222): avc: denied { call } for scontext=u:r:zygote:s0 tcontext=u:r:system_server:s0 tclass=binder permissive=1
08-15 22:15:05.977   704   704 I Binder:704_3: type=1400 audit(0.0:223): avc: denied { transfer } for scontext=u:r:zygote:s0 tcontext=u:r:system_server:s0 tclass=binder permissive=1
08-15 22:15:05.978   704   704 I IpClient.wlan0: type=1400 audit(0.0:224): avc: denied { call } for scontext=u:r:zygote:s0 tcontext=u:r:netd:s0 tclass=binder permissive=1
08-15 22:15:05.978   456   534 I chatty  : uid=1000(system) Binder:456_3 expire 1 line
08-15 22:15:05.979   266   266 W ServiceManager: Permission failure: android.permission.NETWORK_STACK from uid=1073 pid=704
08-15 22:15:05.980   266   266 I netd    : interfaceSetEnableIPv6("wlan0", "false") <1.43ms>
08-15 22:15:05.982   266   266 W ServiceManager: Permission failure: android.permission.NETWORK_STACK from uid=1073 pid=704
08-15 22:15:05.983   266   266 I netd    : interfaceClearAddrs("wlan0") <1.67ms>
08-15 22:15:05.984   456   567 I chatty  : uid=1000(system) ClientModeImpl expire 4 lines
08-15 22:15:05.985   291   291 D WifiHAL : Sending mac address OUI
08-15 22:15:05.986  2850  2850 E /vendor/bin/hw/wpa_supplicant: check_wifi_chip_type_string : APXXX: Try again
08-15 22:15:05.992   291   291 E android.hardware.wifi@1.0-service: check_wifi_chip_type_string : APXXX: Operation not permitted
08-15 22:15:06.002   456   568 I chatty  : uid=1000(system) WifiP2pService expire 2 lines
08-15 22:15:06.008   456   595 I chatty  : uid=1000(system) HwBinder:456_3 expire 3 lines
08-15 22:15:06.012  2850  2850 I wpa_supplicant: wlan0: CTRL-EVENT-REGDOM-CHANGE init=USER type=COUNTRY alpha2=JP
08-15 22:15:06.018   291   291 D WifiHAL : Start get packet fate command
08-15 22:15:06.018   291   291 D WifiHAL : createRequest Monitor packet fate request
08-15 22:15:06.019   291   291 D WifiHAL : In DebugCommand::handleResponse
08-15 22:15:06.019   291   291 D WifiHAL : len = 72, expected len = 256
08-15 22:15:06.019   291   291 D WifiHAL : In DebugCommand::handleResponse
08-15 22:15:06.019   291   291 D WifiHAL : len = 168, expected len = 256
08-15 22:15:06.021   456   570 I chatty  : uid=1000(system) WifiScanningSer expire 1 line
08-15 22:15:06.021   291   291 D WifiHAL : In DebugCommand::handleResponse
08-15 22:15:06.071   456   567 D WifiDiags: startLogging() iface list is {wlan0} after adding wlan0
08-15 22:15:06.096   456   567 D WakeupController: reset()
08-15 22:15:06.096   456   567 D WifiConnectivityHelper: Firmware supported feature set: b8310419
08-15 22:15:06.097   456   567 D WifiConnectivityHelper: Firmware roaming is not supported
08-15 22:15:06.097   456   567 I WifiClientModeImpl: disconnectedstate enter
08-15 22:15:06.111   456   568 I android_os_HwBinder: HwBinder: Starting thread pool for getting: android.hardware.wifi.supplicant@1.0::ISupplicant/default
08-15 22:15:06.114   456   568 D SupplicantP2pIfaceHal: entering addInterface({.type = P2P, .name = p2p-dev-wlan0})
08-15 22:15:06.117   456   568 I android_os_HwBinder: HwBinder: Starting thread pool for getting: android.hardware.wifi.supplicant@1.0::ISupplicant/default
08-15 22:15:06.122   456   568 W SupplicantP2pIfaceHal: addInterface({.type = P2P, .name = p2p-dev-wlan0}) failed: 5 ()
08-15 22:15:06.125   456   568 D SupplicantP2pIfaceHal: leaving addInterface({.type = P2P, .name = p2p-dev-wlan0}) with result = android.hardware.wifi.supplicant@1.2::ISupplicantP2pIface@Proxy
08-15 22:15:06.128   456   568 D SupplicantP2pIfaceHal: entering registerCallback()
08-15 22:15:06.131   456   568 D SupplicantP2pIfaceHal: registerCallback() completed successfully.
08-15 22:15:06.131   456   568 D SupplicantP2pIfaceHal: leaving registerCallback()
08-15 22:15:06.131   456   568 I WifiP2pNative: P2P interface setup completed
08-15 22:15:06.139   456   568 D SupplicantP2pIfaceHal: entering setMacRandomization(false)
08-15 22:15:06.140  2850  2850 E wpa_supplicant: Dedicated P2P device don't support MAC randomization
08-15 22:15:06.140   456   568 W SupplicantP2pIfaceHal: setMacRandomization(false) failed: 2 (NotSupported)
08-15 22:15:06.140   456   568 D SupplicantP2pIfaceHal: leaving setMacRandomization(false)
08-15 22:15:06.143   266   266 W InterfaceController: Failed to retrieve HW addr for p2p-dev-wlan0 (No such device)
08-15 22:15:06.143   266   266 I netd    : interfaceGetCfg("p2p-dev-wlan0") <2.71ms>
08-15 22:15:06.146   266   266 I netd    : interfaceSetCfg() -> ServiceSpecificException(19, "[No such device] : ioctl() failed") <0.75ms>
08-15 22:15:06.147   456   568 E WifiP2pService: Unable to change interface settings: java.lang.IllegalStateException: android.os.ServiceSpecificException: [No such device] : ioctl() failed (code 19)
08-15 22:15:06.149   456   568 D SupplicantP2pIfaceHal: entering setWpsDeviceName(Android_57df)
08-15 22:15:06.151   456   568 D SupplicantP2pIfaceHal: setWpsDeviceName(Android_57df) completed successfully.
08-15 22:15:06.151   456   568 D SupplicantP2pIfaceHal: leaving setWpsDeviceName(Android_57df)
08-15 22:15:06.151   456   568 D SupplicantP2pIfaceHal: entering setSsidPostfix(-Android_57df)
08-15 22:15:06.152   456   568 D SupplicantP2pIfaceHal: setSsidPostfix(-Android_57df) completed successfully.
08-15 22:15:06.152   456   568 D SupplicantP2pIfaceHal: leaving setSsidPostfix(-Android_57df)
08-15 22:15:06.152   456   568 D SupplicantP2pIfaceHal: entering setWpsDeviceType(10-0050F204-5)
08-15 22:15:06.153   456   568 D SupplicantP2pIfaceHal: setWpsDeviceType(10-0050F204-5) completed successfully.
08-15 22:15:06.153   456   568 D SupplicantP2pIfaceHal: leaving setWpsDeviceType(10-0050F204-5)
08-15 22:15:06.153   456   568 D SupplicantP2pIfaceHal: entering setWpsConfigMethods(virtual_push_button physical_display keypad)
08-15 22:15:06.154   456   568 D SupplicantP2pIfaceHal: setWpsConfigMethods(virtual_push_button physical_display keypad) completed successfully.
08-15 22:15:06.154   456   568 D SupplicantP2pIfaceHal: leaving setWpsConfigMethods(virtual_push_button physical_display keypad)
08-15 22:15:06.154   456   568 D SupplicantP2pIfaceHal: entering getDeviceAddress()
08-15 22:15:06.154   456   568 D SupplicantP2pIfaceHal: getDeviceAddress() completed successfully.
08-15 22:15:06.154   456   568 D SupplicantP2pIfaceHal: leaving getDeviceAddress() with result = d6:12:43:04:26:70
08-15 22:15:06.156   456   568 D SupplicantP2pIfaceHal: entering flush()
08-15 22:15:06.158   456   568 D SupplicantP2pIfaceHal: flush() completed successfully.
08-15 22:15:06.158   456   568 D SupplicantP2pIfaceHal: leaving flush()
08-15 22:15:06.158   456   568 D SupplicantP2pIfaceHal: entering serviceFlush()
08-15 22:15:06.159   456   568 D SupplicantP2pIfaceHal: serviceFlush() completed successfully.
08-15 22:15:06.159   456   568 D SupplicantP2pIfaceHal: leaving serviceFlush()
08-15 22:15:06.159   456   568 D SupplicantP2pIfaceHal: entering listNetworks()
08-15 22:15:06.160   456   568 D SupplicantP2pIfaceHal: listNetworks() completed successfully.
08-15 22:15:06.160   456   568 D SupplicantP2pIfaceHal: leaving listNetworks() with result = []
08-15 22:15:06.160   456   568 D SupplicantP2pIfaceHal: entering saveConfig()
08-15 22:15:06.173   456   568 D SupplicantP2pIfaceHal: saveConfig() completed successfully.
08-15 22:15:06.173   456   568 D SupplicantP2pIfaceHal: leaving saveConfig()
08-15 22:15:06.174   456   568 D WifiP2pNative: P2P InterfaceAvailableListener false
08-15 22:15:06.174   456   568 I WifiP2pNative: Masking interface non-availability callback because we created a P2P iface
08-15 22:15:07.275   456   953 D WificondControl: Scan result ready event
08-15 22:15:07.349   863   863 D WifiSettings: onAccessPointsChanged (WifiTracker) callback initiated
08-15 22:15:08.029   456   552 W ActivityManager: Unable to start service Intent { act=com.google.android.gms.drive.ApiService.RESET_AFTER_BOOT flg=0x4 cmp=com.google.android.gms/.drive.api.ApiService (has extras) } U=0: not found
08-15 22:15:09.449   863   936 D mali_winsys: EGLint new_window_surface(egl_winsys_display *, void *, EGLSurface, EGLConfig, egl_winsys_surface **, egl_color_buffer_format *, EGLBoolean) returns 0x3000
08-15 22:15:09.454   281   977 I GRALLOC-ROCKCHIP: [File] : hardware/rockchip/libgralloc/midgard/gralloc_drm_rockchip.cpp; [Line] : 2197; [Func] : drm_gem_rockchip_alloc;
08-15 22:15:09.454   281   977 I GRALLOC-ROCKCHIP: dmabuf_name : 977_1080320_22:15:09.454
08-15 22:15:09.458   281   977 I GRALLOC-ROCKCHIP: [File] : hardware/rockchip/libgralloc/midgard/gralloc_drm_rockchip.cpp; [Line] : 2197; [Func] : drm_gem_rockchip_alloc;
08-15 22:15:09.458   281   977 I GRALLOC-ROCKCHIP: dmabuf_name : 977_1080320_22:15:09.458
08-15 22:15:09.461   281   281 I GRALLOC-ROCKCHIP: [File] : hardware/rockchip/libgralloc/midgard/gralloc_drm_rockchip.cpp; [Line] : 2197; [Func] : drm_gem_rockchip_alloc;
08-15 22:15:09.461   281   281 I GRALLOC-ROCKCHIP: dmabuf_name : 281_1080320_22:15:09.461
08-15 22:15:09.486   281   281 I GRALLOC-ROCKCHIP: [File] : hardware/rockchip/libgralloc/midgard/gralloc_drm_rockchip.cpp; [Line] : 2197; [Func] : drm_gem_rockchip_alloc;
08-15 22:15:09.486   281   281 I GRALLOC-ROCKCHIP: dmabuf_name : 281_1105920_22:15:09.486
08-15 22:15:09.495   863   936 D         : set stream to NULL
08-15 22:15:09.496   863   936 I chatty  : uid=1000(system) RenderThread identical 1 line
08-15 22:15:09.500   863   936 D         : set stream to NULL
08-15 22:15:09.519   281   281 I GRALLOC-ROCKCHIP: [File] : hardware/rockchip/libgralloc/midgard/gralloc_drm_rockchip.cpp; [Line] : 2197; [Func] : drm_gem_rockchip_alloc;
08-15 22:15:09.519   281   281 I GRALLOC-ROCKCHIP: dmabuf_name : 281_1105920_22:15:09.519
08-15 22:15:09.528   863   863 E ndroid.setting: Invalid ID 0x00000000.
08-15 22:15:09.531   863   863 I AssistStructure: Flattened final assist data: 6164 bytes, containing 2 windows, 49 views
08-15 22:15:09.565   995   995 I KeyboardViewUtil: systemKeyboardHeightRatio:1.000000; userKeyboardHeightRatio:1.000000.
08-15 22:15:09.569   995   995 I AndroidIME: PasswordIme.onActivate() : EditorInfo = Package = com.android.settings : Type = Text : Learning = Disable : Suggestion = Show : AutoCorrection = Disable : Microphone = Show : NoPersonalizedLearning = Disable
08-15 22:15:09.572   995   995 W KeyboardModeManager: setInputView() : inputView = com.google.android.apps.inputmethod.libs.framework.core.InputView{46ba8c4 V.E...... ......I. 0,0-0,0}
08-15 22:15:09.576   995   995 I FeaturePermissions: disableFeaturesWithDeniedPermissions() : Disable import_user_contacts
08-15 22:15:09.577   995   995 I FeaturePermissions: onSharedPreferenceChanged() : Disable FeatureInfo : Description = 2131954395 : Permissions=[android.permission.READ_CONTACTS] : Listeners=[dfe@e9d156e, cli@8ae479d]
08-15 22:15:09.580   995   995 I CurrentMicStatusHolder: Current Mic status = {MicIconHidden-VoiceInputUnAvailable,}
08-15 22:15:09.610   995   995 I PhenotypeExperimentConfiguration: refreshConfiguration() : Force = false : UpdateAvailable = false : Age = 1 minutes : MaxAge = 720 minutes
08-15 22:15:09.611   995   995 I AndroidIME: PasswordIme.onDeactivate()
08-15 22:15:09.682   995   995 I KeyboardViewUtil: systemKeyboardHeightRatio:1.000000; userKeyboardHeightRatio:1.000000.
08-15 22:15:09.682   995   995 I AndroidIME: PasswordIme.onActivate() : EditorInfo = Package = com.android.settings : Type = Password : Learning = Disable : Suggestion = Hide : AutoCorrection = Disable : Microphone = Hide : NoPersonalizedLearning = Disable
08-15 22:15:09.683   995   995 W KeyboardModeManager: setInputView() : inputView = com.google.android.apps.inputmethod.libs.framework.core.InputView{46ba8c4 V.E...... ......I. 0,0-0,0}
08-15 22:15:09.687   995   995 I CurrentMicStatusHolder: Current Mic status = {MicIconHidden-VoiceInputUnAvailable,MicIconHidden-PasswordOrNumberOrDateInputType,}
08-15 22:15:09.709   995  2869 I mali_so : [File] : hardware/rockchip/mali_so/driver/product/base/src/mali_base_kbase.c; [Line] : 876; [Func] : base_context_deal_with_version_affairs_rk_ext;
08-15 22:15:09.709   995  2869 I mali_so : arm_release_ver of this mali_so is 'r18p0-01rel0', rk_so_ver is '17@0'.
08-15 22:15:09.709   995  2869 D mali_so : [File] : hardware/rockchip/mali_so/driver/product/base/src/mali_base_kbase.c; [Line] : 881; [Func] : base_context_deal_with_version_affairs_rk_ext;
08-15 22:15:09.709   995  2869 D mali_so : current process is NOT sf, to bail out.
08-15 22:15:09.765   158   158 I hwservicemanager: getTransport: Cannot find entry android.hardware.configstore@1.0::ISurfaceFlingerConfigs/default in either framework or device manifest.
08-15 22:15:09.786   995  2869 D mali_winsys: EGLint new_window_surface(egl_winsys_display *, void *, EGLSurface, EGLConfig, egl_winsys_surface **, egl_color_buffer_format *, EGLBoolean) returns 0x3000
08-15 22:15:09.815   281   281 I GRALLOC-ROCKCHIP: [File] : hardware/rockchip/libgralloc/midgard/gralloc_drm_rockchip.cpp; [Line] : 2197; [Func] : drm_gem_rockchip_alloc;
08-15 22:15:09.815   281   281 I GRALLOC-ROCKCHIP: dmabuf_name : 281_3973120_22:15:09.815
08-15 22:15:09.825   281   977 I GRALLOC-ROCKCHIP: [File] : hardware/rockchip/libgralloc/midgard/gralloc_drm_rockchip.cpp; [Line] : 2197; [Func] : drm_gem_rockchip_alloc;
08-15 22:15:09.825   281   977 I GRALLOC-ROCKCHIP: dmabuf_name : 977_4014080_22:15:09.825
08-15 22:15:09.828   158   158 I hwservicemanager: getTransport: Cannot find entry android.hardware.graphics.mapper@3.0::IMapper/default in either framework or device manifest.
08-15 22:15:09.829   995  2869 W Gralloc3: mapper 3.x is not supported
08-15 22:15:09.830   995  1010 I putmethod.lati: Background young concurrent copying GC freed 43377(1670KB) AllocSpace objects, 9(372KB) LOS objects, 15% free, 6813KB/8063KB, paused 137us total 146.089ms
08-15 22:15:09.834   995  2869 D GRALLOC-ROCKCHIP: RK_GRAPHICS_VER=commit-id:344c4dd
08-15 22:15:09.836   281   281 I GRALLOC-ROCKCHIP: [File] : hardware/rockchip/libgralloc/midgard/gralloc_drm_rockchip.cpp; [Line] : 2197; [Func] : drm_gem_rockchip_alloc;
08-15 22:15:09.836   281   281 I GRALLOC-ROCKCHIP: dmabuf_name : 281_3973120_22:15:09.836
08-15 22:15:09.845   281   977 I GRALLOC-ROCKCHIP: [File] : hardware/rockchip/libgralloc/midgard/gralloc_drm_rockchip.cpp; [Line] : 2197; [Func] : drm_gem_rockchip_alloc;
08-15 22:15:09.845   281   977 I GRALLOC-ROCKCHIP: dmabuf_name : 977_3973120_22:15:09.844
08-15 22:15:09.848   995  2869 D         : set stream to NULL
08-15 22:15:09.850   995  2869 I chatty  : uid=10106(com.google.android.inputmethod.latin) RenderThread identical 1 line
08-15 22:15:09.854   995  2869 D         : set stream to NULL
08-15 22:15:09.885   281   977 I GRALLOC-ROCKCHIP: [File] : hardware/rockchip/libgralloc/midgard/gralloc_drm_rockchip.cpp; [Line] : 2197; [Func] : drm_gem_rockchip_alloc;
08-15 22:15:09.885   281   977 I GRALLOC-ROCKCHIP: dmabuf_name : 977_4014080_22:15:09.885
08-15 22:15:09.901   995   995 W AndroidIME: Inflate keyboard layout:com.google.android.inputmethod.latin:layout/keyboard_password_header
08-15 22:15:09.933   995   995 W AndroidIME: Inflate keyboard layout:com.google.android.inputmethod.latin:layout/keyboard_latin_tablet_11_10_11_body
08-15 22:15:09.962   995   995 I KeyboardViewHelper: Get view with height ratio:1.000000; experiment height ratio:1.000000.
08-15 22:15:10.022   995   995 W AndroidIME: Inflate keyboard layout:com.google.android.inputmethod.latin:layout/keyboard_inline_suggestion
08-15 22:15:10.033   281   977 I GRALLOC-ROCKCHIP: [File] : hardware/rockchip/libgralloc/midgard/gralloc_drm_rockchip.cpp; [Line] : 2197; [Func] : drm_gem_rockchip_alloc;
08-15 22:15:10.033   281   977 I GRALLOC-ROCKCHIP: dmabuf_name : 977_1105920_22:15:10.033
08-15 22:15:10.114   281   977 I GRALLOC-ROCKCHIP: [File] : hardware/rockchip/libgralloc/midgard/gralloc_drm_rockchip.cpp; [Line] : 2197; [Func] : drm_gem_rockchip_alloc;
08-15 22:15:10.114   281   977 I GRALLOC-ROCKCHIP: dmabuf_name : 977_4014080_22:15:10.114
08-15 22:15:10.131   995  2869 D         : set stream to NULL
08-15 22:15:10.190   995  2869 I chatty  : uid=10106(com.google.android.inputmethod.latin) RenderThread identical 13 lines
08-15 22:15:10.194   995  2869 D         : set stream to NULL
08-15 22:15:10.210   183   490 E BufferQueueProducer: [L'Osti d'Imprimante#0] disconnect: not connected (req=1)
08-15 22:15:10.212   863   936 W libEGL  : EGLNativeWindowType 0x7aba49bbd0 disconnect failed
08-15 22:15:10.214   995  2869 D mali_winsys: EGLint new_window_surface(egl_winsys_display *, void *, EGLSurface, EGLConfig, egl_winsys_surface **, egl_color_buffer_format *, EGLBoolean) returns 0x3000
08-15 22:15:10.214   863   936 D mali_winsys: EGLint new_window_surface(egl_winsys_display *, void *, EGLSurface, EGLConfig, egl_winsys_surface **, egl_color_buffer_format *, EGLBoolean) returns 0x3000
08-15 22:15:10.214   281   977 I GRALLOC-ROCKCHIP: [File] : hardware/rockchip/libgralloc/midgard/gralloc_drm_rockchip.cpp; [Line] : 2197; [Func] : drm_gem_rockchip_alloc;
08-15 22:15:10.214   281   977 I GRALLOC-ROCKCHIP: dmabuf_name : 977_1408_22:15:10.214
08-15 22:15:10.215   281   977 I GRALLOC-ROCKCHIP: [File] : hardware/rockchip/libgralloc/midgard/gralloc_drm_rockchip.cpp; [Line] : 2197; [Func] : drm_gem_rockchip_alloc;
08-15 22:15:10.215   281   977 I GRALLOC-ROCKCHIP: dmabuf_name : 977_1408_22:15:10.215
08-15 22:15:10.217   281   977 I GRALLOC-ROCKCHIP: [File] : hardware/rockchip/libgralloc/midgard/gralloc_drm_rockchip.cpp; [Line] : 2197; [Func] : drm_gem_rockchip_alloc;
08-15 22:15:10.217   281   977 I GRALLOC-ROCKCHIP: dmabuf_name : 977_1408_22:15:10.217
08-15 22:15:10.232   281   977 I GRALLOC-ROCKCHIP: [File] : hardware/rockchip/libgralloc/midgard/gralloc_drm_rockchip.cpp; [Line] : 2197; [Func] : drm_gem_rockchip_alloc;
08-15 22:15:10.232   281   977 I GRALLOC-ROCKCHIP: dmabuf_name : 977_1064960_22:15:10.232
08-15 22:15:10.267   995  2884 I FederatedC2QExtension: onCreateInternal()
08-15 22:15:10.267   995  1632 I FirebaseJobDispatcher: Schedule task: PeriodicStats. Success.
08-15 22:15:10.271   995  1632 I FirebaseJobDispatcher: Schedule task: PeriodicTasks. Success.
08-15 22:15:10.279   995  1609 I FirebaseJobDispatcher: Schedule task: daily_ping_task. Success.
08-15 22:15:10.299   995  2884 I FederatedC2QExtension: onCreateInternal(): Finished in 32 ms
08-15 22:15:10.301   995  2884 I ConversationToQueryExtension: onCreate()
08-15 22:15:10.302   995  2885 I FederatedC2QExtension: onCreateServiceInternal()
08-15 22:15:10.303   995  2884 I ConversationToQueryClientSingleton: registering client 'Conv2QueryExtension'
08-15 22:15:10.303   995  2884 I ConversationToQueryExtension: isEnabled() : true
08-15 22:15:10.304   995  2885 I FederatedC2QExtension: onCreateServiceInternal(): Finished in 2 ms
08-15 22:15:10.304   995  2884 I ConversationToQueryExtension: isConv2QueryDisabledByChevronUi() : false
08-15 22:15:10.305   995  2884 I ConversationToQueryExtension: Create MagicGCandidateProvider
08-15 22:15:10.325   995  2884 I ConversationToQueryExtension: onCreate() : Finished in 24 ms
08-15 22:15:10.327   995   995 I LstmExtension: onCreateServiceInternal()
08-15 22:15:10.327   995  2884 I LstmExtension: onCreate(): Finished in 1 ms
08-15 22:15:10.328   995   995 I LstmTrainingCache: getCacheConfig()
08-15 22:15:10.336   995   995 I LstmExtension: onCreateServiceInternal(): Finished in 8 ms
08-15 22:15:10.420   995  1010 I putmethod.lati: Background concurrent copying GC freed 119911(3593KB) AllocSpace objects, 2(44KB) LOS objects, 49% free, 6813KB/13MB, paused 112us total 101.518ms
08-15 22:15:10.522   281   977 I GRALLOC-ROCKCHIP: [File] : hardware/rockchip/libgralloc/midgard/gralloc_drm_rockchip.cpp; [Line] : 2197; [Func] : drm_gem_rockchip_alloc;
08-15 22:15:10.522   281   977 I GRALLOC-ROCKCHIP: dmabuf_name : 977_1064960_22:15:10.522
08-15 22:15:11.027   281   977 I GRALLOC-ROCKCHIP: [File] : hardware/rockchip/libgralloc/midgard/gralloc_drm_rockchip.cpp; [Line] : 2197; [Func] : drm_gem_rockchip_alloc;
08-15 22:15:11.027   281   977 I GRALLOC-ROCKCHIP: dmabuf_name : 977_1064960_22:15:11.027
08-15 22:15:11.725   863   936 D         : set stream to NULL
08-15 22:15:11.739   863   936 I chatty  : uid=1000(system) RenderThread identical 1 line
