08-17 23:45:47.251  2954  2977 I Finsky:download_service: [37] ium.onAvailable(3): Network is available [NetworkState{connected=true, wifi=true, metered=false, roaming=false}].
08-17 23:45:47.255  2062  2062 I Finsky  : [2] ahrl.onServiceConnected(3): ServiceConnectionImpl.onServiceConnected(ComponentInfo{com.android.vending/com.google.android.finsky.downloadservice.DownloadService})
08-17 23:45:47.257  2062  2953 I Finsky  : [96] ahrj.a(6): linkToDeath
08-17 23:45:47.270  2954  2973 I Finsky:download_service: [33] ivm.a(13): Starting getDownloads().
08-17 23:45:47.274  2954  2978 I Finsky:download_service: [38] itz.a(1): Trying to resume downloads.
08-17 23:45:47.317  2062  2524 I Finsky  : [84] jam.d(6): onGetDownloads()
08-17 23:45:47.318  2062  2953 I Finsky  : [96] ahrg.a(3): Unbind from service.
08-17 23:45:47.725  2913  2939 I BrcmNfcNfa: nfa_sys_update_timer expired: 7a428a00
08-17 23:45:47.725  2913  2939 I BrcmNfcNfa: nfa_sys_update_timer: stop NFA SYS timer
08-17 23:45:47.725  2913  2939 I BrcmNfcNfa: NFA got event 0x0813
08-17 23:45:47.725  2913  2939 I BrcmNfcNfa: nfa_hci_evt_hdlr state: W4_NETWK_ENABLE (2) event: RESPONSE_TIMEOUT_EVT (0x0813)
08-17 23:45:47.726  2913  2939 I BrcmNfcNfa: nfa_hci_rsp_timeout () State: 2  Cmd: 1
08-17 23:45:47.726  2913  2939 I BrcmNfcNfa: nfa_hciu_send_msg pipe:[0x01]  Type:COMMAND[0x00] Inst:ANY_GET_PARAMETER[0x02]  len:[0x0001]
08-17 23:45:47.726  2913  2939 I BrcmNfcNfa: nfc_ncif_send_data :1, num_buff:1 qc:0
08-17 23:45:47.726  2913  2939 D NfcAdaptation: NfcAdaptation::HalWrite
08-17 23:45:47.726   291   291 D NfcNciHal: HaiWrite: enter; len=6
08-17 23:45:47.726   291   291 D NfcNciHal: HaiWrite: enter; commandId = 81030001
08-17 23:45:47.726   291   291 I         : HAL_NfcWrite ()
08-17 23:45:47.726   291   291 D NfcNciHal: HaiWrite: exit 0
08-17 23:45:47.727   291   307 D         : nfc_hal_main_send_message() ls:0x0
08-17 23:45:47.727   291   307 I BrcmNci : --
08-17 23:45:47.727   291   307 I BrcmNci : SENT NCI  Type:DATA   PBF:No/Last   ConnID: 0x01   Payload Len: 3
08-17 23:45:47.727   291   307 D BrcmNci : Payload:
08-17 23:45:47.727   291   307 D BrcmNci : 0000: 81 02 04                                        ...
08-17 23:45:47.727   291   307 I BrcmNci : 
08-17 23:45:47.727   291   307 D BrcmNci : Raw NCI Packet
08-17 23:45:47.727   291   307 D BrcmNci : 0000: 01 00 03 81 02 04                               ......
08-17 23:45:47.727   291   307 I BrcmNci : --
08-17 23:45:47.727   291   307 D         : nfc_hal_hci_preproc_hcp_pkt_to_hc ()
08-17 23:45:47.727   291   307 D         : nfc_hal_dm_wake_nfcc () snooze_mode=8
08-17 23:45:47.727   291   307 D         : nfc_hal_dm_set_nfc_wake () ASSERT
08-17 23:45:47.727   291   307 D USERIAL_LINUX: UPIO_Set: upio=NFC_WAKE; state=ON
08-17 23:45:47.727   291   307 D USERIAL_LINUX: control_nfc_wake: state=ON
08-17 23:45:47.728   291   307 D USERIAL_LINUX: control_nfc_wake: ioctl return 0
08-17 23:45:47.728   291   307 D USERIAL_LINUX: UPIO_Set: ioctl, old state=0, insert delay for 20 ms
08-17 23:45:47.728   291   307 D USERIAL_LINUX: USERIAL_Write: (6 bytes)
08-17 23:45:47.728   291   307 D USERIAL_LINUX: doWriteDelay() delay 19 ms
08-17 23:45:47.728  2913  2939 I BrcmNfcNfa: nfa_sys_start_timer: 7a428a00
08-17 23:45:47.728  2913  2939 I BrcmNfcNfa: nfa_sys_start_timer: start NFA SYS timer
08-17 23:45:47.748   291   307 D USERIAL_LINUX: USERIAL_Write len = 6, ret = 6
08-17 23:45:47.750   291  2943 D USERIAL_LINUX: my_read: return 7(0x7) bytes, errno=0 count=4, n=1, timeout=-1
08-17 23:45:47.750   291  2943 D USERIAL_LINUX: userial_read_thread(): enqueued p_buf=0x7a359f6150, count=1, length=7
08-17 23:45:47.750   291  2943 D USERIAL_LINUX: my_read: enter, pbuf=7a359f4a24, len = 511
08-17 23:45:47.750   291   307 I BrcmNci : --
08-17 23:45:47.750   291   307 I BrcmNci : RECV NCI  Type:DATA   PBF:No/Last   ConnID: 0x01   Payload Len: 4
08-17 23:45:47.750   291   307 D BrcmNci : Payload:
08-17 23:45:47.751   291   307 D BrcmNci : 0000: 81 80 00 01                                     ....
08-17 23:45:47.751   291   307 I BrcmNci : 
08-17 23:45:47.751   291   307 D BrcmNci : Raw NCI Packet
08-17 23:45:47.751   291   307 D BrcmNci : 0000: 01 00 04 81 80 00 01                            .......
08-17 23:45:47.751   291   307 I BrcmNci : --
08-17 23:45:47.751   291   307 D         : nfc_hal_nci_preproc_rx_nci_msg()  HAL State: 1
08-17 23:45:47.751   291   307 D         : nfc_hal_hci_handle_hcp_pkt_from_hc ()
08-17 23:45:47.751   291   307 D         : nfc_hal_dm_wake_nfcc () snooze_mode=8
08-17 23:45:47.751   291   307 D NfcNciHal: BroadcomHalDataCallback: enter; len=7
08-17 23:45:47.751   291  2943 D USERIAL_LINUX: my_read: return 6(0x6) bytes, errno=0 count=3, n=1, timeout=-1
08-17 23:45:47.752   291  2943 D USERIAL_LINUX: userial_read_thread(): enqueued p_buf=0x7a359f4a1c, count=1, length=6
08-17 23:45:47.752   291  2943 D USERIAL_LINUX: my_read: enter, pbuf=7a359f6374, len = 511
08-17 23:45:47.752  2913  2939 I BrcmNfcNfa: NFC received data
08-17 23:45:47.752   291   307 I BrcmNci : --
08-17 23:45:47.752  2913  2939 I BrcmNfcNfa: nfc_ncif_proc_data 0x010004
08-17 23:45:47.752  2913  2939 I BrcmNfcNfa: nfc_ncif_proc_data len:4
08-17 23:45:47.752   291   307 I BrcmNci : RECV NCI  Type:NTF   Name: CREDITS(0x6)   PBF:No/Last   Param Len: 3/3 f:0x0
08-17 23:45:47.752  2913  2939 I BrcmNfcNfa: nfa_sys_stop_timer 7a428a00
08-17 23:45:47.752   291   307 I BrcmNci :                 Credit Entry [  1 of  1] : Conn ID=1, Credits=1
08-17 23:45:47.752  2913  2939 I BrcmNfcNfa: nfa_sys_stop_timer: stop NFA SYS timer
08-17 23:45:47.752   291   307 I BrcmNci : 
08-17 23:45:47.752   291   307 D BrcmNci : Raw NCI Packet
08-17 23:45:47.752  2913  2939 I BrcmNfcNfa: nfa_hci_conn_cback(): pipe:[0x01] Type:RESPONSE[0x02] Rsp:ANY_OK[0x00]  chain:1 assmbl:0 len:[0x0004]
08-17 23:45:47.752   291   307 D BrcmNci : 0000: 60 06 03 01 01 01                               `.....
08-17 23:45:47.752  2913  2939 I BrcmNfcNfa: nfa_hci_handle_admin_pipe_rsp_instr_data - LastCmdSent: ANY_GET_PARAMETER
08-17 23:45:47.752   291   307 I BrcmNci : --
08-17 23:45:47.752  2913  2939 I BrcmNfcNfa: nfa_hci_startup_complete (): Status: 0
08-17 23:45:47.752   291   307 D         : nfc_hal_nci_preproc_rx_nci_msg()  HAL State: 1
08-17 23:45:47.752  2913  2939 I BrcmNfcNfa: nfa_sys_stop_timer 7a428a00
08-17 23:45:47.752   291   307 D         : nfc_hal_dm_wake_nfcc () snooze_mode=8
08-17 23:45:47.752  2913  2939 I BrcmNfcNfa: nfa_sys_stop_timer: stop NFA SYS timer
08-17 23:45:47.752   291   307 D NfcNciHal: BroadcomHalDataCallback: enter; len=6
08-17 23:45:47.752  2913  2939 I BrcmNfcNfa: nfa_sys_cback_notify_enable_complete () enable_cplt_flags=0x3fc, enable_cplt_mask=0x3fc
08-17 23:45:47.752  2913  2939 I BrcmNfcNfa: nfa_dm_all_modules_initialized
08-17 23:45:47.752  2913  2939 D NfcAdaptation: NfcAdaptation::HalWrite
08-17 23:45:47.753   291   291 D NfcNciHal: HaiWrite: enter; len=5
08-17 23:45:47.753   291   291 D NfcNciHal: HaiWrite: enter; commandId = 1020320
08-17 23:45:47.753   291   291 I         : HAL_NfcWrite ()
08-17 23:45:47.753   291   291 D NfcNciHal: HaiWrite: exit 0
08-17 23:45:47.753   291   307 D         : nfc_hal_main_send_message() ls:0x1
08-17 23:45:47.753   291   307 D         : nfc_hal_dm_wake_nfcc () snooze_mode=8
08-17 23:45:47.753   291   307 D         : p_buf->len: 5
08-17 23:45:47.753  2913  2939 I BrcmNfcNfa: NFC received ntf gid:0
08-17 23:45:47.753   291   307 I BrcmNci : --
08-17 23:45:47.753  2913  2939 I BrcmNfcNfa: nci_proc_core_ntf opcode:0x6
08-17 23:45:47.753   291   307 I BrcmNci : SENT NCI  Type:CMD   Name: CORE_GET_CONFIG(0x3)   PBF:No/Last   Param Len: 2/2 f:0x0
08-17 23:45:47.753  2913  2939 I BrcmNfcNfa: nfc_ncif_send_data :1, num_buff:1 qc:0
08-17 23:45:47.753   291   307 I BrcmNci :                               Num Params : 1 (0x01)
08-17 23:45:47.753  2913  2939 I BrcmNfcNfa: NFA got event 0x0814
08-17 23:45:47.753   291   307 I BrcmNci :                              Param ID[0] : (82/0x52) LF_T3T_MAX
08-17 23:45:47.753  2913  2939 I BrcmNfcNfa: nfa_hci_evt_hdlr state: IDLE (3) event: CHECK_QUEUE (0x0814)
08-17 23:45:47.753   291   307 I BrcmNci : 
08-17 23:45:47.754   291   307 D BrcmNci : Raw NCI Packet
08-17 23:45:47.754  2913  2939 D BrcmNfcNfa: nfa_nv_co_write: bytes=604; file=/data/nfc/nfaStorage.bin1
08-17 23:45:47.754   291   307 D BrcmNci : 0000: 20 03 02 01 52                                   ...R
08-17 23:45:47.754   291   307 I BrcmNci : --
08-17 23:45:47.754   291   307 D USERIAL_LINUX: USERIAL_Write: (5 bytes)
08-17 23:45:47.754  2913  2939 D BrcmNfcNfa: nfa_nv_co_write: 604 bytes written
08-17 23:45:47.754  2913  2939 I BrcmNfcNfa: [FSCO] app[0]: 0x800 nfc_jni app_param:1
08-17 23:45:47.754  2913  2939 I BrcmNfcNfa: [FSCO] app[5]: 0x805 NFA_HCI app_param:0
08-17 23:45:47.755  2913  2939 I BrcmNfcNfa: [FSCO] gate[0]: id=0x41 owner=0x805 pipe mask:0x0
08-17 23:45:47.755   291   307 D USERIAL_LINUX: USERIAL_Write len = 5, ret = 5
08-17 23:45:47.755  2913  2939 I BrcmNfcNfa: [FSCO] gate[1]: id=0xf0 owner=0x805 pipe mask:0x0
08-17 23:45:47.755  2913  2939 I BrcmNfcNfa: [FSCO] gate[2]: id=0x10 owner=0x805 pipe mask:0x0
08-17 23:45:47.755  2913  2939 I BrcmNfcNfa: [FSCO] gate[3]: id=0x11 owner=0x805 pipe mask:0x0
08-17 23:45:47.755  2913  2939 I BrcmNfcNfa: NFA got event 0x0812
08-17 23:45:47.755  2913  2939 I BrcmNfcNfa: nfa_hci_evt_hdlr state: IDLE (3) event: NV_WRITE_EVT (0x0812)
08-17 23:45:47.756   291  2943 D USERIAL_LINUX: my_read: return 8(0x8) bytes, errno=0 count=5, n=1, timeout=-1
08-17 23:45:47.756   291  2943 D USERIAL_LINUX: userial_read_thread(): enqueued p_buf=0x7a359f636c, count=1, length=8
08-17 23:45:47.756   291  2943 D USERIAL_LINUX: my_read: enter, pbuf=7a359f58e8, len = 511
08-17 23:45:47.756   291   307 I BrcmNci : --
08-17 23:45:47.756   291   307 I BrcmNci : RECV NCI  Type:RSP   Name: CORE_GET_CONFIG(0x3)   PBF:No/Last   Param Len: 5/5 f:0x0
08-17 23:45:47.756   291   307 I BrcmNci :                                   Status : OK (0x00)
08-17 23:45:47.757   291   307 I BrcmNci :                               Num Params : 1 (0x01)
08-17 23:45:47.757   291   307 I BrcmNci :                             Param ID [0] : (82/0x52) LF_T3T_MAX
08-17 23:45:47.757   291   307 I BrcmNci :                             Param Len[0] : 1 (0x01)
08-17 23:45:47.757   291   307 I BrcmNci :                             Param Val[0] : 10 
08-17 23:45:47.757   291   307 I BrcmNci : 
08-17 23:45:47.757   291   307 D BrcmNci : Raw NCI Packet
08-17 23:45:47.757   291   307 D BrcmNci : 0000: 40 03 05 00 01 52 01 10                         @....R..
08-17 23:45:47.757   291   307 I BrcmNci : --
08-17 23:45:47.757   291   307 D         : nfc_hal_nci_preproc_rx_nci_msg()  HAL State: 1
08-17 23:45:47.757   291   307 D         : nfc_hal_dm_wake_nfcc () snooze_mode=8
08-17 23:45:47.757   291   307 D NfcNciHal: BroadcomHalDataCallback: enter; len=8
08-17 23:45:47.758  2913  2939 I BrcmNfcNfa: NFC received rsp gid:0
08-17 23:45:47.758  2913  2939 I BrcmNfcNfa: nci_proc_core_rsp opcode:0x3
08-17 23:45:47.758  2913  2939 I BrcmNfcNfa: nfa_dm_nfc_response_cback () NFC_GET_CONFIG_REVT(0x5003)
08-17 23:45:47.758  2913  2939 I BrcmNfcNfa: nfa_dm_handle_get_config_response
08-17 23:45:47.758  2913  2939 I BrcmNfcNfa: nfa_dm_handle_get_config_response: LF_T3T_MAX=16
08-17 23:45:47.758  2913  2939 D BrcmNfcJni: nfaDeviceManagementCallback: enter; event=0x0
08-17 23:45:47.758  2913  2939 D BrcmNfcJni: nfaDeviceManagementCallback: NFA_DM_ENABLE_EVT; status=0x0
08-17 23:45:47.759  2913  2935 E         : [0817/234547.759384:ERROR:phNxpConfig.cpp(208)] readConfig Cannot open config file /etc/libnfc-nxp.conf
08-17 23:45:47.759  2913  2935 E         : [0817/234547.759732:ERROR:phNxpConfig.cpp(210)] readConfig Using default value for all settings
08-17 23:45:47.759  2913  2935 I         : [0817/234547.759908:INFO:phNxpLog.cpp(257)] phNxpLog_InitializeLogLevel: global =1, Fwdnld =1, extns =1,                 hal =1, tml =1, ncir =1,                 ncix =1
08-17 23:45:47.760  2913  2935 D NfcAdaptation: NfcAdaptation::HalRunVendorCommand
08-17 23:45:47.760   291   291 D NfcNciHal: HaiWrite: enter; len=8
08-17 23:45:47.760   291   291 D NfcNciHal: HaiWrite: enter; commandId = 50002
08-17 23:45:47.760   291   291 D NfcNciHal: HaiRunVendorCommand: enter; command id=0x50002
08-17 23:45:47.760   291   291 D NfcNciHal: HaiRunVendorCommand: exit 544832256
08-17 23:45:47.760  2913  2935 D BrcmNfcJni: readChipSpecificConfFile: chip id=20797b00
08-17 23:45:47.761  2913  2935 E         : [0817/234547.761148:ERROR:phNxpConfig.cpp(208)] readConfig Cannot open config file /etc/libnfc-nxp-20797b00.conf
08-17 23:45:47.761  2913  2935 D BrcmNfcJni: RoutingManager::setNfccBitRate: bitrate=3
08-17 23:45:47.761  2913  2935 I BrcmNfcNfa: NFA_GetConfig (): num_ids: 1
08-17 23:45:47.761  2913  2939 I BrcmNfcNfa: NFA got event 0x0103
08-17 23:45:47.761  2913  2939 I BrcmNfcNfa: nfa_dm_evt_hdlr event: NFA_DM_API_GET_CONFIG_EVT (0x03)
08-17 23:45:47.761  2913  2939 D NfcAdaptation: NfcAdaptation::HalWrite
08-17 23:45:47.762   291   291 D NfcNciHal: HaiWrite: enter; len=5
08-17 23:45:47.762   291   291 D NfcNciHal: HaiWrite: enter; commandId = 1020320
08-17 23:45:47.762   291   291 I         : HAL_NfcWrite ()
08-17 23:45:47.762   291   291 D NfcNciHal: HaiWrite: exit 0
08-17 23:45:47.762   291   307 D         : nfc_hal_main_send_message() ls:0x1
08-17 23:45:47.762   291   307 D         : nfc_hal_dm_wake_nfcc () snooze_mode=8
08-17 23:45:47.762   291   307 D         : p_buf->len: 5
08-17 23:45:47.762   291   307 I BrcmNci : --
08-17 23:45:47.762   291   307 I BrcmNci : SENT NCI  Type:CMD   Name: CORE_GET_CONFIG(0x3)   PBF:No/Last   Param Len: 2/2 f:0x0
08-17 23:45:47.762   291   307 I BrcmNci :                               Num Params : 1 (0x01)
08-17 23:45:47.763   291   307 I BrcmNci :                              Param ID[0] : (194/0xc2) SWPCFG
08-17 23:45:47.763   291   307 I BrcmNci : 
08-17 23:45:47.763   291   307 D BrcmNci : Raw NCI Packet
08-17 23:45:47.763   291   307 D BrcmNci : 0000: 20 03 02 01 c2                                   ....
08-17 23:45:47.763   291   307 I BrcmNci : --
08-17 23:45:47.763   291   307 D USERIAL_LINUX: USERIAL_Write: (5 bytes)
08-17 23:45:47.764   291   307 D USERIAL_LINUX: USERIAL_Write len = 5, ret = 5
08-17 23:45:47.771   291  2943 D USERIAL_LINUX: my_read: return 67(0x43) bytes, errno=0 count=64, n=1, timeout=-1
08-17 23:45:47.771   291  2943 D USERIAL_LINUX: userial_read_thread(): enqueued p_buf=0x7a359f58e0, count=1, length=67
08-17 23:45:47.771   291  2943 D USERIAL_LINUX: my_read: enter, pbuf=7a359f4c40, len = 511
08-17 23:45:47.772   291   307 I BrcmNci : --
08-17 23:45:47.772   291   307 I BrcmNci : RECV NCI  Type:RSP   Name: CORE_GET_CONFIG(0x3)   PBF:No/Last   Param Len: 64/64 f:0x0
08-17 23:45:47.772   291   307 I BrcmNci :                                   Status : OK (0x00)
08-17 23:45:47.772   291   307 I BrcmNci :                               Num Params : 1 (0x01)
08-17 23:45:47.772   291   307 I BrcmNci :                             Param ID [0] : (194/0xc2) SWPCFG
08-17 23:45:47.772   291   307 I BrcmNci :                             Param Len[0] : 60 (0x3c)
08-17 23:45:47.772   291   307 I BrcmNci :                             Param Val[0] : 03 02 20 00 00 00 00 00 40 42 0f 00 00 00 00 00 
08-17 23:45:47.772   291   307 I BrcmNci :                                       10 : e8 03 00 00 a0 86 01 00 e8 03 00 00 00 f4 01 98 
08-17 23:45:47.772   291   307 I BrcmNci :                                       20 : 3a b8 0b e8 03 00 00 f0 49 02 00 90 01 00 00 50 
08-17 23:45:47.772   291   307 I BrcmNci :                                       30 : c3 00 00 00 00 00 2d 31 01 00 c4 09 
08-17 23:45:47.772   291   307 I BrcmNci : 
08-17 23:45:47.772   291   307 D BrcmNci : Raw NCI Packet
08-17 23:45:47.772   291   307 D BrcmNci : 0000: 40 03 40 00 01 c2 3c 03 02 20 00 00 00 00 00 40 @.@...<.. .....@
08-17 23:45:47.773   291   307 D BrcmNci : 0010: 42 0f 00 00 00 00 00 e8 03 00 00 a0 86 01 00 e8 B...............
08-17 23:45:47.773   291   307 D BrcmNci : 0020: 03 00 00 00 f4 01 98 3a b8 0b e8 03 00 00 f0 49 .......:.......I
08-17 23:45:47.773   291   307 D BrcmNci : 0030: 02 00 90 01 00 00 50 c3 00 00 00 00 00 2d 31 01 ......P......-1.
08-17 23:45:47.773   291   307 D BrcmNci : 0040: 00 c4 09                                        ...
08-17 23:45:47.773   291   307 I BrcmNci : --
08-17 23:45:47.773   291   307 D         : nfc_hal_nci_preproc_rx_nci_msg()  HAL State: 1
08-17 23:45:47.773   291   307 D         : nfc_hal_dm_wake_nfcc () snooze_mode=8
08-17 23:45:47.773   291   307 D NfcNciHal: BroadcomHalDataCallback: enter; len=67
08-17 23:45:47.774  2913  2939 I BrcmNfcNfa: NFC received rsp gid:0
08-17 23:45:47.774  2913  2939 I BrcmNfcNfa: nci_proc_core_rsp opcode:0x3
08-17 23:45:47.774  2913  2939 I BrcmNfcNfa: nfa_dm_nfc_response_cback () NFC_GET_CONFIG_REVT(0x5003)
08-17 23:45:47.774  2913  2939 D BrcmNfcJni: nfaDeviceManagementCallback: enter; event=0x3
08-17 23:45:47.774  2913  2939 D BrcmNfcJni: nfaDeviceManagementCallback: NFA_DM_GET_CONFIG_EVT
08-17 23:45:47.774  2913  2935 I BrcmNfcNfa: NFA_SetConfig (): param_id:0xC2
08-17 23:45:47.774  2913  2939 I BrcmNfcNfa: NFA got event 0x0102
08-17 23:45:47.774  2913  2939 I BrcmNfcNfa: nfa_dm_evt_hdlr event: NFA_DM_API_SET_CONFIG_EVT (0x02)
08-17 23:45:47.774  2913  2939 I BrcmNfcNfa: nfa_dm_check_set_config ()
08-17 23:45:47.774  2913  2939 D NfcAdaptation: NfcAdaptation::HalWrite
08-17 23:45:47.775   291   291 D NfcNciHal: HaiWrite: enter; len=7
08-17 23:45:47.775   291   291 D NfcNciHal: HaiWrite: enter; commandId = 1040220
08-17 23:45:47.775   291   291 I         : HAL_NfcWrite ()
08-17 23:45:47.775   291   291 D NfcNciHal: HaiWrite: exit 0
08-17 23:45:47.775   291   307 D         : nfc_hal_main_send_message() ls:0x1
08-17 23:45:47.775   291   307 D         : nfc_hal_dm_wake_nfcc () snooze_mode=8
08-17 23:45:47.775   291   307 D         : p_buf->len: 7
08-17 23:45:47.775   291   307 I BrcmNci : --
08-17 23:45:47.775   291   307 I BrcmNci : SENT NCI  Type:CMD   Name: CORE_SET_CONFIG(0x2)   PBF:No/Last   Param Len: 4/4 f:0x0
08-17 23:45:47.775   291   307 I BrcmNci :                               Num Params : 1 (0x01)
08-17 23:45:47.776   291   307 I BrcmNci :                             Param ID [0] : (194/0xc2) SWPCFG
08-17 23:45:47.776   291   307 I BrcmNci :                             Param Len[0] : 1 (0x01)
08-17 23:45:47.776   291   307 I BrcmNci :                             Param Val[0] : 03 
08-17 23:45:47.776   291   307 I BrcmNci : 
08-17 23:45:47.776   291   307 D BrcmNci : Raw NCI Packet
08-17 23:45:47.776   291   307 D BrcmNci : 0000: 20 02 04 01 c2 01 03                             ......
08-17 23:45:47.776   291   307 I BrcmNci : --
08-17 23:45:47.776   291   307 D USERIAL_LINUX: USERIAL_Write: (7 bytes)
08-17 23:45:47.777   291   307 D USERIAL_LINUX: USERIAL_Write len = 7, ret = 7
08-17 23:45:47.778   291  2943 D USERIAL_LINUX: my_read: return 5(0x5) bytes, errno=0 count=2, n=1, timeout=-1
08-17 23:45:47.778   291  2943 D USERIAL_LINUX: userial_read_thread(): enqueued p_buf=0x7a359f4c38, count=1, length=5
08-17 23:45:47.778   291  2943 D USERIAL_LINUX: my_read: enter, pbuf=7a359f5f3c, len = 511
08-17 23:45:47.778   291   307 I BrcmNci : --
08-17 23:45:47.779   291   307 I BrcmNci : RECV NCI  Type:RSP   Name: CORE_SET_CONFIG(0x2)   PBF:No/Last   Param Len: 2/2 f:0x0
08-17 23:45:47.779   291   307 I BrcmNci :                                   Status : OK (0x00)
08-17 23:45:47.779   291   307 I BrcmNci :                               Num Params : 0 (0x00)
08-17 23:45:47.779   291   307 I BrcmNci : 
08-17 23:45:47.779   291   307 D BrcmNci : Raw NCI Packet
08-17 23:45:47.779   291   307 D BrcmNci : 0000: 40 02 02 00 00                                  @....
08-17 23:45:47.779   291   307 I BrcmNci : --
08-17 23:45:47.779   291   307 D         : nfc_hal_nci_preproc_rx_nci_msg()  HAL State: 1
08-17 23:45:47.779   291   307 D         : nfc_hal_dm_wake_nfcc () snooze_mode=8
08-17 23:45:47.779   291   307 D NfcNciHal: BroadcomHalDataCallback: enter; len=5
08-17 23:45:47.780  2913  2939 I BrcmNfcNfa: NFC received rsp gid:0
08-17 23:45:47.780  2913  2939 I BrcmNfcNfa: nci_proc_core_rsp opcode:0x2
08-17 23:45:47.780  2913  2939 I BrcmNfcNfa: nfa_dm_nfc_response_cback () NFC_SET_CONFIG_REVT(0x5002)
08-17 23:45:47.780  2913  2939 D BrcmNfcJni: nfaDeviceManagementCallback: enter; event=0x2
08-17 23:45:47.780  2913  2939 D BrcmNfcJni: nfaDeviceManagementCallback: NFA_DM_SET_CONFIG_EVT
08-17 23:45:47.780  2913  2935 D BrcmNfcJni: SecureElement::initialize: enter
08-17 23:45:47.780  2913  2935 D BrcmNfcJni: SecureElement::initialize: UICC listen mask: 0x0
08-17 23:45:47.780  2913  2935 D NfcAdaptation: find found UICC_LISTEN_TECH_EXCLUDE_MASK=(0x10)
08-17 23:45:47.780  2913  2935 D BrcmNfcJni: SecureElement::initialize: UICC listen exclude mask: 0x10
08-17 23:45:47.780  2913  2935 D BrcmNfcJni: SecureElement::initialize: Default destination gate: 0x4
08-17 23:45:47.781  2913  2935 D BrcmNfcJni: SecureElement::getEeInfo: enter; mbNewEE=1, mActualNumEe=6
08-17 23:45:47.781  2913  2935 I BrcmNfcNfa: NFA_EeGetInfo em_state:1 cur_ee:6
08-17 23:45:47.781  2913  2935 I BrcmNfcNfa: NFA_EeGetInfo xx:0 ee_status:0x0 nfcee_id:0xf2
08-17 23:45:47.781  2913  2935 I BrcmNfcNfa: NFA_EeGetInfo xx:1 ee_status:0x1 nfcee_id:0xf6
08-17 23:45:47.781  2913  2935 I BrcmNfcNfa: NFA_EeGetInfo xx:2 ee_status:0x2 nfcee_id:0x11
08-17 23:45:47.781  2913  2935 I BrcmNfcNfa: NFA_EeGetInfo xx:3 ee_status:0x2 nfcee_id:0xf5
08-17 23:45:47.781  2913  2935 I BrcmNfcNfa: NFA_EeGetInfo xx:4 ee_status:0x2 nfcee_id:0xf3
08-17 23:45:47.781  2913  2935 I BrcmNfcNfa: NFA_EeGetInfo xx:5 ee_status:0x2 nfcee_id:0xf4
08-17 23:45:47.781  2913  2935 I BrcmNfcNfa: NFA_EeGetInfo num_ret:2, max_ret:6
08-17 23:45:47.781  2913  2935 D BrcmNfcJni: SecureElement::getEeInfo: num EEs discovered: 2
08-17 23:45:47.781  2913  2935 D BrcmNfcJni: SecureElement::getEeInfo: EE[0] Handle: 0x04f2  Status: Connected/Active
08-17 23:45:47.781  2913  2935 D BrcmNfcJni: SecureElement::getEeInfo: EE[1] Handle: 0x04f6  Status: Connected/Inactive
08-17 23:45:47.781  2913  2935 D BrcmNfcJni: SecureElement::getEeInfo: exit; mActualNumEe=2, mNumEePresent=1
08-17 23:45:47.781  2913  2935 D BrcmNfcJni: SecureElement::initialize: Found HCI network, try hci register
08-17 23:45:47.781  2913  2935 I BrcmNfcNfa: NFA_HciRegister (): Application Name: nfc_jni
08-17 23:45:47.781  2913  2939 I BrcmNfcNfa: NFA got event 0x0800
08-17 23:45:47.782  2913  2939 I BrcmNfcNfa: nfa_hci_evt_hdlr state: IDLE (3) event: API_REGISTER (0x0800)
08-17 23:45:47.782  2913  2939 I BrcmNfcNfa: nfa_hci_api_register (nfc_jni)  Reusing: 0
08-17 23:45:47.782  2913  2939 D BrcmNfcJni: SecureElement::nfaHciCallback: event=0x0
08-17 23:45:47.782  2913  2939 D BrcmNfcJni: SecureElement::nfaHciCallback: NFA_HCI_REGISTER_EVT; status=0x0; handle=0x800
08-17 23:45:47.782  2913  2935 D NfcAdaptation: find found AID_FOR_EMPTY_SELECT=
08-17 23:45:47.782  2913  2935 D BrcmNfcJni: RouteDataSet::initialize: enter
08-17 23:45:47.782  2913  2935 D BrcmNfcJni: RouteDataSet::initialize: exit
08-17 23:45:47.782  2913  2935 D BrcmNfcJni: RouteDataSet::import: enter
08-17 23:45:47.782  2913  2935 D BrcmNfcJni: RouteDataSet::deleteDatabase: off-host db size=0; static db size=0
08-17 23:45:47.783  2913  2935 D BrcmNfcJni: RouteDataSet::import: fail parse
08-17 23:45:47.783  2913  2935 D BrcmNfcJni: RouteDataSet::import: exit; return=0
08-17 23:45:47.783  2913  2935 D BrcmNfcJni: SecureElement::initialize: exit
08-17 23:45:47.783  2913  2935 D BrcmNfcJni: MifareClassicNfa::registerWithStack: enter
08-17 23:45:47.783  2913  2935 I BrcmNfcNfa: NFA_MrRegister()
08-17 23:45:47.783  2913  2939 I BrcmNfcNfa: NFA got event 0x0900
08-17 23:45:47.783  2913  2939 I BrcmNfcNfa: nfa_mr_evt_hdlr (): Event API_REGISTER(0x900), State: INIT(1)
08-17 23:45:47.783  2913  2939 I BrcmNfcNfa: nfa_dm_check_set_config ()
08-17 23:45:47.784  2913  2939 D NfcAdaptation: NfcAdaptation::HalWrite
08-17 23:45:47.784   291   291 D NfcNciHal: HaiWrite: enter; len=24
08-17 23:45:47.784   291   291 D NfcNciHal: HaiWrite: enter; commandId = 1150220
08-17 23:45:47.784   291   291 I         : HAL_NfcWrite ()
08-17 23:45:47.784   291   291 D NfcNciHal: HaiWrite: exit 0
08-17 23:45:47.784   291   307 D         : nfc_hal_main_send_message() ls:0x1
08-17 23:45:47.784   291   307 D         : nfc_hal_dm_wake_nfcc () snooze_mode=8
08-17 23:45:47.784   291   307 D         : p_buf->len: 24
08-17 23:45:47.784   291   307 I BrcmNci : --
08-17 23:45:47.785   291   307 I BrcmNci : SENT NCI  Type:CMD   Name: CORE_SET_CONFIG(0x2)   PBF:No/Last   Param Len: 21/21 f:0x0
08-17 23:45:47.785   291   307 I BrcmNci :                               Num Params : 1 (0x01)
08-17 23:45:47.785   291   307 I BrcmNci :                             Param ID [0] : (233/0xe9) ??
08-17 23:45:47.785   291   307 I BrcmNci :                             Param Len[0] : 18 (0x12)
08-17 23:45:47.785   291   307 I BrcmNci :                             Param Val[0] : a0 a1 a2 a3 a4 a5 d3 f7 d3 f7 d3 f7 ff ff ff ff 
08-17 23:45:47.785   291   307 I BrcmNci :                                       10 : ff ff 
08-17 23:45:47.785   291   307 I BrcmNci : 
08-17 23:45:47.785   291   307 D BrcmNci : Raw NCI Packet
08-17 23:45:47.785   291   307 D BrcmNci : 0000: 20 02 15 01 e9 12 a0 a1 a2 a3 a4 a5 d3 f7 d3 f7  ...............
08-17 23:45:47.785   291   307 D BrcmNci : 0010: d3 f7 ff ff ff ff ff ff                         ........
08-17 23:45:47.785   291   307 I BrcmNci : --
08-17 23:45:47.785   291   307 D USERIAL_LINUX: USERIAL_Write: (24 bytes)
08-17 23:45:47.785  2913  2939 D BrcmNfcJni: MifareClassicNfa::stackCallback: NFA_MR_REG_EVT; status=0x0
08-17 23:45:47.786  2913  2935 D BrcmNfcJni: MifareClassicNfa::registerWithStack: exit; ret=1
08-17 23:45:47.786  2913  2935 I BrcmNfcNfa: NFA_EeRegister()
08-17 23:45:47.786  2913  2939 I BrcmNfcNfa: NFA got event 0x0201
08-17 23:45:47.786  2913  2939 I BrcmNfcNfa: nfa_ee_evt_hdlr (): Event API_REGISTER(0x201), State: INIT_DONE(1)
08-17 23:45:47.786  2913  2939 D BrcmNfcJni: RoutingManager::nfaEeCallback: NFA_EE_REGISTER_EVT; status=0
08-17 23:45:47.786  2913  2939 D BrcmNfcJni: RoutingManager::nfaEeCallback: NFA_EE_DISCOVER_REQ_EVT; status=0x0; num ee=0
08-17 23:45:47.786  2913  2935 D BrcmNfcJni: SecureElement::activateAllSE:
08-17 23:45:47.786  2913  2935 I BrcmNfcNfa: NFA_EeGetInfo em_state:1 cur_ee:6
08-17 23:45:47.786  2913  2935 I BrcmNfcNfa: NFA_EeGetInfo xx:0 ee_status:0x0 nfcee_id:0xf2
08-17 23:45:47.786  2913  2935 I BrcmNfcNfa: NFA_EeGetInfo xx:1 ee_status:0x1 nfcee_id:0xf6
08-17 23:45:47.786  2913  2935 I BrcmNfcNfa: NFA_EeGetInfo xx:2 ee_status:0x2 nfcee_id:0x11
08-17 23:45:47.786  2913  2935 I BrcmNfcNfa: NFA_EeGetInfo xx:3 ee_status:0x2 nfcee_id:0xf5
08-17 23:45:47.786  2913  2935 I BrcmNfcNfa: NFA_EeGetInfo xx:4 ee_status:0x2 nfcee_id:0xf3
08-17 23:45:47.787  2913  2935 I BrcmNfcNfa: NFA_EeGetInfo xx:5 ee_status:0x2 nfcee_id:0xf4
08-17 23:45:47.787  2913  2935 I BrcmNfcNfa: NFA_EeGetInfo num_ret:2, max_ret:6
08-17 23:45:47.787  2913  2935 D BrcmNfcJni: SecureElement::activateAllSE: Handle: 0x04f6 Change Status Inactive to Active
08-17 23:45:47.787  2913  2935 I BrcmNfcNfa: NFA_EeModeSet(): handle:<0x4f6>, mode:0x01
08-17 23:45:47.787  2913  2939 I BrcmNfcNfa: NFA got event 0x0203
08-17 23:45:47.787  2913  2939 I BrcmNfcNfa: nfa_ee_evt_hdlr (): Event API_MODE_SET(0x203), State: INIT_DONE(1)
08-17 23:45:47.787  2913  2939 I BrcmNfcNfa: nfa_ee_api_mode_set() handle:0xf6 mode:1
08-17 23:45:47.788   291   307 D USERIAL_LINUX: USERIAL_Write len = 24, ret = 24
08-17 23:45:47.789   291  2943 D USERIAL_LINUX: my_read: return 5(0x5) bytes, errno=0 count=2, n=1, timeout=-1
08-17 23:45:47.789   291  2943 D USERIAL_LINUX: userial_read_thread(): enqueued p_buf=0x7a359f5f34, count=1, length=5
08-17 23:45:47.789   291  2943 D USERIAL_LINUX: my_read: enter, pbuf=7a359f67ac, len = 511
08-17 23:45:47.789   291   307 I BrcmNci : --
08-17 23:45:47.789   291   307 I BrcmNci : RECV NCI  Type:RSP   Name: CORE_SET_CONFIG(0x2)   PBF:No/Last   Param Len: 2/2 f:0x0
08-17 23:45:47.789   291   307 I BrcmNci :                                   Status : OK (0x00)
08-17 23:45:47.789   291   307 I BrcmNci :                               Num Params : 0 (0x00)
08-17 23:45:47.789   291   307 I BrcmNci : 
08-17 23:45:47.789   291   307 D BrcmNci : Raw NCI Packet
08-17 23:45:47.789   291   307 D BrcmNci : 0000: 40 02 02 00 00                                  @....
08-17 23:45:47.789   291   307 I BrcmNci : --
08-17 23:45:47.789   291   307 D         : nfc_hal_nci_preproc_rx_nci_msg()  HAL State: 1
08-17 23:45:47.790   291   307 D         : nfc_hal_dm_wake_nfcc () snooze_mode=8
08-17 23:45:47.790   291   307 D NfcNciHal: BroadcomHalDataCallback: enter; len=5
08-17 23:45:47.790  2913  2939 I BrcmNfcNfa: NFC received rsp gid:0
08-17 23:45:47.790  2913  2939 I BrcmNfcNfa: nci_proc_core_rsp opcode:0x2
08-17 23:45:47.790  2913  2939 I BrcmNfcNfa: nfa_dm_nfc_response_cback () NFC_SET_CONFIG_REVT(0x5002)
08-17 23:45:47.790  2913  2939 D NfcAdaptation: NfcAdaptation::HalWrite
08-17 23:45:47.790   291   291 D NfcNciHal: HaiWrite: enter; len=5
08-17 23:45:47.790   291   291 D NfcNciHal: HaiWrite: enter; commandId = f6020122
08-17 23:45:47.790   291   291 I         : HAL_NfcWrite ()
08-17 23:45:47.790   291   291 D NfcNciHal: HaiWrite: exit 0
08-17 23:45:47.791   291   307 D         : nfc_hal_main_send_message() ls:0x1
08-17 23:45:47.791   291   307 D         : nfc_hal_dm_wake_nfcc () snooze_mode=8
08-17 23:45:47.791   291   307 D         : p_buf->len: 5
08-17 23:45:47.791   291   307 I BrcmNci : --
08-17 23:45:47.791   291   307 I BrcmNci : SENT NCI  Type:CMD   Name: NFCEE_MODE_SET(0x1)   PBF:No/Last   Param Len: 2/2 f:0x0
08-17 23:45:47.791   291   307 I BrcmNci :                                 NFCEE ID : 246 (0xf6)
08-17 23:45:47.791   291   307 I BrcmNci :                                     Mode : 1 (0x01) ACTIVATE
08-17 23:45:47.791   291   307 I BrcmNci : 
08-17 23:45:47.791   291   307 D BrcmNci : Raw NCI Packet
08-17 23:45:47.791   291   307 D BrcmNci : 0000: 22 01 02 f6 01                                  "....
08-17 23:45:47.791   291   307 I BrcmNci : --
08-17 23:45:47.791   291   307 D USERIAL_LINUX: USERIAL_Write: (5 bytes)
08-17 23:45:47.791   291   307 D USERIAL_LINUX: doWriteDelay() delay 1 ms
08-17 23:45:47.793   291   307 D USERIAL_LINUX: USERIAL_Write len = 5, ret = 5
08-17 23:45:47.794   291  2943 D USERIAL_LINUX: my_read: return 4(0x4) bytes, errno=0 count=1, n=1, timeout=-1
08-17 23:45:47.794   291  2943 D USERIAL_LINUX: userial_read_thread(): enqueued p_buf=0x7a359f67a4, count=1, length=4
08-17 23:45:47.794   291  2943 D USERIAL_LINUX: my_read: enter, pbuf=7a359f4a24, len = 511
08-17 23:45:47.794   291   307 I BrcmNci : --
08-17 23:45:47.794   291   307 I BrcmNci : RECV NCI  Type:RSP   Name: NFCEE_MODE_SET(0x1)   PBF:No/Last   Param Len: 1/1 f:0x0
08-17 23:45:47.794   291   307 I BrcmNci :                                   Status : OK (0x00)
08-17 23:45:47.794   291   307 I BrcmNci : 
08-17 23:45:47.794   291   307 D BrcmNci : Raw NCI Packet
08-17 23:45:47.795   291   307 D BrcmNci : 0000: 42 01 01 00                                     B...
08-17 23:45:47.795   291   307 I BrcmNci : --
08-17 23:45:47.795   291   307 D         : nfc_hal_nci_preproc_rx_nci_msg()  HAL State: 1
08-17 23:45:47.795   291   307 D         : nfc_hal_dm_wake_nfcc () snooze_mode=8
08-17 23:45:47.795   291   307 D NfcNciHal: BroadcomHalDataCallback: enter; len=4
08-17 23:45:47.795  2913  2939 I BrcmNfcNfa: NFC received rsp gid:2
08-17 23:45:47.795  2913  2939 I BrcmNfcNfa: nci_proc_ee_management_rsp opcode:0x1
08-17 23:45:47.795  2913  2939 I BrcmNfcNfa: nfa_dm_nfc_response_cback () NFC_NFCEE_MODE_SET_REVT(0x5006)
08-17 23:45:47.795  2913  2939 I BrcmNfcNfa: nfa_ee_proc_evt: event=0x5006 int_event:0x216
08-17 23:45:47.795  2913  2939 I BrcmNfcNfa: nfa_ee_evt_hdlr (): Event NCI_MODE_SET(0x216), State: INIT_DONE(1)
08-17 23:45:47.795  2913  2939 I BrcmNfcNfa: nfa_ee_nci_mode_set_rsp() status:0 handle:0xf6 mode:1
08-17 23:45:47.795  2913  2939 I BrcmNfcNfa: nfa_ee_find_ecb ()
08-17 23:45:47.795  2913  2939 I BrcmNfcNfa: nfa_ee_nci_mode_set_rsp() ee_status:0
08-17 23:45:47.795  2913  2939 D BrcmNfcJni: RoutingManager::nfaEeCallback: NFA_EE_MODE_SET_EVT; status: 0x0000  handle: 0x04F6  mActiveEeHandle: 0xFFFF
08-17 23:45:47.796  2913  2939 D BrcmNfcJni: SecureElement::notifyModeSet: NFA_EE_MODE_SET_EVT; pEE->ee_status: Connected/Active (0x0000)
08-17 23:45:47.796  2913  2939 I BrcmNfcNfa: nfa_hci_ee_discovery_status_cback (): DISC 2, Disable 1, #Rcvd DiscReqNtf: 0, #Exp DiscReqNtf: 0
08-17 23:45:47.796  2913  2939 I BrcmNfcNfa: nfa_dm_is_active () flags:0x1
08-17 23:45:47.796  2913  2939 D BrcmNfcJni: RoutingManager::nfaEeCallback: NFA_EE_DISCOVER_REQ_EVT; status=0x0; num ee=0
08-17 23:45:47.796  2913  2935 D BrcmNfcJni: SecureElement::getEeInfo: enter; mbNewEE=1, mActualNumEe=2
08-17 23:45:47.796  2913  2935 I BrcmNfcNfa: NFA_EeGetInfo em_state:1 cur_ee:6
08-17 23:45:47.796  2913  2935 I BrcmNfcNfa: NFA_EeGetInfo xx:0 ee_status:0x0 nfcee_id:0xf2
08-17 23:45:47.796  2913  2935 I BrcmNfcNfa: NFA_EeGetInfo xx:1 ee_status:0x0 nfcee_id:0xf6
08-17 23:45:47.796  2913  2935 I BrcmNfcNfa: NFA_EeGetInfo xx:2 ee_status:0x2 nfcee_id:0x11
08-17 23:45:47.796  2913  2935 I BrcmNfcNfa: NFA_EeGetInfo xx:3 ee_status:0x2 nfcee_id:0xf5
08-17 23:45:47.796  2913  2935 I BrcmNfcNfa: NFA_EeGetInfo xx:4 ee_status:0x2 nfcee_id:0xf3
08-17 23:45:47.796  2913  2935 I BrcmNfcNfa: NFA_EeGetInfo xx:5 ee_status:0x2 nfcee_id:0xf4
08-17 23:45:47.796  2913  2935 I BrcmNfcNfa: NFA_EeGetInfo num_ret:2, max_ret:6
08-17 23:45:47.796  2913  2935 D BrcmNfcJni: SecureElement::getEeInfo: num EEs discovered: 2
08-17 23:45:47.796  2913  2935 D BrcmNfcJni: SecureElement::getEeInfo: EE[0] Handle: 0x04f2  Status: Connected/Active
08-17 23:45:47.796  2913  2935 D BrcmNfcJni: SecureElement::getEeInfo: EE[1] Handle: 0x04f6  Status: Connected/Active
08-17 23:45:47.796  2913  2935 D BrcmNfcJni: SecureElement::getEeInfo: exit; mActualNumEe=2, mNumEePresent=1
08-17 23:45:47.796  2913  2935 D BrcmNfcJni: RoutingManager::setDefaultRouting: default ee id=0x0
08-17 23:45:47.796  2913  2935 D BrcmNfcJni: RoutingManager::applyStaticRoutes: set tech routing; ee id=0x0; tech mask=0x1
08-17 23:45:47.796  2913  2935 D BrcmNfcJni: SecureElement::applyTechnologyRoutes: enter
08-17 23:45:47.796  2913  2935 D BrcmNfcJni: SecureElement::applyTechnologyRoutes: exit
08-17 23:45:47.796  2913  2935 D BrcmNfcJni: RoutingManager::applyStaticRoutes: set proto routing; ee id=0x0; proto mask=0x8
08-17 23:45:47.796  2913  2935 D BrcmNfcJni: SecureElement::applyProtocolRoutes: enter
08-17 23:45:47.797  2913  2935 D BrcmNfcJni: SecureElement::applyProtocolRoutes: exit
08-17 23:45:47.797  2913  2935 D BrcmNfcJni: RoutingManager::applyStaticRoutes: set aid static routing
08-17 23:45:47.797  2913  2935 D BrcmNfcJni: SecureElement::applyAidRoutes: enter
08-17 23:45:47.797  2913  2935 D BrcmNfcJni: SecureElement::applyAidRoutes: exit
08-17 23:45:47.797  2913  2935 D BrcmNfcJni: RoutingManager::setDefaultRouting: Setting CE IsoDep listen mask to 0xa0000
08-17 23:45:47.797  2913  2935 I BrcmNfcNfa: NFA_CeSetIsoDepListenTech (): 0xa0000
08-17 23:45:47.797  2913  2935 I BrcmNfcNfa: NFA_CeRegisterIsoDepHandler ()
08-17 23:45:47.797  2913  2939 I BrcmNfcNfa: NFA got event 0x0703
08-17 23:45:47.797  2913  2939 I BrcmNfcNfa: nfa_ce_handle_event event: NFA_CE_API_CFG_ISODEP_TECH_EVT (0x703)
08-17 23:45:47.797  2913  2939 I BrcmNfcNfa: NFA got event 0x0701
08-17 23:45:47.797  2913  2939 I BrcmNfcNfa: nfa_ce_handle_event event: NFA_CE_API_REG_LISTEN_EVT (0x701)
08-17 23:45:47.797  2913  2939 I BrcmNfcNfa: nfa_ce_api_reg_listen: listen_type = 0
08-17 23:45:47.797  2913  2939 I BrcmNfcNfa: CE_T4tRegisterIsoDepHandler (): registered callback for data on ISO-DEP
08-17 23:45:47.797  2913  2939 I BrcmNfcNfa: nfa_ce_start_listening
08-17 23:45:47.797  2913  2939 I BrcmNfcNfa: nfa_dm_add_rf_discovery_mask() disc_mask=0xa0000
08-17 23:45:47.797  2913  2939 D BrcmNfcJni: RoutingManager::stackCallback: NFA_CE_REGISTERED_EVT; status=0x0; h=0x302
08-17 23:45:47.797  2913  2935 D BrcmNfcJni: RoutingManager::getRoutingTableFreeSpace: enter
08-17 23:45:47.797  2913  2935 I BrcmNfcNfa: NFA_EeGetLmrtRemainingSize()
08-17 23:45:47.797  2913  2939 I BrcmNfcNfa: NFA got event 0x0208
08-17 23:45:47.797  2913  2939 I BrcmNfcNfa: nfa_ee_evt_hdlr (): Event API_LMRT_REMAINING_SIZE(0x208), State: INIT_DONE(1)
08-17 23:45:47.798  2913  2939 I BrcmNfcNfa: nfa_ee_api_lmrt_remaining_size() max size:1024 remaining size:1024
08-17 23:45:47.798  2913  2939 D BrcmNfcJni: RoutingManager::nfaEeCallback: NFA_EE_REMAINING_SIZE_EVT  1024 bytes
08-17 23:45:47.798  2913  2935 D BrcmNfcJni: RoutingManager::getRoutingTableFreeSpace: 1024 bytes free
08-17 23:45:47.798  2913  2935 D BrcmNfcJni: nativeNfcTag_registerNdefTypeHandler
08-17 23:45:47.798  2913  2935 I BrcmNfcNfa: NFA_RegisterNDefTypeHandler (): handle whole ndef message: 1, tnf=0xff
08-17 23:45:47.798  2913  2939 I BrcmNfcNfa: NFA got event 0x0116
08-17 23:45:47.798  2913  2939 I BrcmNfcNfa: nfa_dm_evt_hdlr event: NFA_DM_API_REG_NDEF_HDLR_EVT (0x16)
08-17 23:45:47.798  2913  2935 D BrcmNfcJni: NfcTag::resetTechnologies
08-17 23:45:47.798  2913  2939 I BrcmNfcNfa: Default NDEF handler successfully registered.
08-17 23:45:47.798  2913  2935 D BrcmNfcJni: NfcTag::initialize()
08-17 23:45:47.798  2913  2939 I BrcmNfcNfa: NDEF handler successfully registered. Handle=0x00000200
08-17 23:45:47.798  2913  2939 D BrcmNfcJni: ndefHandlerCallback: event=0, eventData=0x7e74c24c10
08-17 23:45:47.798  2913  2935 D NfcAdaptation: find found PRESENCE_CHECK_ALGORITHM=(0x1)
08-17 23:45:47.798  2913  2939 D BrcmNfcJni: ndefHandlerCallback: NFA_NDEF_REGISTER_EVT; status=0x0; h=0x200
08-17 23:45:47.798  2913  2935 D BrcmNfcJni: NfcTag::initialize() : PresenceCheckAlgorithm : 1
08-17 23:45:47.798  2913  2935 D BrcmNfcJni: NfcTag::initialize()  --exit
08-17 23:45:47.798  2913  2935 D BrcmNfcJni: PeerToPeer::initialize
08-17 23:45:47.798  2913  2935 D BrcmNfcJni: initialize: enter
08-17 23:45:47.798  2913  2935 D BrcmNfcJni: initialize: exit
08-17 23:45:47.798  2913  2935 D NfcAdaptation: find found POLLING_TECH_MASK=(0xEF)
08-17 23:45:47.798  2913  2935 D BrcmNfcJni: nfcManager_doInitialize: tag polling tech mask=0xE7
08-17 23:45:47.798  2913  2935 I BrcmNfcNfa: NFA_SetRfDiscoveryDuration ()
08-17 23:45:47.799  2913  2935 I BrcmNfcNfa: NFA got event 0x0112
08-17 23:45:47.799  2913  2939 I BrcmNfcNfa: NFA got event 0x0112
08-17 23:45:47.799  2913  2939 I BrcmNfcNfa: nfa_dm_evt_hdlr event: NFA_DM_API_SET_RF_DISC_DURATION_EVT (0x12)
08-17 23:45:47.799  2913  2939 I BrcmNfcNfa: NFA got event 0x0103
08-17 23:45:47.799  2913  2939 I BrcmNfcNfa: nfa_dm_evt_hdlr event: NFA_DM_API_GET_CONFIG_EVT (0x03)
08-17 23:45:47.799  2913  2939 D NfcAdaptation: NfcAdaptation::HalWrite
08-17 23:45:47.799   291   291 D NfcNciHal: HaiWrite: enter; len=5
08-17 23:45:47.799   291   291 D NfcNciHal: HaiWrite: enter; commandId = 1020320
08-17 23:45:47.799   291   291 I         : HAL_NfcWrite ()
08-17 23:45:47.799   291   291 D NfcNciHal: HaiWrite: exit 0
08-17 23:45:47.799   291   307 D         : nfc_hal_main_send_message() ls:0x1
08-17 23:45:47.799   291   307 D         : nfc_hal_dm_wake_nfcc () snooze_mode=8
08-17 23:45:47.799   291   307 D         : p_buf->len: 5
08-17 23:45:47.799   291   307 I BrcmNci : --
08-17 23:45:47.799   291   307 I BrcmNci : SENT NCI  Type:CMD   Name: CORE_GET_CONFIG(0x3)   PBF:No/Last   Param Len: 2/2 f:0x0
08-17 23:45:47.800   291   307 I BrcmNci :                               Num Params : 1 (0x01)
08-17 23:45:47.800   291   307 I BrcmNci :                              Param ID[0] : (82/0x52) LF_T3T_MAX
08-17 23:45:47.800   291   307 I BrcmNci : 
08-17 23:45:47.800   291   307 D BrcmNci : Raw NCI Packet
08-17 23:45:47.800   291   307 D BrcmNci : 0000: 20 03 02 01 52                                   ...R
08-17 23:45:47.800   291   307 I BrcmNci : --
08-17 23:45:47.800   291   307 D USERIAL_LINUX: USERIAL_Write: (5 bytes)
08-17 23:45:47.800   291   307 D USERIAL_LINUX: USERIAL_Write len = 5, ret = 5
08-17 23:45:47.803   291  2943 D USERIAL_LINUX: my_read: return 8(0x8) bytes, errno=0 count=5, n=1, timeout=-1
08-17 23:45:47.803   291  2943 D USERIAL_LINUX: userial_read_thread(): enqueued p_buf=0x7a359f4a1c, count=1, length=8
08-17 23:45:47.803   291  2943 D USERIAL_LINUX: my_read: enter, pbuf=7a359f6374, len = 511
08-17 23:45:47.803   291   307 I BrcmNci : --
08-17 23:45:47.803   291   307 I BrcmNci : RECV NCI  Type:RSP   Name: CORE_GET_CONFIG(0x3)   PBF:No/Last   Param Len: 5/5 f:0x0
08-17 23:45:47.803   291   307 I BrcmNci :                                   Status : OK (0x00)
08-17 23:45:47.804   291   307 I BrcmNci :                               Num Params : 1 (0x01)
08-17 23:45:47.804   291   307 I BrcmNci :                             Param ID [0] : (82/0x52) LF_T3T_MAX
08-17 23:45:47.804   291   307 I BrcmNci :                             Param Len[0] : 1 (0x01)
08-17 23:45:47.804   291   307 I BrcmNci :                             Param Val[0] : 10 
08-17 23:45:47.804   291   307 I BrcmNci : 
08-17 23:45:47.804   291   307 D BrcmNci : Raw NCI Packet
08-17 23:45:47.804   291   307 D BrcmNci : 0000: 40 03 05 00 01 52 01 10                         @....R..
08-17 23:45:47.804   291   307 I BrcmNci : --
08-17 23:45:47.804   291   307 D         : nfc_hal_nci_preproc_rx_nci_msg()  HAL State: 1
08-17 23:45:47.804   291   307 D         : nfc_hal_dm_wake_nfcc () snooze_mode=8
08-17 23:45:47.804   291   307 D NfcNciHal: BroadcomHalDataCallback: enter; len=8
08-17 23:45:47.804  2913  2939 I BrcmNfcNfa: NFC received rsp gid:0
08-17 23:45:47.804  2913  2939 I BrcmNfcNfa: nci_proc_core_rsp opcode:0x3
08-17 23:45:47.805  2913  2939 I BrcmNfcNfa: nfa_dm_nfc_response_cback () NFC_GET_CONFIG_REVT(0x5003)
08-17 23:45:47.805  2913  2939 D BrcmNfcJni: nfaDeviceManagementCallback: enter; event=0x3
08-17 23:45:47.805  2913  2939 D BrcmNfcJni: nfaDeviceManagementCallback: NFA_DM_GET_CONFIG_EVT
08-17 23:45:47.805  2913  2935 D BrcmNfcJni: nfcManager_doInitialize: lfT3tMax=16
08-17 23:45:47.805  2913  2935 D BrcmNfcJni: doStartupConfig: 
08-17 23:45:47.805  2913  2935 D BrcmNfcJni: nfcManager_doInitialize: exit
08-17 23:45:47.808  2913  2935 D BrcmNfcJni: RoutingManager::getRoutingTableFreeSpace: enter
08-17 23:45:47.808  2913  2935 I BrcmNfcNfa: NFA_EeGetLmrtRemainingSize()
08-17 23:45:47.808  2913  2939 I BrcmNfcNfa: NFA got event 0x0208
08-17 23:45:47.808  2913  2939 I BrcmNfcNfa: nfa_ee_evt_hdlr (): Event API_LMRT_REMAINING_SIZE(0x208), State: INIT_DONE(1)
08-17 23:45:47.808  2913  2939 I BrcmNfcNfa: nfa_ee_api_lmrt_remaining_size() max size:1024 remaining size:1024
08-17 23:45:47.808  2913  2939 D BrcmNfcJni: RoutingManager::nfaEeCallback: NFA_EE_REMAINING_SIZE_EVT  1024 bytes
08-17 23:45:47.808  2913  2935 D BrcmNfcJni: RoutingManager::getRoutingTableFreeSpace: 1024 bytes free
08-17 23:45:47.808  2913  2913 D BrcmNfcJni: RoutingManager::removeAidRouting: enter
08-17 23:45:47.809  2913  2913 I BrcmNfcNfa: NFA_EeRemoveAidRouting()
08-17 23:45:47.809  2913  2913 E BrcmNfcNfa: Bad AID
08-17 23:45:47.809  2913  2913 E BrcmNfcJni: RoutingManager::removeAidRouting: failed to remove AID
08-17 23:45:47.809  2913  2935 D NfcService: NCI_Version: 17
08-17 23:45:47.809  2913  2913 D AndroidRuntime: Shutting down VM
08-17 23:45:47.811  2913  2913 E AndroidRuntime: FATAL EXCEPTION: main
08-17 23:45:47.811  2913  2913 E AndroidRuntime: Process: com.android.nfc, PID: 2913
08-17 23:45:47.811  2913  2913 E AndroidRuntime: java.lang.NullPointerException
08-17 23:45:47.811  2913  2913 E AndroidRuntime: 	at com.android.nfc.dhimpl.NativeNfcManager.unrouteAid(Native Method)
08-17 23:45:47.811  2913  2913 E AndroidRuntime: 	at com.android.nfc.NfcService$NfcServiceHandler.handleMessage(NfcService.java:2239)
08-17 23:45:47.811  2913  2913 E AndroidRuntime: 	at android.os.Handler.dispatchMessage(Handler.java:107)
08-17 23:45:47.811  2913  2913 E AndroidRuntime: 	at android.os.Looper.loop(Looper.java:214)
08-17 23:45:47.811  2913  2913 E AndroidRuntime: 	at android.app.ActivityThread.main(ActivityThread.java:7356)
08-17 23:45:47.811  2913  2913 E AndroidRuntime: 	at java.lang.reflect.Method.invoke(Native Method)
08-17 23:45:47.811  2913  2913 E AndroidRuntime: 	at com.android.internal.os.RuntimeInit$MethodAndArgsCaller.run(RuntimeInit.java:492)
08-17 23:45:47.811  2913  2913 E AndroidRuntime: 	at com.android.internal.os.ZygoteInit.main(ZygoteInit.java:930)
08-17 23:45:47.815  2913  2935 I NfcService: enableInternal(); screenState=8
08-17 23:45:47.815  2913  2935 D NativeNfcManager: power state=4
08-17 23:45:47.815  2913  2935 D BrcmNfcJni: PowerSwitch::com_android_nfc_NativeNfcManager_doSetPowerMode: mode=0x4; screen on unlocked
08-17 23:45:47.816   465  2984 I DropBoxManagerService: add tag=system_app_crash isTagEnabled=true flags=0x2
08-17 23:45:47.816  2913  2935 D BrcmNfcJni: nfcManager_enableDiscovery: enter
08-17 23:45:47.816  2913  2935 D BrcmNfcJni: stopDiscoveryDeferredAbortNow
08-17 23:45:47.816   465   807 W RescueParty: Noticed 3 events for UID 1027 in last 5 sec
08-17 23:45:47.816  2913  2935 D BrcmNfcJni: nfcManager_enableDiscoveryImpl: enter; tech_mask = 0x000000e7 reader_mode=0 mpos_mode=0 bit_transparent_mode=0 enable_p2p=0
08-17 23:45:47.816  2913  2935 D BrcmNfcJni: com_android_nfc_broadcom_AidFilter_doDisableFilterCondition: enter
08-17 23:45:47.816  2913  2935 D BrcmNfcJni: DisableFilterCondition tag=0xf1
08-17 23:45:47.816  2913  2935 D NfcAdaptation: find found ENABLE_AID_FILTERING=(0x0)
08-17 23:45:47.816  2913  2935 D BrcmNfcJni: IsEnabled: ENABLE_AID_FILTERING=0
08-17 23:45:47.816  2913  2935 D BrcmNfcJni: Aid Filter feature is disabled.
08-17 23:45:47.817  2913  2935 D BrcmNfcJni: com_android_nfc_broadcom_AidFilter_doDisableFilterCondition: exit; return=1
08-17 23:45:47.817  2913  2935 D BrcmNfcJni: stopPolling_rfDiscoveryDisabled: disable polling
08-17 23:45:47.817  2913  2935 I BrcmNfcNfa: NFA_DisablePolling ()
08-17 23:45:47.817  2913  2939 I BrcmNfcNfa: NFA got event 0x0107
08-17 23:45:47.817  2913  2939 I BrcmNfcNfa: nfa_dm_evt_hdlr event: NFA_DM_API_DISABLE_POLLING_EVT (0x07)
08-17 23:45:47.817  2913  2939 I BrcmNfcNfa: nfa_dm_act_disable_polling ()
08-17 23:45:47.817  2913  2939 D BrcmNfcJni: nfaConnectionCallback: event= 1
08-17 23:45:47.817  2913  2939 D BrcmNfcJni: startReadTagsWorkaroundDeferred: enter
08-17 23:45:47.817  2913  2939 D BrcmNfcJni: startReadTagsWorkaroundDeferred: exit
08-17 23:45:47.817  2913  2939 D BrcmNfcJni: nfaConnectionCallback: NFA_POLL_DISABLED_EVT: status = 8194
08-17 23:45:47.817  2913  2935 I BrcmNfcNfa: NFA_GetConfig (): num_ids: 1
08-17 23:45:47.817  2913  2939 I BrcmNfcNfa: NFA got event 0x0103
08-17 23:45:47.817  2913  2939 I BrcmNfcNfa: nfa_dm_evt_hdlr event: NFA_DM_API_GET_CONFIG_EVT (0x03)
08-17 23:45:47.817  2913  2939 D NfcAdaptation: NfcAdaptation::HalWrite
08-17 23:45:47.818   291   291 D NfcNciHal: HaiWrite: enter; len=5
08-17 23:45:47.818   291   291 D NfcNciHal: HaiWrite: enter; commandId = 1020320
08-17 23:45:47.818   291   291 I         : HAL_NfcWrite ()
08-17 23:45:47.818   291   291 D NfcNciHal: HaiWrite: exit 0
08-17 23:45:47.818   291   307 D         : nfc_hal_main_send_message() ls:0x1
08-17 23:45:47.818   291   307 D         : nfc_hal_dm_wake_nfcc () snooze_mode=8
08-17 23:45:47.818   291   307 D         : p_buf->len: 5
08-17 23:45:47.818   291   307 I BrcmNci : --
08-17 23:45:47.818   291   307 I BrcmNci : SENT NCI  Type:CMD   Name: CORE_GET_CONFIG(0x3)   PBF:No/Last   Param Len: 2/2 f:0x0
08-17 23:45:47.818   291   307 I BrcmNci :                               Num Params : 1 (0x01)
08-17 23:45:47.818   291   307 I BrcmNci :                              Param ID[0] : (185/0xb9) TAGSNIFF_CFG
08-17 23:45:47.818   291   307 I BrcmNci : 
08-17 23:45:47.818   291   307 D BrcmNci : Raw NCI Packet
08-17 23:45:47.818   291   307 D BrcmNci : 0000: 20 03 02 01 b9                                   ....
08-17 23:45:47.818   291   307 I BrcmNci : --
08-17 23:45:47.818   291   307 D USERIAL_LINUX: USERIAL_Write: (5 bytes)
08-17 23:45:47.819   465   807 W ActivityManager: Process com.android.nfc has crashed too many times: killing!
08-17 23:45:47.819   291   307 D USERIAL_LINUX: USERIAL_Write len = 5, ret = 5
08-17 23:45:47.824   291  2943 D USERIAL_LINUX: my_read: return 41(0x29) bytes, errno=0 count=38, n=1, timeout=-1
08-17 23:45:47.824   291  2943 D USERIAL_LINUX: userial_read_thread(): enqueued p_buf=0x7a359f636c, count=1, length=41
08-17 23:45:47.824   291  2943 D USERIAL_LINUX: my_read: enter, pbuf=7a359f58e8, len = 511
08-17 23:45:47.827   291   307 I BrcmNci : --
08-17 23:45:47.827   291   307 I BrcmNci : RECV NCI  Type:RSP   Name: CORE_GET_CONFIG(0x3)   PBF:No/Last   Param Len: 38/38 f:0x0
08-17 23:45:47.827   291   307 I BrcmNci :                                   Status : OK (0x00)
08-17 23:45:47.827   291   307 I BrcmNci :                               Num Params : 1 (0x01)
08-17 23:45:47.827   291   307 I BrcmNci :                             Param ID [0] : (185/0xb9) TAGSNIFF_CFG
08-17 23:45:47.827   291   307 I BrcmNci :                             Param Len[0] : 34 (0x22)
08-17 23:45:47.827   291   307 I BrcmNci :                             Param Val[0] : 10 00 00 06 00 00 00 2d 00 07 16 00 06 00 00 b8 
08-17 23:45:47.827   291   307 I BrcmNci :                                       10 : 01 00 00 00 03 00 00 00 00 00 00 00 00 00 00 00 
08-17 23:45:47.827   291   307 I BrcmNci :                                       20 : 00 00 
08-17 23:45:47.827   291   307 I BrcmNci : 
08-17 23:45:47.827   291   307 D BrcmNci : Raw NCI Packet
