--------- beginning of system
08-17 23:45:13.977   166   166 I vold    : Vold 3.0 (the awakening) firing up
08-17 23:45:13.978   166   166 D vold    : Detected support for: ext4 f2fs vfat
08-17 23:45:13.981   166   166 D vold    : Found unmanaged dm device named product
08-17 23:45:13.981   166   166 D vold    : Found unmanaged dm device named vendor
08-17 23:45:13.981   166   166 D vold    : Found unmanaged dm device named system
08-17 23:45:13.981   166   166 D vold    : Found unmanaged dm device named odm
08-17 23:45:13.981   166   166 D vold    : Found unmanaged dm device named scratch
08-17 23:45:13.982   166   166 W vold    : Failed to LOOP_GET_STATUS64 /dev/block/loop3: No such device or address
08-17 23:45:13.982   166   166 W vold    : Failed to LOOP_GET_STATUS64 /dev/block/loop14: No such device or address
08-17 23:45:13.982   166   166 W vold    : Failed to LOOP_GET_STATUS64 /dev/block/loop11: No such device or address
08-17 23:45:13.982   166   166 W vold    : Failed to LOOP_GET_STATUS64 /dev/block/loop7: No such device or address
08-17 23:45:13.982   166   166 W vold    : Failed to LOOP_GET_STATUS64 /dev/block/loop2: No such device or address
08-17 23:45:13.982   166   166 W vold    : Failed to LOOP_GET_STATUS64 /dev/block/loop15: No such device or address
08-17 23:45:13.982   166   166 W vold    : Failed to LOOP_GET_STATUS64 /dev/block/loop13: No such device or address
08-17 23:45:13.982   166   166 D vold    : Found unmanaged loop device at /dev/block/loop1 named apex:
08-17 23:45:13.982   166   166 W vold    : Failed to LOOP_GET_STATUS64 /dev/block/loop8: No such device or address
08-17 23:45:13.983   166   166 W vold    : Failed to LOOP_GET_STATUS64 /dev/block/loop12: No such device or address
08-17 23:45:13.983   166   166 D vold    : Found unmanaged loop device at /dev/block/loop0 named apex:
08-17 23:45:13.983   166   166 W vold    : Failed to LOOP_GET_STATUS64 /dev/block/loop10: No such device or address
08-17 23:45:13.983   166   166 W vold    : Failed to LOOP_GET_STATUS64 /dev/block/loop6: No such device or address
08-17 23:45:13.983   166   166 W vold    : Failed to LOOP_GET_STATUS64 /dev/block/loop5: No such device or address
08-17 23:45:13.983   166   166 W vold    : Failed to LOOP_GET_STATUS64 /dev/block/loop9: No such device or address
08-17 23:45:13.983   166   166 W vold    : Failed to LOOP_GET_STATUS64 /dev/block/loop4: No such device or address
08-17 23:45:13.985   166   166 D vold    : VoldNativeService::start() completed OK
08-17 23:45:14.098   166   166 I Checkpoint: Validating checkpoint on /dev/block/by-name/userdata
08-17 23:45:14.099   166   166 E Checkpoint: No magic
08-17 23:45:14.258   166   166 I Checkpoint: cp_prepareCheckpoint called
08-17 23:45:14.289   166   166 I vold    : fscrypt_initialize_systemwide_keys
08-17 23:45:14.290   166   166 D vold    : Key exists, using: /data/unencrypted/key
08-17 23:45:14.297   166   166 I vold    : List of Keymaster HALs found:
08-17 23:45:14.298   166   166 I vold    : Keymaster HAL #1: SoftwareWrappedKeymaster2Device from Google SecurityLevel: TRUSTED_ENVIRONMENT HAL: android.hardware.keymaster@3.0::IKeymasterDevice/default
08-17 23:45:14.298   166   166 I vold    : Using SoftwareWrappedKeymaster2Device from Google for encryption.  Security level: TRUSTED_ENVIRONMENT, HAL: android.hardware.keymaster@3.0::IKeymasterDevice/default
08-17 23:45:14.304   166   166 D vold    : Added key 964455646 (ext4:2cff0180c6726ddc) to keyring 8402970 in process 166
08-17 23:45:14.304   166   166 D vold    : Added key 107496609 (f2fs:2cff0180c6726ddc) to keyring 8402970 in process 166
08-17 23:45:14.304   166   166 D vold    : Added key 180192776 (fscrypt:2cff0180c6726ddc) to keyring 8402970 in process 166
08-17 23:45:14.319   166   166 I vold    : Wrote system DE key reference to:/data/unencrypted/ref
08-17 23:45:14.319   166   166 D vold    : Added key 575914988 (ext4:6a5fc2317803f363) to keyring 8402970 in process 166
08-17 23:45:14.319   166   166 D vold    : Added key 569753600 (f2fs:6a5fc2317803f363) to keyring 8402970 in process 166
08-17 23:45:14.319   166   166 D vold    : Added key 1068007274 (fscrypt:6a5fc2317803f363) to keyring 8402970 in process 166
08-17 23:45:14.324   166   166 I vold    : Wrote per boot key reference to:/data/unencrypted/per_boot_ref
08-17 23:45:14.457   166   180 D vold    : Disk at 7:16 changed
08-17 23:45:14.464   166   180 D vold    : Disk at 7:16 changed
08-17 23:45:14.486   166   180 D vold    : Disk at 7:24 changed
08-17 23:45:14.496   166   180 D vold    : Disk at 7:24 changed
08-17 23:45:14.529   166   180 D vold    : Disk at 7:32 changed
08-17 23:45:14.534   166   180 D vold    : Disk at 7:32 changed
08-17 23:45:14.558   166   180 D vold    : Disk at 7:40 changed
08-17 23:45:14.566   166   180 D vold    : Disk at 7:40 changed
08-17 23:45:14.595   166   180 D vold    : Disk at 7:48 changed
08-17 23:45:14.603   166   180 D vold    : Disk at 7:48 changed
08-17 23:45:14.635   166   180 D vold    : Disk at 7:56 changed
08-17 23:45:14.643   166   180 D vold    : Disk at 7:56 changed
08-17 23:45:14.670   166   180 D vold    : Disk at 7:64 changed
08-17 23:45:14.678   166   180 D vold    : Disk at 7:64 changed
08-17 23:45:14.749   166   166 D vold    : fscrypt_init_user0
08-17 23:45:14.749   166   166 D vold    : Preparing: /data/misc/vold/user_keys
08-17 23:45:14.750   166   166 D vold    : Preparing: /data/misc/vold/user_keys/ce
08-17 23:45:14.750   166   166 D vold    : Preparing: /data/misc/vold/user_keys/de
08-17 23:45:14.751   166   166 D vold    : Skipping non-de-key ..
08-17 23:45:14.751   166   166 D vold    : Skipping non-de-key .
08-17 23:45:14.757   166   166 I vold    : List of Keymaster HALs found:
08-17 23:45:14.757   166   166 I vold    : Keymaster HAL #1: SoftwareWrappedKeymaster2Device from Google SecurityLevel: TRUSTED_ENVIRONMENT HAL: android.hardware.keymaster@3.0::IKeymasterDevice/default
08-17 23:45:14.758   166   166 I vold    : Using SoftwareWrappedKeymaster2Device from Google for encryption.  Security level: TRUSTED_ENVIRONMENT, HAL: android.hardware.keymaster@3.0::IKeymasterDevice/default
08-17 23:45:14.760   166   166 D vold    : Added key 925670757 (ext4:8176cbdcca0b217a) to keyring 8402970 in process 166
08-17 23:45:14.760   166   166 D vold    : Added key 269788516 (f2fs:8176cbdcca0b217a) to keyring 8402970 in process 166
08-17 23:45:14.760   166   166 D vold    : Added key 886237248 (fscrypt:8176cbdcca0b217a) to keyring 8402970 in process 166
08-17 23:45:14.760   166   166 D vold    : Installed de key for user 0
08-17 23:45:14.760   166   166 D vold    : fscrypt_prepare_user_storage for volume null, user 0, serial 0, flags 1
08-17 23:45:14.760   166   166 D vold    : Preparing: /data/system/users/0
08-17 23:45:14.760   166   166 D vold    : Preparing: /data/misc/profiles/cur/0
08-17 23:45:14.761   166   166 D vold    : Preparing: /data/system_de/0
08-17 23:45:14.762   166   166 D vold    : Preparing: /data/misc_de/0
08-17 23:45:14.762   166   166 D vold    : Preparing: /data/vendor_de/0
08-17 23:45:14.762   166   166 D vold    : Preparing: /data/user_de/0
08-17 23:45:14.763   166   166 I vold    : Found policy 8176cbdcca0b217a at /data/system_de/0 which matches expected value
08-17 23:45:14.764   166   166 I vold    : Found policy 8176cbdcca0b217a at /data/misc_de/0 which matches expected value
08-17 23:45:14.765   166   166 I vold    : Found policy 8176cbdcca0b217a at /data/vendor_de/0 which matches expected value
08-17 23:45:14.767   166   166 I vold    : Found policy 8176cbdcca0b217a at /data/user_de/0 which matches expected value
08-17 23:45:14.767   166   166 D vold    : /system/bin/vold_prepare_subdirs
08-17 23:45:14.767   166   166 D vold    :     prepare
08-17 23:45:14.767   166   166 D vold    :     
08-17 23:45:14.767   166   166 D vold    :     0
08-17 23:45:14.767   166   166 D vold    :     1
08-17 23:45:15.445   296   296 I android.hardware.wifi@1.0-service: Wifi Hal is booting up...
08-17 23:45:15.446   296   296 I ServiceManagement: Registered android.hardware.wifi@1.3::IWifi/default (start delay of 275ms)
08-17 23:45:16.080   355   355 I installd: installd firing up
08-17 23:45:16.139   363   363 I wificond: wificond is starting up...
08-17 23:45:16.197   366   366 D DrmService: ----------------running drmservice---------------
08-17 23:45:16.197   366   366 E DrmService: rknand_sys_storage open fail
08-17 23:45:16.197   366   366 D DrmService: Get HID data:
08-17 23:45:16.227   366   366 E DrmService: Unable to open path (/sys/class/android_usb/android0/iSerial),error is(No such file or directory)
08-17 23:45:16.227   366   366 E DrmService: try /config/usb_gadget/g1/strings/0x409/serialnumber
08-17 23:45:16.557   187   436 D BootAnimation: BootAnimationShownTiming start time: 5525ms
08-17 23:45:17.084   271   271 D Zygote64Timing: BeginPreload took to complete: 48ms
08-17 23:45:17.104   272   272 D Zygote32Timing: PostZygoteInitGC took to complete: 18ms
08-17 23:45:17.104   272   272 D Zygote32Timing: ZygoteInit took to complete: 18ms
08-17 23:45:18.398   271   271 D Zygote64Timing: PreloadClasses took to complete: 1313ms
08-17 23:45:18.408   271   271 D Zygote64Timing: CacheNonBootClasspathClassLoaders took to complete: 10ms
08-17 23:45:18.839   271   271 D Zygote64Timing: PreloadResources took to complete: 432ms
08-17 23:45:18.928   271   271 D Zygote64Timing: ZygotePreload took to complete: 1893ms
08-17 23:45:18.981   271   271 D Zygote64Timing: PostZygoteInitGC took to complete: 53ms
08-17 23:45:18.981   271   271 D Zygote64Timing: ZygoteInit took to complete: 1946ms
08-17 23:45:19.217   465   465 I SystemServer: InitBeforeStartServices
08-17 23:45:19.223   465   465 I SystemServer: Entered the Android system server!
08-17 23:45:19.542   465   465 D SystemServerTiming: InitBeforeStartServices took to complete: 325ms
08-17 23:45:19.543   465   465 I SystemServer: StartServices
08-17 23:45:19.543   465   465 I SystemServer: StartWatchdog
08-17 23:45:19.561   465   465 D SystemServerTiming: StartWatchdog took to complete: 18ms
08-17 23:45:19.561   465   465 I SystemServer: Reading configuration...
08-17 23:45:19.561   465   465 I SystemServer: ReadingSystemConfig
08-17 23:45:19.562   465   465 D SystemServerTiming: ReadingSystemConfig took to complete: 0ms
08-17 23:45:19.562   465   465 I SystemServer: StartInstaller
08-17 23:45:19.562   465   465 I SystemServiceManager: Starting com.android.server.pm.Installer
08-17 23:45:19.562   465   491 D SystemServerInitThreadPool: Started executing ReadingSystemConfig
08-17 23:45:19.571   465   465 D SystemServerTiming: StartInstaller took to complete: 9ms
08-17 23:45:19.571   465   465 I SystemServer: DeviceIdentifiersPolicyService
08-17 23:45:19.571   465   465 I SystemServiceManager: Starting com.android.server.os.DeviceIdentifiersPolicyService
08-17 23:45:19.572   465   465 D SystemServerTiming: DeviceIdentifiersPolicyService took to complete: 1ms
08-17 23:45:19.572   465   465 I SystemServer: UriGrantsManagerService
08-17 23:45:19.572   465   465 I SystemServiceManager: Starting com.android.server.uri.UriGrantsManagerService$Lifecycle
08-17 23:45:19.580   465   465 D SystemServerTiming: UriGrantsManagerService took to complete: 7ms
08-17 23:45:19.580   465   465 I SystemServer: StartActivityManager
08-17 23:45:19.580   465   465 I SystemServiceManager: Starting com.android.server.wm.ActivityTaskManagerService$Lifecycle
08-17 23:45:19.594   465   465 I SystemServiceManager: Starting com.android.server.am.ActivityManagerService$Lifecycle
08-17 23:45:19.620   465   465 I ActivityManager: Memory class: 192
08-17 23:45:19.645   465   465 D BatteryStatsImpl: Reading daily items from /data/system/batterystats-daily.xml
08-17 23:45:19.669   465   498 E BatteryExternalStatsWorker: Error updating external stats: 
08-17 23:45:19.669   465   498 E BatteryExternalStatsWorker: java.lang.NullPointerException: Attempt to invoke virtual method 'boolean android.content.pm.PackageManager.hasSystemFeature(java.lang.String)' on a null object reference
08-17 23:45:19.669   465   498 E BatteryExternalStatsWorker: 	at com.android.server.am.BatteryExternalStatsWorker.updateExternalStatsLocked(BatteryExternalStatsWorker.java:453)
08-17 23:45:19.669   465   498 E BatteryExternalStatsWorker: 	at com.android.server.am.BatteryExternalStatsWorker.access$900(BatteryExternalStatsWorker.java:63)
08-17 23:45:19.669   465   498 E BatteryExternalStatsWorker: 	at com.android.server.am.BatteryExternalStatsWorker$1.run(BatteryExternalStatsWorker.java:363)
08-17 23:45:19.669   465   498 E BatteryExternalStatsWorker: 	at java.util.concurrent.Executors$RunnableAdapter.call(Executors.java:462)
08-17 23:45:19.669   465   498 E BatteryExternalStatsWorker: 	at java.util.concurrent.FutureTask.run(FutureTask.java:266)
08-17 23:45:19.669   465   498 E BatteryExternalStatsWorker: 	at java.util.concurrent.ScheduledThreadPoolExecutor$ScheduledFutureTask.run(ScheduledThreadPoolExecutor.java:301)
08-17 23:45:19.669   465   498 E BatteryExternalStatsWorker: 	at java.util.concurrent.ThreadPoolExecutor.runWorker(ThreadPoolExecutor.java:1167)
08-17 23:45:19.669   465   498 E BatteryExternalStatsWorker: 	at java.util.concurrent.ThreadPoolExecutor$Worker.run(ThreadPoolExecutor.java:641)
08-17 23:45:19.669   465   498 E BatteryExternalStatsWorker: 	at com.android.server.am.BatteryExternalStatsWorker.lambda$new$0(BatteryExternalStatsWorker.java:81)
08-17 23:45:19.669   465   498 E BatteryExternalStatsWorker: 	at com.android.server.am.-$$Lambda$BatteryExternalStatsWorker$ddVY5lmqswnSjXppAxPTOHbuzzQ.run(Unknown Source:2)
08-17 23:45:19.669   465   498 E BatteryExternalStatsWorker: 	at java.lang.Thread.run(Thread.java:919)
08-17 23:45:19.674   465   491 W SystemConfig: No directory /product_services/etc/sysconfig, skipping
08-17 23:45:19.674   465   491 W SystemConfig: No directory /product_services/etc/permissions, skipping
08-17 23:45:19.674   465   491 D SystemServerInitThreadPool: Finished executing ReadingSystemConfig
08-17 23:45:19.674   465   498 E AndroidRuntime: Error reporting WTF
08-17 23:45:19.674   465   498 E AndroidRuntime: java.lang.NullPointerException: Attempt to invoke interface method 'boolean android.app.IActivityManager.handleApplicationWtf(android.os.IBinder, java.lang.String, boolean, android.app.ApplicationErrorReport$ParcelableCrashInfo)' on a null object reference
08-17 23:45:19.674   465   498 E AndroidRuntime: 	at com.android.internal.os.RuntimeInit.wtf(RuntimeInit.java:385)
08-17 23:45:19.674   465   498 E AndroidRuntime: 	at android.util.Log$1.onTerribleFailure(Log.java:120)
08-17 23:45:19.674   465   498 E AndroidRuntime: 	at android.util.Log.wtf(Log.java:314)
08-17 23:45:19.674   465   498 E AndroidRuntime: 	at android.util.Slog.wtf(Slog.java:130)
08-17 23:45:19.674   465   498 E AndroidRuntime: 	at com.android.server.am.BatteryExternalStatsWorker$1.run(BatteryExternalStatsWorker.java:386)
08-17 23:45:19.674   465   498 E AndroidRuntime: 	at java.util.concurrent.Executors$RunnableAdapter.call(Executors.java:462)
08-17 23:45:19.674   465   498 E AndroidRuntime: 	at java.util.concurrent.FutureTask.run(FutureTask.java:266)
08-17 23:45:19.674   465   498 E AndroidRuntime: 	at java.util.concurrent.ScheduledThreadPoolExecutor$ScheduledFutureTask.run(ScheduledThreadPoolExecutor.java:301)
08-17 23:45:19.674   465   498 E AndroidRuntime: 	at java.util.concurrent.ThreadPoolExecutor.runWorker(ThreadPoolExecutor.java:1167)
08-17 23:45:19.674   465   498 E AndroidRuntime: 	at java.util.concurrent.ThreadPoolExecutor$Worker.run(ThreadPoolExecutor.java:641)
08-17 23:45:19.674   465   498 E AndroidRuntime: 	at com.android.server.am.BatteryExternalStatsWorker.lambda$new$0(BatteryExternalStatsWorker.java:81)
08-17 23:45:19.674   465   498 E AndroidRuntime: 	at com.android.server.am.-$$Lambda$BatteryExternalStatsWorker$ddVY5lmqswnSjXppAxPTOHbuzzQ.run(Unknown Source:2)
08-17 23:45:19.674   465   498 E AndroidRuntime: 	at java.lang.Thread.run(Thread.java:919)
08-17 23:45:19.675   465   498 E AndroidRuntime: Original WTF:
08-17 23:45:19.675   465   498 E AndroidRuntime: android.util.Log$TerribleFailure: Error updating external stats: 
08-17 23:45:19.675   465   498 E AndroidRuntime: 	at android.util.Log.wtf(Log.java:309)
08-17 23:45:19.675   465   498 E AndroidRuntime: 	at android.util.Slog.wtf(Slog.java:130)
08-17 23:45:19.675   465   498 E AndroidRuntime: 	at com.android.server.am.BatteryExternalStatsWorker$1.run(BatteryExternalStatsWorker.java:386)
08-17 23:45:19.675   465   498 E AndroidRuntime: 	at java.util.concurrent.Executors$RunnableAdapter.call(Executors.java:462)
08-17 23:45:19.675   465   498 E AndroidRuntime: 	at java.util.concurrent.FutureTask.run(FutureTask.java:266)
08-17 23:45:19.675   465   498 E AndroidRuntime: 	at java.util.concurrent.ScheduledThreadPoolExecutor$ScheduledFutureTask.run(ScheduledThreadPoolExecutor.java:301)
08-17 23:45:19.675   465   498 E AndroidRuntime: 	at java.util.concurrent.ThreadPoolExecutor.runWorker(ThreadPoolExecutor.java:1167)
08-17 23:45:19.675   465   498 E AndroidRuntime: 	at java.util.concurrent.ThreadPoolExecutor$Worker.run(ThreadPoolExecutor.java:641)
08-17 23:45:19.675   465   498 E AndroidRuntime: 	at com.android.server.am.BatteryExternalStatsWorker.lambda$new$0(BatteryExternalStatsWorker.java:81)
08-17 23:45:19.675   465   498 E AndroidRuntime: 	at com.android.server.am.-$$Lambda$BatteryExternalStatsWorker$ddVY5lmqswnSjXppAxPTOHbuzzQ.run(Unknown Source:2)
08-17 23:45:19.675   465   498 E AndroidRuntime: 	at java.lang.Thread.run(Thread.java:919)
08-17 23:45:19.675   465   498 E AndroidRuntime: Caused by: java.lang.NullPointerException: Attempt to invoke virtual method 'boolean android.content.pm.PackageManager.hasSystemFeature(java.lang.String)' on a null object reference
08-17 23:45:19.675   465   498 E AndroidRuntime: 	at com.android.server.am.BatteryExternalStatsWorker.updateExternalStatsLocked(BatteryExternalStatsWorker.java:453)
08-17 23:45:19.675   465   498 E AndroidRuntime: 	at com.android.server.am.BatteryExternalStatsWorker.access$900(BatteryExternalStatsWorker.java:63)
08-17 23:45:19.675   465   498 E AndroidRuntime: 	at com.android.server.am.BatteryExternalStatsWorker$1.run(BatteryExternalStatsWorker.java:363)
08-17 23:45:19.675   465   498 E AndroidRuntime: 	... 8 more
08-17 23:45:19.753   465   465 I IntentFirewall: Read new rules (A:0 B:0 S:0)
08-17 23:45:19.779   465   465 D AppOps  : AppOpsService published
08-17 23:45:19.785   465   465 D SystemServerTiming: StartActivityManager took to complete: 206ms
08-17 23:45:19.785   465   465 I SystemServer: StartPowerManager
08-17 23:45:19.785   465   465 I SystemServiceManager: Starting com.android.server.power.PowerManagerService
08-17 23:45:19.804   465   465 D SystemServerTiming: StartPowerManager took to complete: 19ms
08-17 23:45:19.804   465   465 I SystemServer: StartThermalManager
08-17 23:45:19.804   465   465 I SystemServiceManager: Starting com.android.server.power.ThermalManagerService
08-17 23:45:19.806   465   465 D SystemServerTiming: StartThermalManager took to complete: 2ms
08-17 23:45:19.806   465   465 I SystemServer: InitPowerManagement
08-17 23:45:19.807   465   465 D SystemServerTiming: InitPowerManagement took to complete: 1ms
08-17 23:45:19.807   465   465 I SystemServer: StartRecoverySystemService
08-17 23:45:19.807   465   465 I SystemServiceManager: Starting com.android.server.RecoverySystemService
08-17 23:45:19.809   465   465 D SystemServerTiming: StartRecoverySystemService took to complete: 2ms
08-17 23:45:19.811   465   465 W RescueParty: Noticed 1 events for UID 0 in last 8 sec
08-17 23:45:19.811   465   465 I SystemServer: StartLightsService
08-17 23:45:19.811   465   465 I SystemServiceManager: Starting com.android.server.lights.LightsService
08-17 23:45:19.816   465   465 D SystemServerTiming: StartLightsService took to complete: 5ms
08-17 23:45:19.816   465   465 I SystemServer: StartSidekickService
08-17 23:45:19.816   465   465 D SystemServerTiming: StartSidekickService took to complete: 0ms
08-17 23:45:19.817   465   465 I SystemServer: StartDisplayManager
08-17 23:45:19.817   465   465 I SystemServiceManager: Starting com.android.server.display.DisplayManagerService
08-17 23:45:19.825   465   465 D SystemServerTiming: StartDisplayManager took to complete: 8ms
08-17 23:45:19.825   465   465 I SystemServer: WaitForDisplay
08-17 23:45:19.825   465   465 I SystemServiceManager: Starting phase 100
08-17 23:45:19.834   465   487 I DisplayManagerService: Display device added: DisplayDeviceInfo{"Built-in Screen": uniqueId="local:0", 1280 x 800, modeId 1, defaultModeId 1, supportedModes [{id=1, width=1280, height=800, fps=53.0}], colorMode 0, supportedColorModes [0], HdrCapabilities android.view.Display$HdrCapabilities@40f16308, density 160, 213.0 x 213.0 dpi, appVsyncOff 1000000, presDeadline 18867924, touch INTERNAL, rotation 0, type BUILT_IN, address {port=0}, state UNKNOWN, FLAG_DEFAULT_DISPLAY, FLAG_ROTATES_WITH_CONTENT, FLAG_SECURE, FLAG_SUPPORTS_PROTECTED_BUFFERS}
08-17 23:45:19.839   465   487 I DisplayManagerService: Display device changed state: "Built-in Screen", ON
08-17 23:45:19.839   465   465 D SystemServerTiming: WaitForDisplay took to complete: 14ms
08-17 23:45:19.839   465   465 I SystemServer: StartPackageManagerService
08-17 23:45:19.839   465   465 I Watchdog: Pausing HandlerChecker: main thread for reason: packagemanagermain. Pause count: 1
08-17 23:45:19.891   465   465 D SELinuxMMAC: Using policy file /system/etc/selinux/plat_mac_permissions.xml
08-17 23:45:19.894   465   465 D SELinuxMMAC: Using policy file /vendor/etc/selinux/vendor_mac_permissions.xml
08-17 23:45:20.023   465   465 W PackageManager: Unknown element under <package>: uses-static-lib
08-17 23:45:20.030   465   465 W PackageManager: Unknown element under <package>: uses-static-lib
08-17 23:45:20.129   465   465 D PackageManager: Keeping known cache 8233fac1e388cb02096c8f3081f3a494a0648269
08-17 23:45:20.130   465   465 W PackageManager: Wiping cache directory because the system partition changed.
08-17 23:45:20.154   465   465 W PackageManager: Failed to parse /system/framework/arm: Missing base APK in /system/framework/arm
08-17 23:45:20.154   465   465 W PackageManager: Failed to parse /system/framework/oat: Missing base APK in /system/framework/oat
08-17 23:45:20.154   465   465 W PackageManager: Failed to parse /system/framework/arm64: Missing base APK in /system/framework/arm64
08-17 23:45:20.278   465   465 W PackageManager: Skipping provider name androidx.lifecycle.process.lifecycle-process (in package com.android.systemui): name already used by com.android.settings
08-17 23:45:20.337   465   465 I PackageManager: Finished scanning system apps. Time: 209 ms, packageCount: 145 , timePerPackage: 1 , cached: 145
08-17 23:45:20.349   465   465 I PackageManager: Finished scanning non-system apps. Time: 12 ms, packageCount: 2 , timePerPackage: 6 , cached: 2
08-17 23:45:20.355   465   465 I PackageManager: Time to scan packages: 0.228 seconds
08-17 23:45:20.356   465   465 I PackageManager: Un-granting permission com.google.android.googleapps.permission.GOOGLE_AUTH from package com.android.providers.calendar (protectionLevel=2 flags=0x30083e45)
08-17 23:45:20.356   465   465 I PackageManager: Un-granting permission com.google.android.googleapps.permission.GOOGLE_AUTH.cl from package com.android.providers.calendar (protectionLevel=2 flags=0x30083e45)
08-17 23:45:20.357   465   465 I PackageManager: Un-granting permission android.permission.GLOBAL_SEARCH from package com.android.quicksearchbox (protectionLevel=18 flags=0x3008be45)
08-17 23:45:20.358   465   465 I PackageManager: Un-granting permission android.permission.WRITE_MEDIA_STORAGE from package com.android.soundrecorder (protectionLevel=18 flags=0x3008be45)
08-17 23:45:20.358   465   465 I PackageManager: Un-granting permission android.permission.MOUNT_UNMOUNT_FILESYSTEMS from package com.android.soundrecorder (protectionLevel=18 flags=0x3008be45)
08-17 23:45:20.358   465   465 I PackageManager: Un-granting permission android.permission.WRITE_DEVICE_CONFIG from package com.android.vending (protectionLevel=524802 flags=0x384abe45)
08-17 23:45:20.358   465   465 I PackageManager: Un-granting permission android.permission.SEND_DOWNLOAD_COMPLETED_INTENTS from package com.android.vending (protectionLevel=2 flags=0x384abe45)
08-17 23:45:20.358   465   465 I PackageManager: Un-granting permission android.permission.INSTALL_GRANT_RUNTIME_PERMISSIONS from package com.android.vending (protectionLevel=770 flags=0x384abe45)
08-17 23:45:20.359   465   465 I PackageManager: Un-granting permission android.permission.GRANT_RUNTIME_PERMISSIONS from package com.android.vending (protectionLevel=770 flags=0x384abe45)
08-17 23:45:20.359   465   465 I PackageManager: Un-granting permission android.permission.REVOKE_RUNTIME_PERMISSIONS from package com.android.vending (protectionLevel=770 flags=0x384abe45)
08-17 23:45:20.359   465   465 I PackageManager: Un-granting permission android.permission.SET_PREFERRED_APPLICATIONS from package com.android.vending (protectionLevel=770 flags=0x384abe45)
08-17 23:45:20.359   465   465 I PackageManager: Un-granting permission android.permission.ACCESS_INSTANT_APPS from package com.android.vending (protectionLevel=131842 flags=0x384abe45)
08-17 23:45:20.359   465   465 I PackageManager: Un-granting permission android.permission.MANAGE_APP_OPS_MODES from package com.android.vending (protectionLevel=770 flags=0x384abe45)
08-17 23:45:20.359   465   465 I PackageManager: Un-granting permission android.permission.MANAGE_ROLLBACKS from package com.android.vending (protectionLevel=514 flags=0x384abe45)
08-17 23:45:20.359   465   465 I PackageManager: Un-granting permission android.permission.SET_HARMFUL_APP_WARNINGS from package com.android.vending (protectionLevel=514 flags=0x384abe45)
08-17 23:45:20.361   465   465 I PackageManager: Un-granting permission android.permission.REQUEST_INSTALL_PACKAGES from package com.google.android.gm (protectionLevel=66 flags=0x384bbe45)
08-17 23:45:20.362   465   465 I PackageManager: Un-granting permission com.google.android.googleapps.permission.GOOGLE_AUTH.mail from package com.android.calendar (protectionLevel=2 flags=0x2009be45)
08-17 23:45:20.362   465   465 I PackageManager: Un-granting permission android.permission.GRANT_RUNTIME_PERMISSIONS from package com.google.android.permissioncontroller (protectionLevel=770 flags=0x30c83e05)
08-17 23:45:20.362   465   465 I PackageManager: Un-granting permission android.permission.REVOKE_RUNTIME_PERMISSIONS from package com.google.android.permissioncontroller (protectionLevel=770 flags=0x30c83e05)
08-17 23:45:20.362   465   465 I PackageManager: Un-granting permission android.permission.ADJUST_RUNTIME_PERMISSIONS_POLICY from package com.google.android.permissioncontroller (protectionLevel=258 flags=0x30c83e05)
08-17 23:45:20.362   465   465 I PackageManager: Un-granting permission android.permission.WHITELIST_RESTRICTED_PERMISSIONS from package com.google.android.permissioncontroller (protectionLevel=258 flags=0x30c83e05)
08-17 23:45:20.362   465   465 I PackageManager: Un-granting permission android.permission.INTERACT_ACROSS_USERS_FULL from package com.google.android.permissioncontroller (protectionLevel=258 flags=0x30c83e05)
08-17 23:45:20.362   465   465 I PackageManager: Un-granting permission android.permission.MANAGE_APP_OPS_MODES from package com.google.android.permissioncontroller (protectionLevel=770 flags=0x30c83e05)
08-17 23:45:20.362   465   465 I PackageManager: Un-granting permission android.permission.KILL_UID from package com.google.android.permissioncontroller (protectionLevel=258 flags=0x30c83e05)
08-17 23:45:20.362   465   465 I PackageManager: Un-granting permission android.permission.MANAGE_APP_OPS_RESTRICTIONS from package com.google.android.permissioncontroller (protectionLevel=258 flags=0x30c83e05)
08-17 23:45:20.362   465   465 I PackageManager: Un-granting permission android.permission.HIDE_NON_SYSTEM_OVERLAY_WINDOWS from package com.google.android.permissioncontroller (protectionLevel=258 flags=0x30c83e05)
08-17 23:45:20.362   465   465 I PackageManager: Un-granting permission android.permission.MANAGE_ROLE_HOLDERS from package com.google.android.permissioncontroller (protectionLevel=258 flags=0x30c83e05)
08-17 23:45:20.363   465   465 I PackageManager: Un-granting permission android.permission.OBSERVE_ROLE_HOLDERS from package com.google.android.permissioncontroller (protectionLevel=258 flags=0x30c83e05)
08-17 23:45:20.363   465   465 I PackageManager: Un-granting permission android.permission.SET_PREFERRED_APPLICATIONS from package com.google.android.permissioncontroller (protectionLevel=770 flags=0x30c83e05)
08-17 23:45:20.363   465   465 I PackageManager: Un-granting permission android.permission.ACCESS_SHARED_LIBRARIES from package com.google.android.permissioncontroller (protectionLevel=258 flags=0x30c83e05)
08-17 23:45:20.363   465   465 I PackageManager: Un-granting permission android.permission.ACCESS_INSTANT_APPS from package com.google.android.permissioncontroller (protectionLevel=131842 flags=0x30c83e05)
08-17 23:45:20.363   465   465 I PackageManager: Un-granting permission android.permission.OPEN_ACCESSIBILITY_DETAILS_SETTINGS from package com.google.android.permissioncontroller (protectionLevel=258 flags=0x30c83e05)
08-17 23:45:20.364   465   465 I PackageManager: Un-granting permission android.permission.INTERACT_ACROSS_USERS from package com.google.android.syncadapters.contacts (protectionLevel=50 flags=0x20083e45)
08-17 23:45:20.365   465   465 I PackageManager: Un-granting permission android.permission.REQUEST_INSTALL_PACKAGES from package com.android.chrome (protectionLevel=66 flags=0xa04bbe45)
08-17 23:45:20.365   465   465 I PackageManager: Un-granting permission android.permission.HIDE_NON_SYSTEM_OVERLAY_WINDOWS from package com.google.android.packageinstaller (protectionLevel=258 flags=0x30483e45)
08-17 23:45:20.365   465   465 I PackageManager: Un-granting permission android.permission.MANAGE_APP_OPS_MODES from package com.google.android.packageinstaller (protectionLevel=770 flags=0x30483e45)
08-17 23:45:20.365   465   465 I PackageManager: Un-granting permission android.permission.INTERACT_ACROSS_USERS_FULL from package com.google.android.packageinstaller (protectionLevel=258 flags=0x30483e45)
08-17 23:45:20.365   465   465 I PackageManager: Un-granting permission android.permission.CAPTURE_VIDEO_OUTPUT from package com.google.android.gms (protectionLevel=2 flags=0xa0cabe45)
08-17 23:45:20.366   465   465 I PackageManager: Un-granting permission android.permission.MANAGE_DEVICE_ADMINS from package com.google.android.gms (protectionLevel=2 flags=0xa0cabe45)
08-17 23:45:20.366   465   465 I PackageManager: Un-granting permission android.permission.MANAGE_ACTIVITY_STACKS from package com.google.android.gms (protectionLevel=2 flags=0xa0cabe45)
08-17 23:45:20.366   465   465 I PackageManager: Un-granting permission android.permission.CAPTURE_SECURE_VIDEO_OUTPUT from package com.google.android.gms (protectionLevel=2 flags=0xa0cabe45)
08-17 23:45:20.374   465   465 V PackageManager: reconcileAppsData for null u0 0x1 migrateAppData=true
08-17 23:45:20.416   465   465 V PackageManager: reconcileAppsData finished 18 packages
08-17 23:45:20.417   465   536 D SystemServerInitThreadPool: Started executing prepareAppData
08-17 23:45:20.497   465   465 V PackageManager: Ephemeral resolver found; pkg: com.google.android.gms, info:ResolveInfo{bdf6552 com.google.android.gms/.chimera.PersistentBoundBrokerService m=0x108000}
08-17 23:45:20.497   465   465 D PackageManager: Set ephemeral resolver: Pair{ComponentInfo{com.google.android.gms/com.google.android.gms.chimera.PersistentBoundBrokerService} android.intent.action.RESOLVE_INSTANT_APP_PACKAGE}
08-17 23:45:20.498   465   465 D PackageManager: Set ephemeral installer activity: ComponentInfo{com.android.vending/com.google.android.finsky.instantapps.EphemeralInstallerActivity}
08-17 23:45:20.569   465   465 I Watchdog: Resuming HandlerChecker: main thread for reason: packagemanagermain. Pause count: 0
08-17 23:45:20.571   465   465 D SystemServerTiming: StartPackageManagerService took to complete: 732ms
08-17 23:45:20.572   465   465 I SystemServer: StartOtaDexOptService
08-17 23:45:20.572   465   465 I Watchdog: Pausing HandlerChecker: main thread for reason: moveab. Pause count: 1
08-17 23:45:20.573   465   465 D OTADexopt: No upgrade, skipping A/B artifacts check.
08-17 23:45:20.573   465   465 I Watchdog: Resuming HandlerChecker: main thread for reason: moveab. Pause count: 0
08-17 23:45:20.573   465   465 D SystemServerTiming: StartOtaDexOptService took to complete: 1ms
08-17 23:45:20.573   465   465 I SystemServer: StartUserManagerService
08-17 23:45:20.573   465   465 I SystemServiceManager: Starting com.android.server.pm.UserManagerService$LifeCycle
08-17 23:45:20.574   465   465 D SystemServerTiming: StartUserManagerService took to complete: 0ms
08-17 23:45:20.574   465   465 I SystemServer: InitAttributerCache
08-17 23:45:20.574   465   465 D SystemServerTiming: InitAttributerCache took to complete: 0ms
08-17 23:45:20.574   465   465 I SystemServer: SetSystemProcess
08-17 23:45:20.583   465   465 D SystemServerTiming: SetSystemProcess took to complete: 9ms
08-17 23:45:20.583   465   465 I SystemServer: InitWatchdog
08-17 23:45:20.584   465   465 D SystemServerTiming: InitWatchdog took to complete: 1ms
08-17 23:45:20.585   465   465 I SystemServer: StartOverlayManagerService
08-17 23:45:20.618   362   396 I storaged: storaged: Start
08-17 23:45:20.745   465   465 D SystemServerTiming: StartOverlayManagerService took to complete: 159ms
08-17 23:45:20.745   465   465 I SystemServer: StartSensorPrivacyService
08-17 23:45:20.746   465   465 D SystemServerTiming: StartSensorPrivacyService took to complete: 1ms
08-17 23:45:20.747   465   465 I SystemServer: StartBatteryService
08-17 23:45:20.747   465   465 I SystemServiceManager: Starting com.android.server.BatteryService
08-17 23:45:20.747   465   543 D SystemServerInitThreadPool: Started executing StartSensorService
08-17 23:45:20.756   465   536 D SystemServerTimingAsync: AppDataFixup took to complete: 339ms
08-17 23:45:20.761   465   543 D SystemServerTimingAsync: StartSensorService took to complete: 14ms
08-17 23:45:20.761   465   543 D SystemServerInitThreadPool: Finished executing StartSensorService
08-17 23:45:20.770   465   465 I HealthServiceWrapper: health: HealthServiceWrapper listening to instance default
08-17 23:45:20.770   465   465 I BatteryService: health: Waited 0ms and received the update.
08-17 23:45:20.770   465   498 I KernelCpuUidFreqTimeReader: mPerClusterTimesAvailable=false
08-17 23:45:20.771   465   465 D SystemServerTiming: StartBatteryService took to complete: 25ms
08-17 23:45:20.771   465   465 I SystemServer: StartUsageService
08-17 23:45:20.771   465   465 I SystemServiceManager: Starting com.android.server.usage.UsageStatsService
08-17 23:45:20.776   465   498 W KernelMemoryBandwidthStats: No kernel memory bandwidth stats available
08-17 23:45:20.811   465   465 I UsageStatsService: User[0] Rollover scheduled @ 2020-08-18 23:30:45(1597786245666)
08-17 23:45:20.811   465   465 D SystemServerTiming: StartUsageService took to complete: 40ms
08-17 23:45:20.812   465   465 I SystemServer: StartWebViewUpdateService
08-17 23:45:20.812   465   465 I SystemServiceManager: Starting com.android.server.webkit.WebViewUpdateService
08-17 23:45:20.818   465   465 D SystemServerTiming: StartWebViewUpdateService took to complete: 7ms
08-17 23:45:20.818   465   465 I SystemServer: StartCachedDeviceStateService
08-17 23:45:20.819   465   465 I SystemServiceManager: Starting com.android.server.CachedDeviceStateService
08-17 23:45:20.819   465   465 D SystemServerTiming: StartCachedDeviceStateService took to complete: 0ms
08-17 23:45:20.819   465   465 I SystemServer: StartBinderCallsStatsService
08-17 23:45:20.819   465   465 I SystemServiceManager: Starting com.android.server.BinderCallsStatsService$LifeCycle
08-17 23:45:20.819   465   465 D SystemServerTiming: StartBinderCallsStatsService took to complete: 1ms
08-17 23:45:20.820   465   465 I SystemServer: StartLooperStatsService
08-17 23:45:20.820   465   465 I SystemServiceManager: Starting com.android.server.LooperStatsService$Lifecycle
08-17 23:45:20.820   465   465 D SystemServerTiming: StartLooperStatsService took to complete: 1ms
08-17 23:45:20.820   465   465 I SystemServer: StartRollbackManagerService
08-17 23:45:20.820   465   465 I SystemServiceManager: Starting com.android.server.rollback.RollbackManagerService
08-17 23:45:20.830   465   465 D SystemServerTiming: StartRollbackManagerService took to complete: 9ms
08-17 23:45:20.830   465   465 I SystemServer: StartBugreportManagerService
08-17 23:45:20.830   465   465 I SystemServiceManager: Starting com.android.server.os.BugreportManagerService
08-17 23:45:20.831   465   465 D SystemServerTiming: StartBugreportManagerService took to complete: 1ms
08-17 23:45:20.831   465   465 I SystemServer: GpuService
08-17 23:45:20.831   465   465 I SystemServiceManager: Starting com.android.server.gpu.GpuService
08-17 23:45:20.831   465   465 D SystemServerTiming: GpuService took to complete: 0ms
08-17 23:45:20.832   465   465 I SystemServer: StartKeyAttestationApplicationIdProviderService
08-17 23:45:20.832   465   553 D SystemServerInitThreadPool: Started executing SecondaryZygotePreload
08-17 23:45:20.832   465   553 I SystemServer: SecondaryZygotePreload
08-17 23:45:20.833   465   465 D SystemServerTiming: StartKeyAttestationApplicationIdProviderService took to complete: 1ms
08-17 23:45:20.834   465   465 I SystemServer: StartKeyChainSystemService
08-17 23:45:20.834   465   465 I SystemServiceManager: Starting com.android.server.security.KeyChainSystemService
08-17 23:45:20.834   465   465 D SystemServerTiming: StartKeyChainSystemService took to complete: 1ms
08-17 23:45:20.835   465   465 I SystemServer: StartSchedulingPolicyService
08-17 23:45:20.836   465   465 D SystemServerTiming: StartSchedulingPolicyService took to complete: 2ms
08-17 23:45:20.836   465   465 I SystemServer: StartTelecomLoaderService
08-17 23:45:20.836   465   465 I SystemServiceManager: Starting com.android.server.telecom.TelecomLoaderService
08-17 23:45:20.836   465   556 D SystemServerInitThreadPool: Started executing SchedulingPolicyService.<init>
08-17 23:45:20.838   465   465 D SystemServerTiming: StartTelecomLoaderService took to complete: 2ms
08-17 23:45:20.839   465   465 I SystemServer: StartTelephonyRegistry
08-17 23:45:20.843   465   465 D SystemServerTiming: StartTelephonyRegistry took to complete: 4ms
08-17 23:45:20.843   465   465 I SystemServer: StartEntropyMixer
08-17 23:45:20.843   465   556 D SystemServerInitThreadPool: Finished executing SchedulingPolicyService.<init>
08-17 23:45:20.857   272   272 D ZygoteInitTiming_lazy: BeginPreload took to complete: 22ms
08-17 23:45:20.859   465   465 I EntropyMixer: Added HW RNG output to entropy pool
08-17 23:45:20.859   465   465 I EntropyMixer: Writing entropy...
08-17 23:45:20.868   465   465 D SystemServerTiming: StartEntropyMixer took to complete: 25ms
08-17 23:45:20.868   465   465 I SystemServer: StartAccountManagerService
08-17 23:45:20.868   465   465 I SystemServiceManager: Starting com.android.server.accounts.AccountManagerService$Lifecycle
08-17 23:45:20.873   465   465 D SystemServerTiming: StartAccountManagerService took to complete: 5ms
08-17 23:45:20.873   465   465 I SystemServer: StartContentService
08-17 23:45:20.874   465   465 I SystemServiceManager: Starting com.android.server.content.ContentService$Lifecycle
08-17 23:45:20.879   465   465 D SystemServerTiming: StartContentService took to complete: 6ms
08-17 23:45:20.879   465   465 I SystemServer: InstallSystemProviders
08-17 23:45:20.937   465   465 D SystemServerTiming: InstallSystemProviders took to complete: 58ms
08-17 23:45:20.937   465   465 I SystemServer: StartDropBoxManager
08-17 23:45:20.937   465   465 I SystemServiceManager: Starting com.android.server.DropBoxManagerService
08-17 23:45:20.938   465   465 D SystemServerTiming: StartDropBoxManager took to complete: 1ms
08-17 23:45:20.938   465   465 I SystemServer: StartVibratorService
08-17 23:45:20.944   465   465 D SystemServerTiming: StartVibratorService took to complete: 6ms
08-17 23:45:20.944   465   465 I SystemServer: StartDynamicSystemService
08-17 23:45:20.946   465   465 D SystemServerTiming: StartDynamicSystemService took to complete: 2ms
08-17 23:45:20.946   465   465 I SystemServer: StartConsumerIrService
08-17 23:45:20.949   465   465 D SystemServerTiming: StartConsumerIrService took to complete: 2ms
08-17 23:45:20.949   465   465 I SystemServer: StartAlarmManagerService
08-17 23:45:20.956   465   536 D SystemServerTimingAsync: AppDataPrepare took to complete: 200ms
08-17 23:45:20.956   465   536 I PackageManager: Deferred reconcileAppsData finished 129 packages
08-17 23:45:20.956   465   536 D SystemServerInitThreadPool: Finished executing prepareAppData
08-17 23:45:20.959   465   465 D SystemServerTiming: StartAlarmManagerService took to complete: 10ms
08-17 23:45:20.959   465   465 I SystemServer: StartInputManagerService
08-17 23:45:20.959   465   465 I InputManager: Initializing input manager, mUseDevInputEventForAudioJack=false
08-17 23:45:20.963   465   465 D SystemServerTiming: StartInputManagerService took to complete: 4ms
08-17 23:45:20.963   465   465 I SystemServer: StartWindowManagerService
08-17 23:45:20.968   465   487 I WindowManager: No existing display settings, starting empty
08-17 23:45:20.990   465   465 D SystemServerTiming: StartWindowManagerService took to complete: 27ms
08-17 23:45:20.990   465   465 I SystemServer: SetWindowManagerService
08-17 23:45:20.993   465   486 I DropBoxManagerService: add tag=system_server_strictmode isTagEnabled=true flags=0x2
08-17 23:45:21.026   465   465 D SystemServerTiming: SetWindowManagerService took to complete: 35ms
08-17 23:45:21.026   465   465 I SystemServer: WindowManagerServiceOnInitReady
08-17 23:45:21.035   465   486 I DropBoxManagerService: add tag=system_server_strictmode isTagEnabled=true flags=0x2
08-17 23:45:21.037   465   486 I chatty  : uid=1000(system) android.io identical 1 line
08-17 23:45:21.039   465   486 I DropBoxManagerService: add tag=system_server_strictmode isTagEnabled=true flags=0x2
08-17 23:45:21.045   465   465 D SystemServerTiming: WindowManagerServiceOnInitReady took to complete: 19ms
08-17 23:45:21.046   465   465 I SystemServer: StartInputManager
08-17 23:45:21.046   465   465 I InputManager: Starting input manager
08-17 23:45:21.046   465   571 D SystemServerInitThreadPool: Started executing StartHidlServices
08-17 23:45:21.047   465   465 D SystemServerTiming: StartInputManager took to complete: 1ms
08-17 23:45:21.048   465   465 I SystemServer: DisplayManagerWindowManagerAndInputReady
08-17 23:45:21.048   465   465 D SystemServerTiming: DisplayManagerWindowManagerAndInputReady took to complete: 1ms
08-17 23:45:21.048   465   465 I SystemServer: StartBluetoothService
08-17 23:45:21.048   465   465 I SystemServiceManager: Starting com.android.server.BluetoothService
08-17 23:45:21.050   465   571 D SystemServerTimingAsync: StartHidlServices took to complete: 4ms
08-17 23:45:21.050   465   571 D SystemServerInitThreadPool: Finished executing StartHidlServices
08-17 23:45:21.051   465   465 D BluetoothManagerService: Loading stored name and address
08-17 23:45:21.051   465   465 D BluetoothManagerService: Stored bluetooth Name=rk3399,Address=null
08-17 23:45:21.051   465   465 D BluetoothManagerService: Bluetooth persisted state: 0
08-17 23:45:21.051   465   465 D BluetoothManagerService: Detected SystemUiUid: 10096
08-17 23:45:21.051   465   465 D SystemServerTiming: StartBluetoothService took to complete: 3ms
08-17 23:45:21.051   465   465 I SystemServer: IpConnectivityMetrics
08-17 23:45:21.052   465   465 I SystemServiceManager: Starting com.android.server.connectivity.IpConnectivityMetrics
08-17 23:45:21.053   465   465 D SystemServerTiming: IpConnectivityMetrics took to complete: 2ms
08-17 23:45:21.053   465   465 I SystemServer: NetworkWatchlistService
08-17 23:45:21.053   465   465 I SystemServiceManager: Starting com.android.server.net.watchlist.NetworkWatchlistService$Lifecycle
08-17 23:45:21.056   465   465 I WatchlistSettings: Reload watchlist settings done
08-17 23:45:21.057   465   574 I WatchlistLoggingHandler: No need to aggregate record yet.
08-17 23:45:21.057   465   465 D SystemServerTiming: NetworkWatchlistService took to complete: 4ms
08-17 23:45:21.057   465   574 I WatchlistLoggingHandler: Milliseconds spent on tryAggregateRecords(): 0
08-17 23:45:21.057   465   465 I SystemServer: PinnerService
08-17 23:45:21.057   465   465 I SystemServiceManager: Starting com.android.server.PinnerService
08-17 23:45:21.059   465   465 D SystemServerTiming: PinnerService took to complete: 1ms
08-17 23:45:21.059   465   465 I SystemServer: SignedConfigService
08-17 23:45:21.059   465   465 D SystemServerTiming: SignedConfigService took to complete: 0ms
08-17 23:45:21.078   465   465 I SystemServer: StartInputMethodManagerLifecycle
08-17 23:45:21.078   465   465 I SystemServiceManager: Starting com.android.server.inputmethod.InputMethodManagerService$Lifecycle
08-17 23:45:21.083   465   465 D SystemServerTiming: StartInputMethodManagerLifecycle took to complete: 5ms
08-17 23:45:21.084   465   465 I SystemServer: StartAccessibilityManagerService
08-17 23:45:21.084   465   465 I SystemServiceManager: Starting com.android.server.accessibility.AccessibilityManagerService$Lifecycle
08-17 23:45:21.088   465   465 D SystemServerTiming: StartAccessibilityManagerService took to complete: 4ms
08-17 23:45:21.088   465   465 I SystemServer: MakeDisplayReady
08-17 23:45:21.094   465   465 I ActivityTaskManager: Config changes=20005df8 {1.0 ?mcc?mnc [] ldltr sw800dp w1280dp h728dp 160dpi xlrg land ?uimode ?night finger -keyb/v/h -nav/h winConfig={ mBounds=Rect(0, 0 - 1280, 800) mAppBounds=Rect(0, 0 - 1280, 752) mWindowingMode=fullscreen mDisplayWindowingMode=fullscreen mActivityType=undefined mAlwaysOnTop=undefined mRotation=ROTATION_0} s.2}
08-17 23:45:21.103   465   465 I ActivityTaskManager: Override config changes=60007dfc {1.0 ?mcc?mnc [] ldltr sw800dp w1280dp h728dp 160dpi xlrg land ?uimode ?night finger -keyb/v/h -nav/h winConfig={ mBounds=Rect(0, 0 - 1280, 800) mAppBounds=Rect(0, 0 - 1280, 752) mWindowingMode=fullscreen mDisplayWindowingMode=fullscreen mActivityType=undefined mAlwaysOnTop=undefined mRotation=ROTATION_0} s.2} for displayId=0
08-17 23:45:21.107   465   465 D SystemServerTiming: MakeDisplayReady took to complete: 19ms
08-17 23:45:21.107   465   465 I SystemServer: StartStorageManagerService
08-17 23:45:21.107   465   465 I SystemServiceManager: Starting com.android.server.StorageManagerService$Lifecycle
08-17 23:45:21.113   465   465 D SystemServerTiming: StartStorageManagerService took to complete: 5ms
08-17 23:45:21.113   465   575 D StorageManagerService: Thinking about init, mBootCompleted=false, mDaemonConnected=true
08-17 23:45:21.113   465   465 I SystemServer: StartStorageStatsService
08-17 23:45:21.113   465   575 D StorageManagerService: Thinking about reset, mBootCompleted=false, mDaemonConnected=true
08-17 23:45:21.113   465   465 I SystemServiceManager: Starting com.android.server.usage.StorageStatsService$Lifecycle
08-17 23:45:21.119   465   465 D SystemServerTiming: StartStorageStatsService took to complete: 7ms
08-17 23:45:21.119   465   465 I SystemServer: StartUiModeManager
08-17 23:45:21.119   465   465 I SystemServiceManager: Starting com.android.server.UiModeManagerService
08-17 23:45:21.122   465   491 D SystemServerInitThreadPool: Started executing UiModeManager.onStart
08-17 23:45:21.123   465   465 D SystemServerTiming: StartUiModeManager took to complete: 4ms
08-17 23:45:21.123   465   465 I SystemServer: UpdatePackagesIfNeeded
08-17 23:45:21.123   465   465 I Watchdog: Pausing HandlerChecker: main thread for reason: dexopt. Pause count: 1
08-17 23:45:21.123   465   465 I Watchdog: Resuming HandlerChecker: main thread for reason: dexopt. Pause count: 0
08-17 23:45:21.123   465   465 D SystemServerTiming: UpdatePackagesIfNeeded took to complete: 0ms
08-17 23:45:21.123   465   465 I SystemServer: PerformFstrimIfNeeded
08-17 23:45:21.124   465   465 D SystemServerTiming: PerformFstrimIfNeeded took to complete: 0ms
08-17 23:45:21.124   465   465 I SystemServer: StartLockSettingsService
08-17 23:45:21.124   465   465 I SystemServiceManager: Starting com.android.server.locksettings.LockSettingsService$Lifecycle
08-17 23:45:21.128   465   491 I ActivityTaskManager: Config changes=200 {1.0 ?mcc?mnc [] ldltr sw800dp w1280dp h728dp 160dpi xlrg land finger -keyb/v/h -nav/h winConfig={ mBounds=Rect(0, 0 - 1280, 800) mAppBounds=Rect(0, 0 - 1280, 752) mWindowingMode=fullscreen mDisplayWindowingMode=fullscreen mActivityType=undefined mAlwaysOnTop=undefined mRotation=ROTATION_0} s.4}
08-17 23:45:21.142   465   491 I ActivityTaskManager: Override config changes=200 {1.0 ?mcc?mnc [] ldltr sw800dp w1280dp h728dp 160dpi xlrg land finger -keyb/v/h -nav/h winConfig={ mBounds=Rect(0, 0 - 1280, 800) mAppBounds=Rect(0, 0 - 1280, 752) mWindowingMode=fullscreen mDisplayWindowingMode=fullscreen mActivityType=undefined mAlwaysOnTop=undefined mRotation=ROTATION_0} s.4} for displayId=0
08-17 23:45:21.145   465   491 D SystemServerInitThreadPool: Finished executing UiModeManager.onStart
08-17 23:45:21.154   465   465 D SystemServerTiming: StartLockSettingsService took to complete: 31ms
08-17 23:45:21.154   465   465 I SystemServer: StartTestHarnessMode
08-17 23:45:21.154   465   465 I SystemServiceManager: Starting com.android.server.testharness.TestHarnessModeService
