08-17 23:45:45.639   291   307 I BrcmNci :                               Num Params : 1 (0x01)
08-17 23:45:45.639   291   307 I BrcmNci :                             Param ID [0] : (132/0x84) AGG_INTF_CONFIG
08-17 23:45:45.639   291   307 I BrcmNci :                             Param Len[0] : 2 (0x02)
08-17 23:45:45.639   291   307 I BrcmNci :                             Param Val[0] : 85 01 
08-17 23:45:45.639   291   307 I BrcmNci : 
08-17 23:45:45.639   291   307 D BrcmNci : Raw NCI Packet
08-17 23:45:45.639   291   307 D BrcmNci : 0000: 20 02 05 01 84 02 85 01                          .......
08-17 23:45:45.639   291   307 I BrcmNci : --
08-17 23:45:45.639   291   307 D USERIAL_LINUX: USERIAL_Write: (8 bytes)
08-17 23:45:45.639   291   307 D USERIAL_LINUX: doWriteDelay() delay 2 ms
08-17 23:45:45.642   291   307 D USERIAL_LINUX: USERIAL_Write len = 8, ret = 8
08-17 23:45:45.643   291  2943 D USERIAL_LINUX: my_read: return 5(0x5) bytes, errno=0 count=2, n=1, timeout=-1
08-17 23:45:45.644   291  2943 D USERIAL_LINUX: userial_read_thread(): enqueued p_buf=0x7a359f5f34, count=1, length=5
08-17 23:45:45.644   291  2943 D USERIAL_LINUX: my_read: enter, pbuf=7a359f6374, len = 511
08-17 23:45:45.644   291   307 I BrcmNci : --
08-17 23:45:45.644   291   307 I BrcmNci : RECV NCI  Type:RSP   Name: CORE_SET_CONFIG(0x2)   PBF:No/Last   Param Len: 2/2 f:0x0
08-17 23:45:45.644   291   307 I BrcmNci :                                   Status : OK (0x00)
08-17 23:45:45.644   291   307 I BrcmNci :                               Num Params : 0 (0x00)
08-17 23:45:45.644   291   307 I BrcmNci : 
08-17 23:45:45.644   291   307 D BrcmNci : Raw NCI Packet
08-17 23:45:45.644   291   307 D BrcmNci : 0000: 40 02 02 00 00                                  @....
08-17 23:45:45.644   291   307 I BrcmNci : --
08-17 23:45:45.644   291   307 D         : nfc_hal_nci_preproc_rx_nci_msg()  HAL State: 1
08-17 23:45:45.644   291   307 D         : nfc_hal_dm_wake_nfcc () snooze_mode=8
08-17 23:45:45.644   291   307 D NfcNciHal: BroadcomHalDataCallback: enter; len=5
08-17 23:45:45.644  2913  2939 I BrcmNfcNfa: NFC received rsp gid:0
08-17 23:45:45.644  2913  2939 I BrcmNfcNfa: nci_proc_core_rsp opcode:0x2
08-17 23:45:45.644  2913  2939 I BrcmNfcNfa: nfa_dm_nfc_response_cback () NFC_SET_CONFIG_REVT(0x5002)
08-17 23:45:45.644  2913  2939 D NfcAdaptation: NfcAdaptation::HalWrite
08-17 23:45:45.644   291   291 D NfcNciHal: HaiWrite: enter; len=4
08-17 23:45:45.644   291   291 D NfcNciHal: HaiWrite: enter; commandId = 1010022
08-17 23:45:45.644   291   291 I         : HAL_NfcWrite ()
08-17 23:45:45.644   291   291 D NfcNciHal: HaiWrite: exit 0
08-17 23:45:45.645   291   307 D         : nfc_hal_main_send_message() ls:0x1
08-17 23:45:45.645   291   307 D         : nfc_hal_dm_wake_nfcc () snooze_mode=8
08-17 23:45:45.645   291   307 D         : p_buf->len: 4
08-17 23:45:45.645   291   307 I BrcmNci : --
08-17 23:45:45.645   291   307 I BrcmNci : SENT NCI  Type:CMD   Name: NFCEE_DISCOVER(0x0)   PBF:No/Last   Param Len: 1/1 f:0x0
08-17 23:45:45.645   291   307 I BrcmNci :                                   Action : Enable (0x01)
08-17 23:45:45.645   291   307 I BrcmNci : 
08-17 23:45:45.645   291   307 D BrcmNci : Raw NCI Packet
08-17 23:45:45.645   291   307 D BrcmNci : 0000: 22 00 01 01                                     "...
08-17 23:45:45.645   291   307 I BrcmNci : --
08-17 23:45:45.645   291   307 D USERIAL_LINUX: USERIAL_Write: (4 bytes)
08-17 23:45:45.645   291   307 D USERIAL_LINUX: doWriteDelay() delay 2 ms
08-17 23:45:45.648   291   307 D USERIAL_LINUX: USERIAL_Write len = 4, ret = 4
08-17 23:45:45.649   291  2943 D USERIAL_LINUX: my_read: return 5(0x5) bytes, errno=0 count=2, n=1, timeout=-1
08-17 23:45:45.649   291  2943 D USERIAL_LINUX: userial_read_thread(): enqueued p_buf=0x7a359f636c, count=1, length=5
08-17 23:45:45.649   291  2943 D USERIAL_LINUX: my_read: enter, pbuf=7a359f6590, len = 511
08-17 23:45:45.649   291   307 I BrcmNci : --
08-17 23:45:45.649   291   307 I BrcmNci : RECV NCI  Type:RSP   Name: NFCEE_DISCOVER(0x0)   PBF:No/Last   Param Len: 2/2 f:0x0
08-17 23:45:45.649   291   307 I BrcmNci :                                   Status : OK (0x00)
08-17 23:45:45.649   291   307 I BrcmNci :                                Num NFCEE : 6 (0x06)
08-17 23:45:45.649   291   307 I BrcmNci : 
08-17 23:45:45.649   291   307 D BrcmNci : Raw NCI Packet
08-17 23:45:45.649   291   307 D BrcmNci : 0000: 42 00 02 00 06                                  B....
08-17 23:45:45.649   291   307 I BrcmNci : --
08-17 23:45:45.649   291   307 D         : nfc_hal_nci_preproc_rx_nci_msg()  HAL State: 1
08-17 23:45:45.649   291   307 D         : Num NFCEE Rsp 6 -> 1
08-17 23:45:45.649   291   307 D         : nfc_hal_dm_wake_nfcc () snooze_mode=8
08-17 23:45:45.649   291   307 D NfcNciHal: BroadcomHalDataCallback: enter; len=5
08-17 23:45:45.650  2913  2939 I BrcmNfcNfa: NFC received rsp gid:2
08-17 23:45:45.650  2913  2939 I BrcmNfcNfa: nci_proc_ee_management_rsp opcode:0x0
08-17 23:45:45.650  2913  2939 I BrcmNfcNfa: nfa_dm_nfc_response_cback () NFC_NFCEE_DISCOVER_REVT(0x5004)
08-17 23:45:45.650  2913  2939 I BrcmNfcNfa: nfa_ee_proc_evt: event=0x5004 int_event:0x214
08-17 23:45:45.650  2913  2939 I BrcmNfcNfa: nfa_ee_evt_hdlr (): Event NCI_DISC_RSP(0x214), State: INIT(0)
08-17 23:45:45.650  2913  2939 I BrcmNfcNfa: nfa_ee_nci_disc_rsp() em_state:0 cur_ee:0, num_nfcee:1
08-17 23:45:45.650  2913  2939 D NfcAdaptation: NfcAdaptation::HalGetInfo: paramId=0x1
08-17 23:45:45.650  2913  2939 D NfcAdaptation: NfcAdaptation::HalRunVendorCommand
08-17 23:45:45.650   291   291 D NfcNciHal: HaiWrite: enter; len=8
08-17 23:45:45.650   291   291 D NfcNciHal: HaiWrite: enter; commandId = 1
08-17 23:45:45.650   291   291 D NfcNciHal: HaiRunVendorCommand: enter; command id=0x1
08-17 23:45:45.650   291   291 D         : GET_MAX_EE: 6
08-17 23:45:45.650   291   291 I         : HAL_NfcInfo: 0x1 ret:6
08-17 23:45:45.650   291  2943 D USERIAL_LINUX: my_read: return 8(0x8) bytes, errno=0 count=5, n=1, timeout=-1
08-17 23:45:45.650   291   291 D NfcNciHal: HaiRunVendorCommand: exit 6
08-17 23:45:45.650   291  2943 D USERIAL_LINUX: userial_read_thread(): enqueued p_buf=0x7a359f6588, count=1, length=8
08-17 23:45:45.650   291  2943 D USERIAL_LINUX: my_read: enter, pbuf=7a359f5294, len = 511
08-17 23:45:45.650  2913  2939 I BrcmNfcNfa: nfa_ee_report_disc_status() em_state:0 num_ee_exp:1 enable_done:0 ee_flags:0x1
08-17 23:45:45.650   291   307 I BrcmNci : --
08-17 23:45:45.650  2913  2939 I BrcmNfcNfa: nfa_ee_nci_disc_rsp() em_state:0 cur_ee:0 num_ee_expecting:1
08-17 23:45:45.650   291   307 I BrcmNci : RECV NCI  Type:NTF   Name: NFCEE_DISCOVER(0x0)   PBF:No/Last   Param Len: 5/5 f:0x0
08-17 23:45:45.650   291   307 I BrcmNci :                                 NFCEE ID : 242 (0xf2)
08-17 23:45:45.650  2913  2939 D NfcAdaptation: NfcAdaptation::HalWrite
08-17 23:45:45.651   291   307 I BrcmNci :                             NFCEE status : 0 (0x00) Connected/Active
08-17 23:45:45.651   291   307 I BrcmNci :                       Num NFCEE Protocol : 1 (0x01)
08-17 23:45:45.651   291   307 I BrcmNci :                              Protocol[0] : 1 (0x0001) HCI Access
08-17 23:45:45.651   291   307 I BrcmNci :                                 Num TLVs : 0 (0x00)
08-17 23:45:45.651   291   291 D NfcNciHal: HaiWrite: enter; len=22
08-17 23:45:45.651   291   307 I BrcmNci : 
08-17 23:45:45.651   291   291 D NfcNciHal: HaiWrite: enter; commandId = 6130021
08-17 23:45:45.651   291   307 D BrcmNci : Raw NCI Packet
08-17 23:45:45.651   291   291 I         : HAL_NfcWrite ()
08-17 23:45:45.651   291   307 D BrcmNci : 0000: 62 00 05 f2 00 01 01 00                         b.......
08-17 23:45:45.651   291   291 D NfcNciHal: HaiWrite: exit 0
08-17 23:45:45.651   291   307 I BrcmNci : --
08-17 23:45:45.651   291   307 D         : nfc_hal_nci_preproc_rx_nci_msg()  HAL State: 1
08-17 23:45:45.651   291   307 D         : nfc_hal_dm_wake_nfcc () snooze_mode=8
08-17 23:45:45.651   291   307 D NfcNciHal: BroadcomHalDataCallback: enter; len=8
08-17 23:45:45.651  2913  2939 I BrcmNfcNfa: NFC received ntf gid:2
08-17 23:45:45.651  2913  2939 I BrcmNfcNfa: nci_proc_ee_management_ntf opcode:0x0
08-17 23:45:45.651   291   307 D         : nfc_hal_main_send_message() ls:0x1
08-17 23:45:45.651  2913  2939 I BrcmNfcNfa: nfcee_id: 0xf2 num_interface:0x1/0x1, num_tlvs:0x0
08-17 23:45:45.651   291   307 D         : nfc_hal_dm_wake_nfcc () snooze_mode=8
08-17 23:45:45.651  2913  2939 I BrcmNfcNfa: nfa_dm_nfc_response_cback () NFC_NFCEE_INFO_REVT(0x5005)
08-17 23:45:45.651   291   307 D         : p_buf->len: 22
08-17 23:45:45.651  2913  2939 I BrcmNfcNfa: nfa_ee_proc_evt: event=0x5005 int_event:0x215
08-17 23:45:45.651  2913  2939 I BrcmNfcNfa: nfa_ee_evt_hdlr (): Event NCI_DISC_NTF(0x215), State: INIT(0)
08-17 23:45:45.651   291   307 I BrcmNci : --
08-17 23:45:45.651  2913  2939 I BrcmNfcNfa: nfa_ee_nci_disc_ntf() em_state:0 ee_flags:0x1 cur_ee:0 num_ee_expecting:1
08-17 23:45:45.651  2913  2939 I BrcmNfcNfa: nfa_ee_nci_disc_ntf cur_ee:1
08-17 23:45:45.651   291   307 I BrcmNci : SENT NCI  Type:CMD   Name: RF_DISCOVER_MAP(0x0)   PBF:No/Last   Param Len: 19/19 f:0x0
08-17 23:45:45.651  2913  2939 I BrcmNfcNfa: nfa_ee_report_disc_status() em_state:1 num_ee_exp:0 enable_done:1 ee_flags:0x1
08-17 23:45:45.651   291   307 I BrcmNci :                              Num Mapping : 6 (0x06)
08-17 23:45:45.651  2913  2939 I BrcmNfcNfa: nfa_hci_ee_discovery_status_cback (): DISC 0, Disable 0, #Rcvd DiscReqNtf: 0, #Exp DiscReqNtf: 0
08-17 23:45:45.651  2913  2939 I BrcmNfcNfa: NFA_EeGetInfo em_state:1 cur_ee:1
08-17 23:45:45.651   291   307 I BrcmNci :                              Protocol[0] : ISO (4/0x04)
08-17 23:45:45.651  2913  2939 I BrcmNfcNfa: NFA_EeGetInfo xx:0 ee_status:0x0 nfcee_id:0xf2
08-17 23:45:45.651  2913  2939 I BrcmNfcNfa: NFA_EeGetInfo num_ret:1, max_ret:2
08-17 23:45:45.651   291   307 I BrcmNci :                                     Mode : Poll/Listen (3/0x03)
08-17 23:45:45.651  2913  2939 I BrcmNfcNfa: nfa_sys_start_timer: 7a428a00
08-17 23:45:45.651  2913  2939 I BrcmNfcNfa: nfa_sys_cback_notify_enable_complete () enable_cplt_flags=0x2fc, enable_cplt_mask=0x3fc
08-17 23:45:45.651   291   307 I BrcmNci :                           Interface Type : ISO_DEP (2/0x02)
08-17 23:45:45.652  2913  2939 I BrcmNfcNfa: NFA_EeGetInfo em_state:1 cur_ee:1
08-17 23:45:45.652   291   307 I BrcmNci :                              Protocol[1] : NFC (5/0x05)
08-17 23:45:45.652  2913  2939 I BrcmNfcNfa: NFA_EeGetInfo xx:0 ee_status:0x0 nfcee_id:0xf2
08-17 23:45:45.652  2913  2939 I BrcmNfcNfa: NFA_EeGetInfo num_ret:1, max_ret:6
08-17 23:45:45.652   291   307 I BrcmNci :                                     Mode : Poll/Listen (3/0x03)
08-17 23:45:45.652  2913  2939 I BrcmNfcNfa: nfa_ee_report_event() no callback for event:0
08-17 23:45:45.652   291   307 I BrcmNci :                           Interface Type : NFC_DEP (3/0x03)
08-17 23:45:45.652  2913  2939 I BrcmNfcNfa: nfa_sys_stop_timer 7a427e60
08-17 23:45:45.652  2913  2939 I BrcmNfcNfa: nfa_ee_evt_hdlr (): Event NFA_EE_DISCV_TIMEOUT_EVT(0x21c), State: INIT_DONE(1)
08-17 23:45:45.652   291   307 I BrcmNci :                              Protocol[2] : T1T (1/0x01)
08-17 23:45:45.652  2913  2939 I BrcmNfcNfa: nfa_hci_ee_discovery_status_cback (): DISC 1, Disable 0, #Rcvd DiscReqNtf: 0, #Exp DiscReqNtf: 0
08-17 23:45:45.652   291   307 I BrcmNci :                                     Mode : Poll (1/0x01)
08-17 23:45:45.652  2913  2939 D NfcAdaptation: NfcAdaptation::HalGetInfo: paramId=0x3
08-17 23:45:45.652  2913  2939 D NfcAdaptation: NfcAdaptation::HalRunVendorCommand
08-17 23:45:45.652   291   307 I BrcmNci :                           Interface Type : AGGREGATE (5/0x05)
08-17 23:45:45.652   291   307 I BrcmNci :                              Protocol[3] : T2T (2/0x02)
08-17 23:45:45.652   291   291 D NfcNciHal: HaiWrite: enter; len=8
08-17 23:45:45.652   291   307 I BrcmNci :                                     Mode : Poll (1/0x01)
08-17 23:45:45.652   291   291 D NfcNciHal: HaiWrite: enter; commandId = 3
08-17 23:45:45.652   291   307 I BrcmNci :                           Interface Type : AGGREGATE (5/0x05)
08-17 23:45:45.652   291   291 D NfcNciHal: HaiRunVendorCommand: enter; command id=0x3
08-17 23:45:45.652   291   307 I BrcmNci :                              Protocol[4] : T3T (3/0x03)
08-17 23:45:45.652   291   291 D         : GET_NUM_EE_DISC_REQ_NTF: 0
08-17 23:45:45.652   291   307 I BrcmNci :                                     Mode : Poll (1/0x01)
08-17 23:45:45.652   291   291 I         : HAL_NfcInfo: 0x3 ret:0
08-17 23:45:45.652   291   291 D NfcNciHal: HaiRunVendorCommand: exit 0
08-17 23:45:45.652   291   307 I BrcmNci :                           Interface Type : AGGREGATE (5/0x05)
08-17 23:45:45.652   291   307 I BrcmNci :                              Protocol[5] : MIFARE_CLASSIC (128/0x80)
08-17 23:45:45.652   291  2943 D USERIAL_LINUX: my_read: return 14(0xe) bytes, errno=0 count=11, n=1, timeout=-1
08-17 23:45:45.652   291   307 I BrcmNci :                                     Mode : Poll (1/0x01)
08-17 23:45:45.652   291  2943 D USERIAL_LINUX: userial_read_thread(): enqueued p_buf=0x7a359f528c, count=1, length=14
08-17 23:45:45.652  2913  2939 I BrcmNfcNfa: nfa_hci_ee_discovery_status_cback (): #Exp DiscReqNtf: 0
08-17 23:45:45.652   291   307 I BrcmNci :                           Interface Type : MIFARE_CLASSIC_RW (128/0x80)
08-17 23:45:45.652   291  2943 D USERIAL_LINUX: my_read: enter, pbuf=7a359f4c40, len = 511
08-17 23:45:45.652   291   307 I BrcmNci : 
08-17 23:45:45.652   291   307 D BrcmNci : Raw NCI Packet
08-17 23:45:45.652   291   307 D BrcmNci : 0000: 21 00 13 06 04 03 02 05 03 03 01 01 05 02 01 05 !...............
08-17 23:45:45.652   291   307 D BrcmNci : 0010: 03 01 05 80 01 80                               ......
08-17 23:45:45.652   291   307 I BrcmNci : --
08-17 23:45:45.653   291   307 D USERIAL_LINUX: USERIAL_Write: (22 bytes)
08-17 23:45:45.655   291   307 D USERIAL_LINUX: USERIAL_Write len = 22, ret = 22
08-17 23:45:45.655   291   307 I BrcmNci : --
08-17 23:45:45.655   291   307 I BrcmNci : RECV NCI  Type:NTF   Name: NFCEE_DISCOVER(0x0)   PBF:No/Last   Param Len: 11/11 f:0x0
08-17 23:45:45.655   291   307 I BrcmNci :                                 NFCEE ID : 246 (0xf6)
08-17 23:45:45.655   291   307 I BrcmNci :                             NFCEE status : 1 (0x01) Connected/Inactive
08-17 23:45:45.655   291   307 I BrcmNci :                       Num NFCEE Protocol : 1 (0x01)
08-17 23:45:45.655   291   307 I BrcmNci :                              Protocol[0] : 0 (0x0000) APDU
08-17 23:45:45.655   291   307 I BrcmNci :                                 Num TLVs : 1 (0x01)
08-17 23:45:45.655   291   307 I BrcmNci :                                 Max Size : 2048 (0x00000800)
08-17 23:45:45.655   291   307 I BrcmNci :                                  VEE Cap : 00 08 00 00 
08-17 23:45:45.655   291   307 I BrcmNci : 
08-17 23:45:45.655   291   307 D BrcmNci : Raw NCI Packet
08-17 23:45:45.656   291   307 D BrcmNci : 0000: 62 00 0b f6 01 01 00 01 a1 04 00 08 00 00       b.............
08-17 23:45:45.656   291   307 I BrcmNci : --
08-17 23:45:45.656   291   307 D         : nfc_hal_nci_preproc_rx_nci_msg()  HAL State: 1
08-17 23:45:45.656   291   307 D         : nfc_hal_dm_wake_nfcc () snooze_mode=8
08-17 23:45:45.656   291   307 D NfcNciHal: BroadcomHalDataCallback: enter; len=14
08-17 23:45:45.656  2913  2939 I BrcmNfcNfa: NFC received ntf gid:2
08-17 23:45:45.656  2913  2939 I BrcmNfcNfa: nci_proc_ee_management_ntf opcode:0x0
08-17 23:45:45.656  2913  2939 I BrcmNfcNfa: nfcee_id: 0xf6 num_interface:0x1/0x1, num_tlvs:0x1
08-17 23:45:45.656  2913  2939 I BrcmNfcNfa: tag:0xa1, len:0x4
08-17 23:45:45.656  2913  2939 I BrcmNfcNfa: nfa_dm_nfc_response_cback () NFC_NFCEE_INFO_REVT(0x5005)
08-17 23:45:45.656  2913  2939 I BrcmNfcNfa: nfa_ee_proc_evt: event=0x5005 int_event:0x215
08-17 23:45:45.656  2913  2939 I BrcmNfcNfa: nfa_ee_evt_hdlr (): Event NCI_DISC_NTF(0x215), State: INIT_DONE(1)
08-17 23:45:45.656  2913  2939 I BrcmNfcNfa: nfa_ee_nci_disc_ntf() em_state:1 ee_flags:0x0 cur_ee:1 num_ee_expecting:0
08-17 23:45:45.656  2913  2939 I BrcmNfcNfa: nfa_ee_find_ecb ()
08-17 23:45:45.656  2913  2939 I BrcmNfcNfa: nfa_ee_find_ecb ()
08-17 23:45:45.656  2913  2939 I BrcmNfcNfa: nfa_ee_nci_disc_ntf cur_ee:2
08-17 23:45:45.656  2913  2939 I BrcmNfcNfa: nfa_dm_is_active () flags:0x9
08-17 23:45:45.656  2913  2939 I BrcmNfcNfa: nfa_ee_report_disc_status() em_state:1 num_ee_exp:0 enable_done:0 ee_flags:0x0
08-17 23:45:45.656  2913  2939 I BrcmNfcNfa: NFA_EeGetInfo em_state:1 cur_ee:2
08-17 23:45:45.656  2913  2939 I BrcmNfcNfa: NFA_EeGetInfo xx:0 ee_status:0x0 nfcee_id:0xf2
08-17 23:45:45.656  2913  2939 I BrcmNfcNfa: NFA_EeGetInfo xx:1 ee_status:0x1 nfcee_id:0xf6
08-17 23:45:45.656  2913  2939 I BrcmNfcNfa: NFA_EeGetInfo num_ret:2, max_ret:6
08-17 23:45:45.656  2913  2939 I BrcmNfcNfa: nfa_ee_report_event() no callback for event:0
08-17 23:45:45.657   291  2943 D USERIAL_LINUX: my_read: return 4(0x4) bytes, errno=0 count=1, n=1, timeout=-1
08-17 23:45:45.657   291  2943 D USERIAL_LINUX: userial_read_thread(): enqueued p_buf=0x7a359f4c38, count=1, length=4
08-17 23:45:45.657   291  2943 D USERIAL_LINUX: my_read: enter, pbuf=7a359f56cc, len = 511
08-17 23:45:45.657   291   307 I BrcmNci : --
08-17 23:45:45.657   291   307 I BrcmNci : RECV NCI  Type:RSP   Name: RF_DISCOVER_MAP(0x0)   PBF:No/Last   Param Len: 1/1 f:0x0
08-17 23:45:45.657   291   307 I BrcmNci :                                   Status : OK (0x00)
08-17 23:45:45.657   291   307 I BrcmNci : 
08-17 23:45:45.657   291   307 D BrcmNci : Raw NCI Packet
08-17 23:45:45.657   291   307 D BrcmNci : 0000: 41 00 01 00                                     A...
08-17 23:45:45.657   291   307 I BrcmNci : --
08-17 23:45:45.657   291   307 D         : nfc_hal_nci_preproc_rx_nci_msg()  HAL State: 1
08-17 23:45:45.657   291   307 D         : nfc_hal_dm_wake_nfcc () snooze_mode=8
08-17 23:45:45.657   291   307 D NfcNciHal: BroadcomHalDataCallback: enter; len=4
08-17 23:45:45.657  2913  2939 I BrcmNfcNfa: NFC received rsp gid:1
08-17 23:45:45.657  2913  2939 D NfcAdaptation: NfcAdaptation::HalWrite
08-17 23:45:45.657   291   291 D NfcNciHal: HaiWrite: enter; len=9
08-17 23:45:45.657   291   291 D NfcNciHal: HaiWrite: enter; commandId = 3060420
08-17 23:45:45.657   291   291 I         : HAL_NfcWrite ()
08-17 23:45:45.657   291   291 D NfcNciHal: HaiWrite: exit 0
08-17 23:45:45.658   291   307 D         : nfc_hal_main_send_message() ls:0x1
08-17 23:45:45.658   291   307 D         : nfc_hal_dm_wake_nfcc () snooze_mode=8
08-17 23:45:45.658   291   307 D         : p_buf->len: 9
08-17 23:45:45.658   291   307 I BrcmNci : --
08-17 23:45:45.658   291   307 I BrcmNci : SENT NCI  Type:CMD   Name: CORE_CONN_CREATE(0x4)   PBF:No/Last   Param Len: 6/6 f:0x0
08-17 23:45:45.658   291   307 I BrcmNci :                                Dest Type : NFCEE (3/0x03)
08-17 23:45:45.658   291   307 I BrcmNci :                                 Num TLVs : 1 (0x01)
08-17 23:45:45.658   291   307 I BrcmNci :                                      Tag : 1 (NFCEE Val)
08-17 23:45:45.658   291   307 I BrcmNci :                                      Len : 2 (0x02)
08-17 23:45:45.658   291   307 I BrcmNci :                                       ID : 242 (0xf2)
08-17 23:45:45.658   291   307 I BrcmNci :                                Interface : 1 (0x0001) HCI Access
08-17 23:45:45.658   291   307 I BrcmNci : 
08-17 23:45:45.658   291   307 D BrcmNci : Raw NCI Packet
08-17 23:45:45.658   291   307 D BrcmNci : 0000: 20 04 06 03 01 01 02 f2 01                       ........
08-17 23:45:45.658   291   307 I BrcmNci : --
08-17 23:45:45.658   291   307 D USERIAL_LINUX: USERIAL_Write: (9 bytes)
08-17 23:45:45.658   291   307 D USERIAL_LINUX: doWriteDelay() delay 2 ms
08-17 23:45:45.658  2062  2092 I Finsky  : [39] ibp.d(91): System was updated or GL extensions were already cached.
08-17 23:45:45.661   291   307 D USERIAL_LINUX: USERIAL_Write len = 9, ret = 9
08-17 23:45:45.663   291  2943 D USERIAL_LINUX: my_read: return 7(0x7) bytes, errno=0 count=4, n=1, timeout=-1
08-17 23:45:45.663   291  2943 D USERIAL_LINUX: userial_read_thread(): enqueued p_buf=0x7a359f56c4, count=1, length=7
08-17 23:45:45.663   291  2943 D USERIAL_LINUX: my_read: enter, pbuf=7a359f6158, len = 511
08-17 23:45:45.663   291   307 I BrcmNci : --
08-17 23:45:45.663   291   307 I BrcmNci : RECV NCI  Type:RSP   Name: CORE_CONN_CREATE(0x4)   PBF:No/Last   Param Len: 4/4 f:0x0
08-17 23:45:45.663   291   307 I BrcmNci :                                   Status : OK (0x00)
08-17 23:45:45.663   291   307 I BrcmNci :                                Buff Size : 255 (0xff)
08-17 23:45:45.663   291   307 I BrcmNci :                                Num Buffs : 1 (0x01)
08-17 23:45:45.663   291   307 I BrcmNci :                                  Conn ID : 1 (0x01)
08-17 23:45:45.663   291   307 I BrcmNci : 
08-17 23:45:45.663   291   307 D BrcmNci : Raw NCI Packet
08-17 23:45:45.663   291   307 D BrcmNci : 0000: 40 04 04 00 ff 01 01                            @......
08-17 23:45:45.663   291   307 I BrcmNci : --
08-17 23:45:45.663   291   307 D         : nfc_hal_nci_preproc_rx_nci_msg()  HAL State: 1
08-17 23:45:45.663   291   307 D         : nfc_hal_dm_wake_nfcc () snooze_mode=8
08-17 23:45:45.663   291   307 D NfcNciHal: BroadcomHalDataCallback: enter; len=7
08-17 23:45:45.663  2913  2939 I BrcmNfcNfa: NFC received rsp gid:0
08-17 23:45:45.663  2913  2939 I BrcmNfcNfa: nci_proc_core_rsp opcode:0x4
08-17 23:45:45.663  2913  2939 I BrcmNfcNfa: nfc_set_conn_id conn_id:1, handle:2
08-17 23:45:45.663  2913  2939 I BrcmNfcNfa: nfa_hciu_send_msg pipe:[0x01]  Type:COMMAND[0x00] Inst:ANY_GET_PARAMETER[0x02]  len:[0x0001]
08-17 23:45:45.663  2913  2939 I BrcmNfcNfa: nfc_ncif_send_data :1, num_buff:1 qc:0
08-17 23:45:45.663  2913  2939 D NfcAdaptation: NfcAdaptation::HalWrite
08-17 23:45:45.664   291   291 D NfcNciHal: HaiWrite: enter; len=6
08-17 23:45:45.664   291   291 D NfcNciHal: HaiWrite: enter; commandId = 81030001
08-17 23:45:45.664   291   291 I         : HAL_NfcWrite ()
08-17 23:45:45.664   291   291 D NfcNciHal: HaiWrite: exit 0
08-17 23:45:45.664   291   307 D         : nfc_hal_main_send_message() ls:0x0
08-17 23:45:45.664   291   307 I BrcmNci : --
08-17 23:45:45.664   291   307 I BrcmNci : SENT NCI  Type:DATA   PBF:No/Last   ConnID: 0x01   Payload Len: 3
08-17 23:45:45.664   291   307 D BrcmNci : Payload:
08-17 23:45:45.664  2913  2939 I BrcmNfcNfa: nfa_sys_start_timer: 7a428a00
08-17 23:45:45.664   291   307 D BrcmNci : 0000: 81 02 01                                        ...
08-17 23:45:45.664   291   307 I BrcmNci : 
08-17 23:45:45.664   291   307 D BrcmNci : Raw NCI Packet
08-17 23:45:45.664   291   307 D BrcmNci : 0000: 01 00 03 81 02 01                               ......
08-17 23:45:45.664   291   307 I BrcmNci : --
08-17 23:45:45.664   291   307 D         : nfc_hal_hci_preproc_hcp_pkt_to_hc ()
08-17 23:45:45.664   291   307 D         : nfc_hal_dm_wake_nfcc () snooze_mode=8
08-17 23:45:45.664   291   307 D USERIAL_LINUX: USERIAL_Write: (6 bytes)
08-17 23:45:45.664   291   307 D USERIAL_LINUX: doWriteDelay() delay 2 ms
08-17 23:45:45.667   291   307 D USERIAL_LINUX: USERIAL_Write len = 6, ret = 6
08-17 23:45:45.669   291  2943 D USERIAL_LINUX: my_read: return 13(0xd) bytes, errno=0 count=10, n=1, timeout=-1
08-17 23:45:45.669   291  2943 D USERIAL_LINUX: userial_read_thread(): enqueued p_buf=0x7a359f6150, count=1, length=13
08-17 23:45:45.669   291  2943 D USERIAL_LINUX: my_read: enter, pbuf=7a359f67ac, len = 511
08-17 23:45:45.669   291   307 I BrcmNci : --
08-17 23:45:45.669   291   307 I BrcmNci : RECV NCI  Type:DATA   PBF:No/Last   ConnID: 0x01   Payload Len: 10
08-17 23:45:45.669   291   307 D BrcmNci : Payload:
08-17 23:45:45.669   291   307 D BrcmNci : 0000: 81 80 1a 38 99 19 53 37 99 19                   ...8..S7..
08-17 23:45:45.669   291   307 I BrcmNci : 
08-17 23:45:45.669   291   307 D BrcmNci : Raw NCI Packet
08-17 23:45:45.669   291   307 D BrcmNci : 0000: 01 00 0a 81 80 1a 38 99 19 53 37 99 19          ......8..S7..
08-17 23:45:45.669   291   307 I BrcmNci : --
08-17 23:45:45.669   291   307 D         : nfc_hal_nci_preproc_rx_nci_msg()  HAL State: 1
08-17 23:45:45.669   291   307 D         : nfc_hal_hci_handle_hcp_pkt_from_hc ()
08-17 23:45:45.669   291   307 D         : nfc_hal_dm_wake_nfcc () snooze_mode=8
08-17 23:45:45.669   291   307 D NfcNciHal: BroadcomHalDataCallback: enter; len=13
08-17 23:45:45.669  2913  2939 I BrcmNfcNfa: NFC received data
08-17 23:45:45.669  2913  2939 I BrcmNfcNfa: nfc_ncif_proc_data 0x01000a
08-17 23:45:45.669  2913  2939 I BrcmNfcNfa: nfc_ncif_proc_data len:10
08-17 23:45:45.669  2913  2939 I BrcmNfcNfa: nfa_hci_conn_cback(): pipe:[0x01] Type:RESPONSE[0x02] Rsp:ANY_OK[0x00]  chain:1 assmbl:0 len:[0x000a]
08-17 23:45:45.669  2913  2939 I BrcmNfcNfa: nfa_hci_handle_admin_pipe_rsp_instr_data - LastCmdSent: ANY_GET_PARAMETER
08-17 23:45:45.669  2913  2939 I BrcmNfcNfa: nfa_hciu_send_msg pipe:[0x01]  Type:COMMAND[0x00] Inst:ANY_SET_PARAMETER[0x01]  len:[0x0004]
08-17 23:45:45.669  2913  2939 I BrcmNfcNfa: nfc_ncif_send_data :1, num_buff:0 qc:0
08-17 23:45:45.669  2913  2939 I BrcmNfcNfa: nfa_sys_start_timer: 7a428a00
08-17 23:45:45.669  2913  2939 I BrcmNfcNfa: NFA got event 0x0814
08-17 23:45:45.669  2913  2939 I BrcmNfcNfa: nfa_hci_evt_hdlr state: INIT (1) event: CHECK_QUEUE (0x0814)
08-17 23:45:45.670   291  2943 D USERIAL_LINUX: my_read: return 6(0x6) bytes, errno=0 count=3, n=1, timeout=-1
08-17 23:45:45.670   291  2943 D USERIAL_LINUX: userial_read_thread(): enqueued p_buf=0x7a359f67a4, count=1, length=6
08-17 23:45:45.670   291  2943 D USERIAL_LINUX: my_read: enter, pbuf=7a359f6374, len = 511
08-17 23:45:45.670   291   307 I BrcmNci : --
08-17 23:45:45.670   291   307 I BrcmNci : RECV NCI  Type:NTF   Name: CREDITS(0x6)   PBF:No/Last   Param Len: 3/3 f:0x0
08-17 23:45:45.670   291   307 I BrcmNci :                 Credit Entry [  1 of  1] : Conn ID=1, Credits=1
08-17 23:45:45.670   291   307 I BrcmNci : 
08-17 23:45:45.670   291   307 D BrcmNci : Raw NCI Packet
08-17 23:45:45.670   291   307 D BrcmNci : 0000: 60 06 03 01 01 01                               `.....
08-17 23:45:45.670   291   307 I BrcmNci : --
08-17 23:45:45.670   291   307 D         : nfc_hal_nci_preproc_rx_nci_msg()  HAL State: 1
08-17 23:45:45.670   291   307 D         : nfc_hal_dm_wake_nfcc () snooze_mode=8
08-17 23:45:45.670   291   307 D NfcNciHal: BroadcomHalDataCallback: enter; len=6
08-17 23:45:45.670  2913  2939 I BrcmNfcNfa: NFC received ntf gid:0
08-17 23:45:45.670  2913  2939 I BrcmNfcNfa: nci_proc_core_ntf opcode:0x6
08-17 23:45:45.670  2913  2939 I BrcmNfcNfa: nfc_ncif_send_data :1, num_buff:1 qc:1
08-17 23:45:45.670  2913  2939 D NfcAdaptation: NfcAdaptation::HalWrite
08-17 23:45:45.670   291   291 D NfcNciHal: HaiWrite: enter; len=9
08-17 23:45:45.670   291   291 D NfcNciHal: HaiWrite: enter; commandId = 81060001
08-17 23:45:45.670   291   291 I         : HAL_NfcWrite ()
08-17 23:45:45.670   291   291 D NfcNciHal: HaiWrite: exit 0
08-17 23:45:45.670   291   307 D         : nfc_hal_main_send_message() ls:0x0
08-17 23:45:45.670   291   307 I BrcmNci : --
08-17 23:45:45.670   291   307 I BrcmNci : SENT NCI  Type:DATA   PBF:No/Last   ConnID: 0x01   Payload Len: 6
08-17 23:45:45.670   291   307 D BrcmNci : Payload:
08-17 23:45:45.670   291   307 D BrcmNci : 0000: 81 01 03 02 03 04                               ......
08-17 23:45:45.670   291   307 I BrcmNci : 
08-17 23:45:45.670   291   307 D BrcmNci : Raw NCI Packet
08-17 23:45:45.670   291   307 D BrcmNci : 0000: 01 00 06 81 01 03 02 03 04                      .........
08-17 23:45:45.670   291   307 I BrcmNci : --
08-17 23:45:45.670   291   307 D         : nfc_hal_hci_preproc_hcp_pkt_to_hc ()
08-17 23:45:45.670   291   307 D         : nfc_hal_dm_wake_nfcc () snooze_mode=8
08-17 23:45:45.671   291   307 D USERIAL_LINUX: USERIAL_Write: (9 bytes)
08-17 23:45:45.671   291   307 D USERIAL_LINUX: doWriteDelay() delay 1 ms
08-17 23:45:45.673   291   307 D USERIAL_LINUX: USERIAL_Write len = 9, ret = 9
08-17 23:45:45.674   291  2943 D USERIAL_LINUX: my_read: return 5(0x5) bytes, errno=0 count=2, n=1, timeout=-1
08-17 23:45:45.674   291  2943 D USERIAL_LINUX: userial_read_thread(): enqueued p_buf=0x7a359f636c, count=1, length=5
08-17 23:45:45.674   291  2943 D USERIAL_LINUX: my_read: enter, pbuf=7a359f5078, len = 511
08-17 23:45:45.674   291   307 I BrcmNci : --
08-17 23:45:45.674   291   307 I BrcmNci : RECV NCI  Type:DATA   PBF:No/Last   ConnID: 0x01   Payload Len: 2
08-17 23:45:45.674   291   307 D BrcmNci : Payload:
08-17 23:45:45.674   291   307 D BrcmNci : 0000: 81 80                                           ..
08-17 23:45:45.674   291   307 I BrcmNci : 
08-17 23:45:45.674   291   307 D BrcmNci : Raw NCI Packet
08-17 23:45:45.674   291   307 D BrcmNci : 0000: 01 00 02 81 80                                  .....
08-17 23:45:45.674   291   307 I BrcmNci : --
08-17 23:45:45.674   291   307 D         : nfc_hal_nci_preproc_rx_nci_msg()  HAL State: 1
08-17 23:45:45.674   291   307 D         : nfc_hal_hci_handle_hcp_pkt_from_hc ()
08-17 23:45:45.674   291   307 D         : nfc_hal_dm_wake_nfcc () snooze_mode=8
08-17 23:45:45.674   291   307 D NfcNciHal: BroadcomHalDataCallback: enter; len=5
08-17 23:45:45.674  2913  2939 I BrcmNfcNfa: NFC received data
08-17 23:45:45.674  2913  2939 I BrcmNfcNfa: nfc_ncif_proc_data 0x010002
08-17 23:45:45.674  2913  2939 I BrcmNfcNfa: nfc_ncif_proc_data len:2
08-17 23:45:45.675  2913  2939 I BrcmNfcNfa: nfa_hci_conn_cback(): pipe:[0x01] Type:RESPONSE[0x02] Rsp:ANY_OK[0x00]  chain:1 assmbl:0 len:[0x0002]
08-17 23:45:45.675  2913  2939 I BrcmNfcNfa: nfa_hci_handle_admin_pipe_rsp_instr_data - LastCmdSent: ANY_SET_PARAMETER
08-17 23:45:45.675  2913  2939 I BrcmNfcNfa: nfa_sys_start_timer: 7a428a00
08-17 23:45:45.675  2913  2939 I BrcmNfcNfa: NFA got event 0x0814
08-17 23:45:45.675  2913  2939 I BrcmNfcNfa: nfa_hci_evt_hdlr state: W4_NETWK_ENABLE (2) event: CHECK_QUEUE (0x0814)
08-17 23:45:45.675   291  2943 D USERIAL_LINUX: my_read: return 6(0x6) bytes, errno=0 count=3, n=1, timeout=-1
08-17 23:45:45.675   291  2943 D USERIAL_LINUX: userial_read_thread(): enqueued p_buf=0x7a359f5070, count=1, length=6
08-17 23:45:45.675   291  2943 D USERIAL_LINUX: my_read: enter, pbuf=7a359f5294, len = 511
08-17 23:45:45.675   291   307 I BrcmNci : --
08-17 23:45:45.675   291   307 I BrcmNci : RECV NCI  Type:NTF   Name: CREDITS(0x6)   PBF:No/Last   Param Len: 3/3 f:0x0
08-17 23:45:45.675   291   307 I BrcmNci :                 Credit Entry [  1 of  1] : Conn ID=1, Credits=1
08-17 23:45:45.675   291   307 I BrcmNci : 
08-17 23:45:45.675   291   307 D BrcmNci : Raw NCI Packet
08-17 23:45:45.675   291   307 D BrcmNci : 0000: 60 06 03 01 01 01                               `.....
08-17 23:45:45.675   291   307 I BrcmNci : --
08-17 23:45:45.675   291   307 D         : nfc_hal_nci_preproc_rx_nci_msg()  HAL State: 1
08-17 23:45:45.675   291   307 D         : nfc_hal_dm_wake_nfcc () snooze_mode=8
08-17 23:45:45.675   291   307 D NfcNciHal: BroadcomHalDataCallback: enter; len=6
08-17 23:45:45.675  2913  2939 I BrcmNfcNfa: NFC received ntf gid:0
08-17 23:45:45.675  2913  2939 I BrcmNfcNfa: nci_proc_core_ntf opcode:0x6
08-17 23:45:45.675  2913  2939 I BrcmNfcNfa: nfc_ncif_send_data :1, num_buff:1 qc:0
08-17 23:45:45.680  1165  2336 I annm    : updateFromConfigurations using legacy put method [CONTEXT service_id=204 ]
08-17 23:45:45.685  2062  2099 I Finsky  : [44] dtf.run(3): Initializing the instant apps module.
08-17 23:45:45.692   291  2943 D USERIAL_LINUX: my_read: return 7(0x7) bytes, errno=0 count=4, n=1, timeout=-1
08-17 23:45:45.692   291  2943 D USERIAL_LINUX: userial_read_thread(): enqueued p_buf=0x7a359f528c, count=1, length=7
08-17 23:45:45.692   291  2943 D USERIAL_LINUX: my_read: enter, pbuf=7a359f4c40, len = 511
08-17 23:45:45.693   291   307 I BrcmNci : --
08-17 23:45:45.693   291   307 I BrcmNci : RECV NCI  Type:NTF   Name: NFCEE_DISCOVER(0x0)   PBF:No/Last   Param Len: 4/4 f:0x0
08-17 23:45:45.693   291   307 I BrcmNci :                                 NFCEE ID : 17 (0x11)
08-17 23:45:45.693   291   307 I BrcmNci :                             NFCEE status : 2 (0x02) Removed
08-17 23:45:45.693   291   307 I BrcmNci :                       Num NFCEE Protocol : 0 (0x00)
08-17 23:45:45.693   291   307 I BrcmNci :                                 Num TLVs : 0 (0x00)
08-17 23:45:45.693   291   307 I BrcmNci : 
08-17 23:45:45.693   291   307 D BrcmNci : Raw NCI Packet
08-17 23:45:45.693   291   307 D BrcmNci : 0000: 62 00 04 11 02 00 00                            b......
08-17 23:45:45.693   291   307 I BrcmNci : --
08-17 23:45:45.693   291   307 D         : nfc_hal_nci_preproc_rx_nci_msg()  HAL State: 1
08-17 23:45:45.693   291   307 D         : nfc_hal_dm_wake_nfcc () snooze_mode=8
08-17 23:45:45.693   291   307 D NfcNciHal: BroadcomHalDataCallback: enter; len=7
08-17 23:45:45.693  2913  2939 I BrcmNfcNfa: NFC received ntf gid:2
08-17 23:45:45.693  2913  2939 I BrcmNfcNfa: nci_proc_ee_management_ntf opcode:0x0
08-17 23:45:45.694  2913  2939 I BrcmNfcNfa: nfcee_id: 0x11 num_interface:0x0/0x0, num_tlvs:0x0
08-17 23:45:45.694  2913  2939 I BrcmNfcNfa: nfa_dm_nfc_response_cback () NFC_NFCEE_INFO_REVT(0x5005)
08-17 23:45:45.694  2913  2939 I BrcmNfcNfa: nfa_ee_proc_evt: event=0x5005 int_event:0x215
08-17 23:45:45.694  2913  2939 I BrcmNfcNfa: nfa_ee_evt_hdlr (): Event NCI_DISC_NTF(0x215), State: INIT_DONE(1)
08-17 23:45:45.694  2913  2939 I BrcmNfcNfa: nfa_ee_nci_disc_ntf() em_state:1 ee_flags:0x0 cur_ee:2 num_ee_expecting:0
08-17 23:45:45.694  2913  2939 I BrcmNfcNfa: nfa_ee_find_ecb ()
08-17 23:45:45.694  2913  2939 I BrcmNfcNfa: nfa_ee_find_ecb ()
08-17 23:45:45.694  2913  2939 I BrcmNfcNfa: nfa_ee_nci_disc_ntf cur_ee:3
08-17 23:45:45.694  2913  2939 I BrcmNfcNfa: nfa_dm_is_active () flags:0x9
08-17 23:45:45.694  2913  2939 I BrcmNfcNfa: nfa_ee_report_disc_status() em_state:1 num_ee_exp:0 enable_done:0 ee_flags:0x0
08-17 23:45:45.694  2913  2939 I BrcmNfcNfa: NFA_EeGetInfo em_state:1 cur_ee:3
08-17 23:45:45.694  2913  2939 I BrcmNfcNfa: NFA_EeGetInfo xx:0 ee_status:0x0 nfcee_id:0xf2
08-17 23:45:45.694  2913  2939 I BrcmNfcNfa: NFA_EeGetInfo xx:1 ee_status:0x1 nfcee_id:0xf6
08-17 23:45:45.694  2913  2939 I BrcmNfcNfa: NFA_EeGetInfo xx:2 ee_status:0x2 nfcee_id:0x11
08-17 23:45:45.694  2913  2939 I BrcmNfcNfa: NFA_EeGetInfo num_ret:2, max_ret:6
08-17 23:45:45.694  2913  2939 I BrcmNfcNfa: nfa_ee_report_event() no callback for event:0
08-17 23:45:45.696   291  2943 D USERIAL_LINUX: my_read: return 7(0x7) bytes, errno=0 count=4, n=1, timeout=-1
08-17 23:45:45.697   291  2943 D USERIAL_LINUX: userial_read_thread(): enqueued p_buf=0x7a359f4c38, count=1, length=7
08-17 23:45:45.697   291  2943 D USERIAL_LINUX: my_read: enter, pbuf=7a359f54b0, len = 511
08-17 23:45:45.697   291   307 I BrcmNci : --
08-17 23:45:45.697   291   307 I BrcmNci : RECV NCI  Type:NTF   Name: NFCEE_DISCOVER(0x0)   PBF:No/Last   Param Len: 4/4 f:0x0
08-17 23:45:45.697   291   307 I BrcmNci :                                 NFCEE ID : 245 (0xf5)
08-17 23:45:45.697   291   307 I BrcmNci :                             NFCEE status : 2 (0x02) Removed
08-17 23:45:45.697   291   307 I BrcmNci :                       Num NFCEE Protocol : 0 (0x00)
08-17 23:45:45.697   291   307 I BrcmNci :                                 Num TLVs : 0 (0x00)
08-17 23:45:45.697   291   307 I BrcmNci : 
08-17 23:45:45.697   291   307 D BrcmNci : Raw NCI Packet
08-17 23:45:45.697   291   307 D BrcmNci : 0000: 62 00 04 f5 02 00 00                            b......
08-17 23:45:45.697   291   307 I BrcmNci : --
08-17 23:45:45.697   291   307 D         : nfc_hal_nci_preproc_rx_nci_msg()  HAL State: 1
08-17 23:45:45.697   291   307 D         : nfc_hal_dm_wake_nfcc () snooze_mode=8
08-17 23:45:45.697   291   307 D NfcNciHal: BroadcomHalDataCallback: enter; len=7
08-17 23:45:45.697  2913  2939 I BrcmNfcNfa: NFC received ntf gid:2
08-17 23:45:45.698  2913  2939 I BrcmNfcNfa: nci_proc_ee_management_ntf opcode:0x0
08-17 23:45:45.698  2913  2939 I BrcmNfcNfa: nfcee_id: 0xf5 num_interface:0x0/0x0, num_tlvs:0x0
08-17 23:45:45.698  2913  2939 I BrcmNfcNfa: nfa_dm_nfc_response_cback () NFC_NFCEE_INFO_REVT(0x5005)
08-17 23:45:45.698  2913  2939 I BrcmNfcNfa: nfa_ee_proc_evt: event=0x5005 int_event:0x215
08-17 23:45:45.698  2913  2939 I BrcmNfcNfa: nfa_ee_evt_hdlr (): Event NCI_DISC_NTF(0x215), State: INIT_DONE(1)
08-17 23:45:45.698  2913  2939 I BrcmNfcNfa: nfa_ee_nci_disc_ntf() em_state:1 ee_flags:0x0 cur_ee:3 num_ee_expecting:0
08-17 23:45:45.698  2913  2939 I BrcmNfcNfa: nfa_ee_find_ecb ()
08-17 23:45:45.698  2913  2939 I BrcmNfcNfa: nfa_ee_find_ecb ()
08-17 23:45:45.698  2913  2939 I BrcmNfcNfa: nfa_ee_nci_disc_ntf cur_ee:4
08-17 23:45:45.698  2913  2939 I BrcmNfcNfa: nfa_dm_is_active () flags:0x9
08-17 23:45:45.698  2913  2939 I BrcmNfcNfa: nfa_ee_report_disc_status() em_state:1 num_ee_exp:0 enable_done:0 ee_flags:0x0
08-17 23:45:45.698  2913  2939 I BrcmNfcNfa: NFA_EeGetInfo em_state:1 cur_ee:4
08-17 23:45:45.698  2913  2939 I BrcmNfcNfa: NFA_EeGetInfo xx:0 ee_status:0x0 nfcee_id:0xf2
08-17 23:45:45.698  2913  2939 I BrcmNfcNfa: NFA_EeGetInfo xx:1 ee_status:0x1 nfcee_id:0xf6
08-17 23:45:45.698  2913  2939 I BrcmNfcNfa: NFA_EeGetInfo xx:2 ee_status:0x2 nfcee_id:0x11
08-17 23:45:45.698  2913  2939 I BrcmNfcNfa: NFA_EeGetInfo xx:3 ee_status:0x2 nfcee_id:0xf5
08-17 23:45:45.698  2913  2939 I BrcmNfcNfa: NFA_EeGetInfo num_ret:2, max_ret:6
08-17 23:45:45.698  2913  2939 I BrcmNfcNfa: nfa_ee_report_event() no callback for event:0
08-17 23:45:45.708   291  2943 D USERIAL_LINUX: my_read: return 7(0x7) bytes, errno=0 count=4, n=1, timeout=-1
08-17 23:45:45.708   291  2943 D USERIAL_LINUX: userial_read_thread(): enqueued p_buf=0x7a359f54a8, count=1, length=7
08-17 23:45:45.708   291  2943 D USERIAL_LINUX: my_read: enter, pbuf=7a359f5d20, len = 511
08-17 23:45:45.708  1165  2336 I annm    : updateFromConfigurations DeviceConfig for package activity_manager_native_boot [CONTEXT service_id=204 ]
08-17 23:45:45.709   291   307 I BrcmNci : --
08-17 23:45:45.709   291   307 I BrcmNci : RECV NCI  Type:NTF   Name: NFCEE_DISCOVER(0x0)   PBF:No/Last   Param Len: 4/4 f:0x0
08-17 23:45:45.709   291   307 I BrcmNci :                                 NFCEE ID : 243 (0xf3)
08-17 23:45:45.709   291   307 I BrcmNci :                             NFCEE status : 2 (0x02) Removed
08-17 23:45:45.709   291   307 I BrcmNci :                       Num NFCEE Protocol : 0 (0x00)
08-17 23:45:45.709   291   307 I BrcmNci :                                 Num TLVs : 0 (0x00)
08-17 23:45:45.709   291   307 I BrcmNci : 
08-17 23:45:45.709   291   307 D BrcmNci : Raw NCI Packet
08-17 23:45:45.709   291   307 D BrcmNci : 0000: 62 00 04 f3 02 00 00                            b......
08-17 23:45:45.709   291   307 I BrcmNci : --
08-17 23:45:45.709   291   307 D         : nfc_hal_nci_preproc_rx_nci_msg()  HAL State: 1
08-17 23:45:45.709   291   307 D         : nfc_hal_dm_wake_nfcc () snooze_mode=8
08-17 23:45:45.709   291   307 D NfcNciHal: BroadcomHalDataCallback: enter; len=7
08-17 23:45:45.710  2913  2939 I BrcmNfcNfa: NFC received ntf gid:2
08-17 23:45:45.710  2913  2939 I BrcmNfcNfa: nci_proc_ee_management_ntf opcode:0x0
08-17 23:45:45.710  2913  2939 I BrcmNfcNfa: nfcee_id: 0xf3 num_interface:0x0/0x0, num_tlvs:0x0
08-17 23:45:45.710  2913  2939 I BrcmNfcNfa: nfa_dm_nfc_response_cback () NFC_NFCEE_INFO_REVT(0x5005)
08-17 23:45:45.710  2913  2939 I BrcmNfcNfa: nfa_ee_proc_evt: event=0x5005 int_event:0x215
08-17 23:45:45.710  2913  2939 I BrcmNfcNfa: nfa_ee_evt_hdlr (): Event NCI_DISC_NTF(0x215), State: INIT_DONE(1)
08-17 23:45:45.710  2913  2939 I BrcmNfcNfa: nfa_ee_nci_disc_ntf() em_state:1 ee_flags:0x0 cur_ee:4 num_ee_expecting:0
08-17 23:45:45.710  2913  2939 I BrcmNfcNfa: nfa_ee_find_ecb ()
08-17 23:45:45.710  2913  2939 I BrcmNfcNfa: nfa_ee_find_ecb ()
08-17 23:45:45.710  2913  2939 I BrcmNfcNfa: nfa_ee_nci_disc_ntf cur_ee:5
08-17 23:45:45.710  2913  2939 I BrcmNfcNfa: nfa_dm_is_active () flags:0x9
08-17 23:45:45.710  2913  2939 I BrcmNfcNfa: nfa_ee_report_disc_status() em_state:1 num_ee_exp:0 enable_done:0 ee_flags:0x0
08-17 23:45:45.710  2913  2939 I BrcmNfcNfa: NFA_EeGetInfo em_state:1 cur_ee:5
08-17 23:45:45.710  2913  2939 I BrcmNfcNfa: NFA_EeGetInfo xx:0 ee_status:0x0 nfcee_id:0xf2
08-17 23:45:45.710  2913  2939 I BrcmNfcNfa: NFA_EeGetInfo xx:1 ee_status:0x1 nfcee_id:0xf6
08-17 23:45:45.710  2913  2939 I BrcmNfcNfa: NFA_EeGetInfo xx:2 ee_status:0x2 nfcee_id:0x11
08-17 23:45:45.710  2913  2939 I BrcmNfcNfa: NFA_EeGetInfo xx:3 ee_status:0x2 nfcee_id:0xf5
08-17 23:45:45.710  2913  2939 I BrcmNfcNfa: NFA_EeGetInfo xx:4 ee_status:0x2 nfcee_id:0xf3
08-17 23:45:45.710  2913  2939 I BrcmNfcNfa: NFA_EeGetInfo num_ret:2, max_ret:6
08-17 23:45:45.710  2913  2939 I BrcmNfcNfa: nfa_ee_report_event() no callback for event:0
08-17 23:45:45.718  1165  2336 I annm    : updateFromConfigurations DeviceConfig for package input_native_boot [CONTEXT service_id=204 ]
08-17 23:45:45.724   291  2943 D USERIAL_LINUX: my_read: return 7(0x7) bytes, errno=0 count=4, n=1, timeout=-1
08-17 23:45:45.724   291  2943 D USERIAL_LINUX: userial_read_thread(): enqueued p_buf=0x7a359f5d18, count=1, length=7
08-17 23:45:45.724   291  2943 D USERIAL_LINUX: my_read: enter, pbuf=7a359f6158, len = 511
08-17 23:45:45.724   291   307 I BrcmNci : --
08-17 23:45:45.724   291   307 I BrcmNci : RECV NCI  Type:NTF   Name: NFCEE_DISCOVER(0x0)   PBF:No/Last   Param Len: 4/4 f:0x0
08-17 23:45:45.724   291   307 I BrcmNci :                                 NFCEE ID : 244 (0xf4)
08-17 23:45:45.724   291   307 I BrcmNci :                             NFCEE status : 2 (0x02) Removed
08-17 23:45:45.724   291   307 I BrcmNci :                       Num NFCEE Protocol : 0 (0x00)
08-17 23:45:45.724   291   307 I BrcmNci :                                 Num TLVs : 0 (0x00)
08-17 23:45:45.724   291   307 I BrcmNci : 
08-17 23:45:45.724   291   307 D BrcmNci : Raw NCI Packet
08-17 23:45:45.724   291   307 D BrcmNci : 0000: 62 00 04 f4 02 00 00                            b......
08-17 23:45:45.724   291   307 I BrcmNci : --
08-17 23:45:45.724   291   307 D         : nfc_hal_nci_preproc_rx_nci_msg()  HAL State: 1
08-17 23:45:45.724   291   307 D         : nfc_hal_dm_wake_nfcc () snooze_mode=8
08-17 23:45:45.724   291   307 D NfcNciHal: BroadcomHalDataCallback: enter; len=7
08-17 23:45:45.725  2913  2939 I BrcmNfcNfa: NFC received ntf gid:2
08-17 23:45:45.725  2913  2939 I BrcmNfcNfa: nci_proc_ee_management_ntf opcode:0x0
08-17 23:45:45.725  2913  2939 I BrcmNfcNfa: nfcee_id: 0xf4 num_interface:0x0/0x0, num_tlvs:0x0
08-17 23:45:45.725  2913  2939 I BrcmNfcNfa: nfa_dm_nfc_response_cback () NFC_NFCEE_INFO_REVT(0x5005)
08-17 23:45:45.725  2913  2939 I BrcmNfcNfa: nfa_ee_proc_evt: event=0x5005 int_event:0x215
08-17 23:45:45.725  2913  2939 I BrcmNfcNfa: nfa_ee_evt_hdlr (): Event NCI_DISC_NTF(0x215), State: INIT_DONE(1)
08-17 23:45:45.725  2913  2939 I BrcmNfcNfa: nfa_ee_nci_disc_ntf() em_state:1 ee_flags:0x0 cur_ee:5 num_ee_expecting:0
08-17 23:45:45.725  2913  2939 I BrcmNfcNfa: nfa_ee_find_ecb ()
08-17 23:45:45.725  2913  2939 I BrcmNfcNfa: nfa_ee_find_ecb ()
08-17 23:45:45.725  2913  2939 I BrcmNfcNfa: nfa_ee_nci_disc_ntf cur_ee:6
08-17 23:45:45.725  2913  2939 I BrcmNfcNfa: nfa_dm_is_active () flags:0x9
08-17 23:45:45.725  2913  2939 I BrcmNfcNfa: nfa_ee_report_disc_status() em_state:1 num_ee_exp:0 enable_done:0 ee_flags:0x0
08-17 23:45:45.725  2913  2939 I BrcmNfcNfa: NFA_EeGetInfo em_state:1 cur_ee:6
08-17 23:45:45.725  2913  2939 I BrcmNfcNfa: NFA_EeGetInfo xx:0 ee_status:0x0 nfcee_id:0xf2
08-17 23:45:45.725  2913  2939 I BrcmNfcNfa: NFA_EeGetInfo xx:1 ee_status:0x1 nfcee_id:0xf6
08-17 23:45:45.725  2913  2939 I BrcmNfcNfa: NFA_EeGetInfo xx:2 ee_status:0x2 nfcee_id:0x11
08-17 23:45:45.725  2913  2939 I BrcmNfcNfa: NFA_EeGetInfo xx:3 ee_status:0x2 nfcee_id:0xf5
08-17 23:45:45.725  2913  2939 I BrcmNfcNfa: NFA_EeGetInfo xx:4 ee_status:0x2 nfcee_id:0xf3
08-17 23:45:45.725  2913  2939 I BrcmNfcNfa: NFA_EeGetInfo xx:5 ee_status:0x2 nfcee_id:0xf4
08-17 23:45:45.725  2913  2939 I BrcmNfcNfa: NFA_EeGetInfo num_ret:2, max_ret:6
08-17 23:45:45.725  2913  2939 I BrcmNfcNfa: nfa_ee_report_event() no callback for event:0
08-17 23:45:45.728  1165  2336 I annm    : updateFromConfigurations DeviceConfig for package rollback_boot [CONTEXT service_id=204 ]
08-17 23:45:45.737  1165  2336 I annm    : updateFromConfigurations DeviceConfig for package runtime_native_boot [CONTEXT service_id=204 ]
08-17 23:45:45.749  1165  2336 I annm    : updateFromConfigurations DeviceConfig for package storage_native_boot [CONTEXT service_id=204 ]
08-17 23:45:45.761  1165  2336 I annm    : updateFromConfigurations DeviceConfig for package window_manager_native_boot [CONTEXT service_id=204 ]
08-17 23:45:45.768  1165  2336 I annm    : updateFromConfigurations using legacy put method [CONTEXT service_id=204 ]
08-17 23:45:45.780  2062  2135 I Finsky  : [73] pzt.b(1): Triggered update for experiment package com.google.android.finsky.stable.
08-17 23:45:45.821   291   307 D         : nci_brcm_snooze_timeout_cback ()
08-17 23:45:45.822   291   307 D         : nfc_hal_dm_set_nfc_wake () DEASSERT
08-17 23:45:45.822   291   307 D USERIAL_LINUX: UPIO_Set: upio=NFC_WAKE; state=OFF
08-17 23:45:45.822   291   307 D USERIAL_LINUX: control_nfc_wake: state=OFF
08-17 23:45:45.822   291   307 D USERIAL_LINUX: control_nfc_wake: ioctl return 0
08-17 23:45:45.933  2062  2099 I Finsky  : [44] xzl.f(2): Restoring notifications
08-17 23:45:45.995  2062  2092 I Finsky  : [39] dtc.run(8): Component class com.google.android.finsky.wear.WearSupportService disabled via PackageManager.
08-17 23:45:45.997  2062  2092 I Finsky  : [39] dtc.run(8): Component class com.google.android.finsky.wear.WearChangeListenerService disabled via PackageManager.
08-17 23:45:45.999  2062  2092 I Finsky  : [39] zci.a(10): Do not start WearSupportService due to Wear service optimization
08-17 23:45:46.051  2062  2099 I Finsky  : [44] xzl.f(5): Done restoring notifications
08-17 23:45:46.253   465   756 D WificondControl: Scan result ready event
08-17 23:45:46.265   465   583 D WificondScannerImpl: Filtering out 9 scan results.
08-17 23:45:46.401  2062  2062 I Finsky  : [2] syf.run(5): Detected restoreservicev2://recovery not needed, will not run
08-17 23:45:46.554  2062  2135 I Finsky  : [73] pzt.b(10): Already at the latest configurations for experiment package com.google.android.finsky.stable.
08-17 23:45:46.555  2062  2944 W android.vendin: Long monitor contention with owner AsyncTask #1 (2135) at com.android.org.conscrypt.SSLClientSessionCache com.android.org.conscrypt.FileClientSessionCache.usingDirectory(java.io.File)(FileClientSessionCache.java:-1) waiters=0 in int pzt.b() for 760ms
08-17 23:45:46.585  2062  2944 I Finsky  : [87] pzt.b(1): Triggered update for experiment package com.google.android.finsky.regular.
08-17 23:45:46.864  2062  2944 I Finsky  : [87] pzt.b(10): Already at the latest configurations for experiment package com.google.android.finsky.regular.
08-17 23:45:46.865  1142  1142 W adbd    : timeout expired while flushing socket, closing
08-17 23:45:46.975  2062  2952 I Finsky  : [95] ahra.a(2): registerListener
08-17 23:45:46.996  2062  2952 I Finsky  : [95] jaz.a(2): getDownloads(-)
08-17 23:45:47.043  2062  2953 I Finsky  : [96] ahrf.a(7): Initiate binding to the service.
08-17 23:45:47.054  2062  2952 I Finsky  : [95] ecs.run(7): Initialized AssetModuleDownloader.
08-17 23:45:47.058   272   272 D Zygote  : Forked child process 2954
08-17 23:45:47.062   465   494 I ActivityManager: Start proc 2954:com.android.vending:download_service/u0a95 for service {com.android.vending/com.google.android.finsky.downloadservice.DownloadService}
08-17 23:45:47.065  2954  2954 I Zygote  : seccomp disabled by setenforce 0
08-17 23:45:47.116  2954  2954 D ApplicationLoaders: Returning zygote-cached class loader: /system/framework/android.hidl.base-V1.0-java.jar
08-17 23:45:47.116  2954  2954 D ApplicationLoaders: Returning zygote-cached class loader: /system/framework/android.hidl.manager-V1.0-java.jar
08-17 23:45:47.116  2954  2954 D ApplicationLoaders: Returning zygote-cached class loader: /system/framework/android.hidl.base-V1.0-java.jar
08-17 23:45:47.119  2954  2954 I ownload_servic: The ClassLoaderContext is a special shared library.
08-17 23:45:47.175  2954  2954 I Finsky:download_service: [2] dua.aH(9): Process created at version: 16.9.10-all [0] [PR] 272056531
08-17 23:45:47.240   465   807 D ConnectivityService: requestNetwork for uid/pid:10095/2954 NetworkRequest [ TRACK_DEFAULT id=25, [ Capabilities: INTERNET&NOT_RESTRICTED&TRUSTED Uid: 10095] ]
08-17 23:45:47.241   465   610 D Ethernet: got request NetworkRequest [ TRACK_DEFAULT id=25, [ Capabilities: INTERNET&NOT_RESTRICTED&TRUSTED Uid: 10095] ] with score 60 and serial -1
08-17 23:45:47.242   808   808 D PhoneSwitcherNetworkRequstListener: got request NetworkRequest [ TRACK_DEFAULT id=25, [ Capabilities: INTERNET&NOT_RESTRICTED&TRUSTED Uid: 10095] ] with score 60 and serial -1
08-17 23:45:47.242   465   581 D UntrustedWifiNetworkFactory: got request NetworkRequest [ TRACK_DEFAULT id=25, [ Capabilities: INTERNET&NOT_RESTRICTED&TRUSTED Uid: 10095] ] with score 60 and serial -1
08-17 23:45:47.242   465   581 D WifiNetworkFactory: got request NetworkRequest [ TRACK_DEFAULT id=25, [ Capabilities: INTERNET&NOT_RESTRICTED&TRUSTED Uid: 10095] ] with score 60 and serial -1
08-17 23:45:47.250   640   640 V KeyguardUpdateMonitor: onSubscriptionInfoChanged()
