--------- beginning of system
08-15 22:13:10.681   161   161 I vold    : Vold 3.0 (the awakening) firing up
08-15 22:13:10.681   161   161 D vold    : Detected support for: ext4 f2fs vfat
08-15 22:13:10.684   161   161 D vold    : Found unmanaged dm device named product
08-15 22:13:10.684   161   161 D vold    : Found unmanaged dm device named vendor
08-15 22:13:10.684   161   161 D vold    : Found unmanaged dm device named system
08-15 22:13:10.684   161   161 D vold    : Found unmanaged dm device named odm
08-15 22:13:10.685   161   161 W vold    : Failed to LOOP_GET_STATUS64 /dev/block/loop12: No such device or address
08-15 22:13:10.685   161   161 D vold    : Found unmanaged loop device at /dev/block/loop0 named apex:
08-15 22:13:10.685   161   161 W vold    : Failed to LOOP_GET_STATUS64 /dev/block/loop6: No such device or address
08-15 22:13:10.685   161   161 W vold    : Failed to LOOP_GET_STATUS64 /dev/block/loop7: No such device or address
08-15 22:13:10.685   161   161 W vold    : Failed to LOOP_GET_STATUS64 /dev/block/loop2: No such device or address
08-15 22:13:10.685   161   161 W vold    : Failed to LOOP_GET_STATUS64 /dev/block/loop4: No such device or address
08-15 22:13:10.685   161   161 W vold    : Failed to LOOP_GET_STATUS64 /dev/block/loop3: No such device or address
08-15 22:13:10.685   161   161 W vold    : Failed to LOOP_GET_STATUS64 /dev/block/loop14: No such device or address
08-15 22:13:10.685   161   161 W vold    : Failed to LOOP_GET_STATUS64 /dev/block/loop11: No such device or address
08-15 22:13:10.686   161   161 W vold    : Failed to LOOP_GET_STATUS64 /dev/block/loop10: No such device or address
08-15 22:13:10.686   161   161 W vold    : Failed to LOOP_GET_STATUS64 /dev/block/loop15: No such device or address
08-15 22:13:10.686   161   161 D vold    : Found unmanaged loop device at /dev/block/loop1 named apex:
08-15 22:13:10.686   161   161 W vold    : Failed to LOOP_GET_STATUS64 /dev/block/loop5: No such device or address
08-15 22:13:10.686   161   161 W vold    : Failed to LOOP_GET_STATUS64 /dev/block/loop9: No such device or address
08-15 22:13:10.686   161   161 W vold    : Failed to LOOP_GET_STATUS64 /dev/block/loop13: No such device or address
08-15 22:13:10.686   161   161 W vold    : Failed to LOOP_GET_STATUS64 /dev/block/loop8: No such device or address
08-15 22:13:10.688   161   161 D vold    : VoldNativeService::start() completed OK
08-15 22:13:10.796   161   161 I Checkpoint: Validating checkpoint on /dev/block/by-name/userdata
08-15 22:13:10.798   161   161 E Checkpoint: No magic
08-15 22:13:10.953   161   161 I Checkpoint: cp_prepareCheckpoint called
08-15 22:13:10.979   161   161 I vold    : fscrypt_initialize_systemwide_keys
08-15 22:13:10.980   161   161 D vold    : Key exists, using: /data/unencrypted/key
08-15 22:13:10.988   161   161 I vold    : List of Keymaster HALs found:
08-15 22:13:10.988   161   161 I vold    : Keymaster HAL #1: SoftwareWrappedKeymaster2Device from Google SecurityLevel: TRUSTED_ENVIRONMENT HAL: android.hardware.keymaster@3.0::IKeymasterDevice/default
08-15 22:13:10.989   161   161 I vold    : Using SoftwareWrappedKeymaster2Device from Google for encryption.  Security level: TRUSTED_ENVIRONMENT, HAL: android.hardware.keymaster@3.0::IKeymasterDevice/default
08-15 22:13:10.994   161   161 D vold    : Added key 579057517 (ext4:9ffd921d4c2becf6) to keyring 974435324 in process 161
08-15 22:13:10.994   161   161 D vold    : Added key 125377165 (f2fs:9ffd921d4c2becf6) to keyring 974435324 in process 161
08-15 22:13:10.994   161   161 D vold    : Added key 561407573 (fscrypt:9ffd921d4c2becf6) to keyring 974435324 in process 161
08-15 22:13:11.008   161   161 I vold    : Wrote system DE key reference to:/data/unencrypted/ref
08-15 22:13:11.008   161   161 D vold    : Added key 629923067 (ext4:f7af2c015e823b2f) to keyring 974435324 in process 161
08-15 22:13:11.008   161   161 D vold    : Added key 55055226 (f2fs:f7af2c015e823b2f) to keyring 974435324 in process 161
08-15 22:13:11.008   161   161 D vold    : Added key 770886276 (fscrypt:f7af2c015e823b2f) to keyring 974435324 in process 161
08-15 22:13:11.015   161   161 I vold    : Wrote per boot key reference to:/data/unencrypted/per_boot_ref
08-15 22:13:11.165   161   176 D vold    : Disk at 7:16 changed
08-15 22:13:11.172   161   176 D vold    : Disk at 7:16 changed
08-15 22:13:11.205   161   176 D vold    : Disk at 7:24 changed
08-15 22:13:11.212   161   176 D vold    : Disk at 7:24 changed
08-15 22:13:11.234   161   176 D vold    : Disk at 7:32 changed
08-15 22:13:11.238   161   176 D vold    : Disk at 7:32 changed
08-15 22:13:11.258   161   176 D vold    : Disk at 7:40 changed
08-15 22:13:11.266   161   176 D vold    : Disk at 7:40 changed
08-15 22:13:11.294   161   176 D vold    : Disk at 7:48 changed
08-15 22:13:11.301   161   176 D vold    : Disk at 7:48 changed
08-15 22:13:11.328   161   176 D vold    : Disk at 7:56 changed
08-15 22:13:11.333   161   176 D vold    : Disk at 7:56 changed
08-15 22:13:11.365   161   176 D vold    : Disk at 7:64 changed
08-15 22:13:11.373   161   176 D vold    : Disk at 7:64 changed
08-15 22:13:11.449   161   161 D vold    : fscrypt_init_user0
08-15 22:13:11.450   161   161 D vold    : Preparing: /data/misc/vold/user_keys
08-15 22:13:11.450   161   161 D vold    : Preparing: /data/misc/vold/user_keys/ce
08-15 22:13:11.451   161   161 D vold    : Preparing: /data/misc/vold/user_keys/de
08-15 22:13:11.451   161   161 D vold    : Skipping non-de-key .
08-15 22:13:11.451   161   161 D vold    : Skipping non-de-key ..
08-15 22:13:11.459   161   161 I vold    : List of Keymaster HALs found:
08-15 22:13:11.459   161   161 I vold    : Keymaster HAL #1: SoftwareWrappedKeymaster2Device from Google SecurityLevel: TRUSTED_ENVIRONMENT HAL: android.hardware.keymaster@3.0::IKeymasterDevice/default
08-15 22:13:11.459   161   161 I vold    : Using SoftwareWrappedKeymaster2Device from Google for encryption.  Security level: TRUSTED_ENVIRONMENT, HAL: android.hardware.keymaster@3.0::IKeymasterDevice/default
08-15 22:13:11.461   161   161 D vold    : Added key 751915063 (ext4:a89c0fcd21fa0289) to keyring 974435324 in process 161
08-15 22:13:11.461   161   161 D vold    : Added key 654394462 (f2fs:a89c0fcd21fa0289) to keyring 974435324 in process 161
08-15 22:13:11.462   161   161 D vold    : Added key 600119478 (fscrypt:a89c0fcd21fa0289) to keyring 974435324 in process 161
08-15 22:13:11.462   161   161 D vold    : Installed de key for user 0
08-15 22:13:11.462   161   161 D vold    : fscrypt_prepare_user_storage for volume null, user 0, serial 0, flags 1
08-15 22:13:11.462   161   161 D vold    : Preparing: /data/system/users/0
08-15 22:13:11.462   161   161 D vold    : Preparing: /data/misc/profiles/cur/0
08-15 22:13:11.463   161   161 D vold    : Preparing: /data/system_de/0
08-15 22:13:11.463   161   161 D vold    : Preparing: /data/misc_de/0
08-15 22:13:11.464   161   161 D vold    : Preparing: /data/vendor_de/0
08-15 22:13:11.464   161   161 D vold    : Preparing: /data/user_de/0
08-15 22:13:11.465   161   161 I vold    : Found policy a89c0fcd21fa0289 at /data/system_de/0 which matches expected value
08-15 22:13:11.466   161   161 I vold    : Found policy a89c0fcd21fa0289 at /data/misc_de/0 which matches expected value
08-15 22:13:11.467   161   161 I vold    : Found policy a89c0fcd21fa0289 at /data/vendor_de/0 which matches expected value
08-15 22:13:11.468   161   161 I vold    : Found policy a89c0fcd21fa0289 at /data/user_de/0 which matches expected value
08-15 22:13:11.468   161   161 D vold    : /system/bin/vold_prepare_subdirs
08-15 22:13:11.468   161   161 D vold    :     prepare
08-15 22:13:11.468   161   161 D vold    :     
08-15 22:13:11.468   161   161 D vold    :     0
08-15 22:13:11.468   161   161 D vold    :     1
08-15 22:13:12.190   291   291 I android.hardware.wifi@1.0-service: Wifi Hal is booting up...
08-15 22:13:12.197   291   291 I ServiceManagement: Registered android.hardware.wifi@1.3::IWifi/default (start delay of 336ms)
08-15 22:13:12.214   336   336 I installd: installd firing up
08-15 22:13:12.299   344   344 I wificond: wificond is starting up...
08-15 22:13:12.359   347   347 D DrmService: ----------------running drmservice---------------
08-15 22:13:12.359   347   347 E DrmService: rknand_sys_storage open fail
08-15 22:13:12.359   347   347 D DrmService: Get HID data:
08-15 22:13:12.674   347   347 E DrmService: Unable to open path (/sys/class/android_usb/android0/iSerial),error is(No such file or directory)
08-15 22:13:12.674   347   347 E DrmService: try /config/usb_gadget/g1/strings/0x409/serialnumber
08-15 22:13:13.208   184   424 D BootAnimation: BootAnimationShownTiming start time: 5188ms
08-15 22:13:13.808   268   268 D Zygote32Timing: PostZygoteInitGC took to complete: 17ms
08-15 22:13:13.808   268   268 D Zygote32Timing: ZygoteInit took to complete: 17ms
08-15 22:13:13.844   267   267 D Zygote64Timing: BeginPreload took to complete: 56ms
08-15 22:13:15.159   267   267 D Zygote64Timing: PreloadClasses took to complete: 1315ms
08-15 22:13:15.168   267   267 D Zygote64Timing: CacheNonBootClasspathClassLoaders took to complete: 9ms
08-15 22:13:15.561   267   267 D Zygote64Timing: PreloadResources took to complete: 393ms
08-15 22:13:15.669   267   267 D Zygote64Timing: ZygotePreload took to complete: 1882ms
08-15 22:13:15.727   267   267 D Zygote64Timing: PostZygoteInitGC took to complete: 57ms
08-15 22:13:15.727   267   267 D Zygote64Timing: ZygoteInit took to complete: 1939ms
08-15 22:13:15.939   456   456 I SystemServer: InitBeforeStartServices
08-15 22:13:15.945   456   456 I SystemServer: Entered the Android system server!
08-15 22:13:16.258   456   456 D SystemServerTiming: InitBeforeStartServices took to complete: 318ms
08-15 22:13:16.258   456   456 I SystemServer: StartServices
08-15 22:13:16.258   456   456 I SystemServer: StartWatchdog
08-15 22:13:16.276   456   456 D SystemServerTiming: StartWatchdog took to complete: 18ms
08-15 22:13:16.276   456   456 I SystemServer: Reading configuration...
08-15 22:13:16.276   456   456 I SystemServer: ReadingSystemConfig
08-15 22:13:16.277   456   456 D SystemServerTiming: ReadingSystemConfig took to complete: 1ms
08-15 22:13:16.277   456   456 I SystemServer: StartInstaller
08-15 22:13:16.277   456   482 D SystemServerInitThreadPool: Started executing ReadingSystemConfig
08-15 22:13:16.277   456   456 I SystemServiceManager: Starting com.android.server.pm.Installer
08-15 22:13:16.295   456   456 D SystemServerTiming: StartInstaller took to complete: 18ms
08-15 22:13:16.295   456   456 I SystemServer: DeviceIdentifiersPolicyService
08-15 22:13:16.295   456   456 I SystemServiceManager: Starting com.android.server.os.DeviceIdentifiersPolicyService
08-15 22:13:16.296   456   456 D SystemServerTiming: DeviceIdentifiersPolicyService took to complete: 1ms
08-15 22:13:16.296   456   456 I SystemServer: UriGrantsManagerService
08-15 22:13:16.296   456   456 I SystemServiceManager: Starting com.android.server.uri.UriGrantsManagerService$Lifecycle
08-15 22:13:16.304   456   456 D SystemServerTiming: UriGrantsManagerService took to complete: 9ms
08-15 22:13:16.305   456   456 I SystemServer: StartActivityManager
08-15 22:13:16.305   456   456 I SystemServiceManager: Starting com.android.server.wm.ActivityTaskManagerService$Lifecycle
08-15 22:13:16.319   456   456 I SystemServiceManager: Starting com.android.server.am.ActivityManagerService$Lifecycle
08-15 22:13:16.345   456   456 I ActivityManager: Memory class: 192
08-15 22:13:16.371   456   456 D BatteryStatsImpl: Reading daily items from /data/system/batterystats-daily.xml
08-15 22:13:16.389   456   482 W SystemConfig: No directory /product_services/etc/sysconfig, skipping
08-15 22:13:16.389   456   482 W SystemConfig: No directory /product_services/etc/permissions, skipping
08-15 22:13:16.389   456   482 D SystemServerInitThreadPool: Finished executing ReadingSystemConfig
08-15 22:13:16.395   456   489 E BatteryExternalStatsWorker: Error updating external stats: 
08-15 22:13:16.395   456   489 E BatteryExternalStatsWorker: java.lang.NullPointerException: Attempt to invoke virtual method 'boolean android.content.pm.PackageManager.hasSystemFeature(java.lang.String)' on a null object reference
08-15 22:13:16.395   456   489 E BatteryExternalStatsWorker: 	at com.android.server.am.BatteryExternalStatsWorker.updateExternalStatsLocked(BatteryExternalStatsWorker.java:453)
08-15 22:13:16.395   456   489 E BatteryExternalStatsWorker: 	at com.android.server.am.BatteryExternalStatsWorker.access$900(BatteryExternalStatsWorker.java:63)
08-15 22:13:16.395   456   489 E BatteryExternalStatsWorker: 	at com.android.server.am.BatteryExternalStatsWorker$1.run(BatteryExternalStatsWorker.java:363)
08-15 22:13:16.395   456   489 E BatteryExternalStatsWorker: 	at java.util.concurrent.Executors$RunnableAdapter.call(Executors.java:462)
08-15 22:13:16.395   456   489 E BatteryExternalStatsWorker: 	at java.util.concurrent.FutureTask.run(FutureTask.java:266)
08-15 22:13:16.395   456   489 E BatteryExternalStatsWorker: 	at java.util.concurrent.ScheduledThreadPoolExecutor$ScheduledFutureTask.run(ScheduledThreadPoolExecutor.java:301)
08-15 22:13:16.395   456   489 E BatteryExternalStatsWorker: 	at java.util.concurrent.ThreadPoolExecutor.runWorker(ThreadPoolExecutor.java:1167)
08-15 22:13:16.395   456   489 E BatteryExternalStatsWorker: 	at java.util.concurrent.ThreadPoolExecutor$Worker.run(ThreadPoolExecutor.java:641)
08-15 22:13:16.395   456   489 E BatteryExternalStatsWorker: 	at com.android.server.am.BatteryExternalStatsWorker.lambda$new$0(BatteryExternalStatsWorker.java:81)
08-15 22:13:16.395   456   489 E BatteryExternalStatsWorker: 	at com.android.server.am.-$$Lambda$BatteryExternalStatsWorker$ddVY5lmqswnSjXppAxPTOHbuzzQ.run(Unknown Source:2)
08-15 22:13:16.395   456   489 E BatteryExternalStatsWorker: 	at java.lang.Thread.run(Thread.java:919)
08-15 22:13:16.402   456   489 E AndroidRuntime: Error reporting WTF
08-15 22:13:16.402   456   489 E AndroidRuntime: java.lang.NullPointerException: Attempt to invoke interface method 'boolean android.app.IActivityManager.handleApplicationWtf(android.os.IBinder, java.lang.String, boolean, android.app.ApplicationErrorReport$ParcelableCrashInfo)' on a null object reference
08-15 22:13:16.402   456   489 E AndroidRuntime: 	at com.android.internal.os.RuntimeInit.wtf(RuntimeInit.java:385)
08-15 22:13:16.402   456   489 E AndroidRuntime: 	at android.util.Log$1.onTerribleFailure(Log.java:120)
08-15 22:13:16.402   456   489 E AndroidRuntime: 	at android.util.Log.wtf(Log.java:314)
08-15 22:13:16.402   456   489 E AndroidRuntime: 	at android.util.Slog.wtf(Slog.java:130)
08-15 22:13:16.402   456   489 E AndroidRuntime: 	at com.android.server.am.BatteryExternalStatsWorker$1.run(BatteryExternalStatsWorker.java:386)
08-15 22:13:16.402   456   489 E AndroidRuntime: 	at java.util.concurrent.Executors$RunnableAdapter.call(Executors.java:462)
08-15 22:13:16.402   456   489 E AndroidRuntime: 	at java.util.concurrent.FutureTask.run(FutureTask.java:266)
08-15 22:13:16.402   456   489 E AndroidRuntime: 	at java.util.concurrent.ScheduledThreadPoolExecutor$ScheduledFutureTask.run(ScheduledThreadPoolExecutor.java:301)
08-15 22:13:16.402   456   489 E AndroidRuntime: 	at java.util.concurrent.ThreadPoolExecutor.runWorker(ThreadPoolExecutor.java:1167)
08-15 22:13:16.402   456   489 E AndroidRuntime: 	at java.util.concurrent.ThreadPoolExecutor$Worker.run(ThreadPoolExecutor.java:641)
08-15 22:13:16.402   456   489 E AndroidRuntime: 	at com.android.server.am.BatteryExternalStatsWorker.lambda$new$0(BatteryExternalStatsWorker.java:81)
08-15 22:13:16.402   456   489 E AndroidRuntime: 	at com.android.server.am.-$$Lambda$BatteryExternalStatsWorker$ddVY5lmqswnSjXppAxPTOHbuzzQ.run(Unknown Source:2)
08-15 22:13:16.402   456   489 E AndroidRuntime: 	at java.lang.Thread.run(Thread.java:919)
08-15 22:13:16.403   456   489 E AndroidRuntime: Original WTF:
08-15 22:13:16.403   456   489 E AndroidRuntime: android.util.Log$TerribleFailure: Error updating external stats: 
08-15 22:13:16.403   456   489 E AndroidRuntime: 	at android.util.Log.wtf(Log.java:309)
08-15 22:13:16.403   456   489 E AndroidRuntime: 	at android.util.Slog.wtf(Slog.java:130)
08-15 22:13:16.403   456   489 E AndroidRuntime: 	at com.android.server.am.BatteryExternalStatsWorker$1.run(BatteryExternalStatsWorker.java:386)
08-15 22:13:16.403   456   489 E AndroidRuntime: 	at java.util.concurrent.Executors$RunnableAdapter.call(Executors.java:462)
08-15 22:13:16.403   456   489 E AndroidRuntime: 	at java.util.concurrent.FutureTask.run(FutureTask.java:266)
08-15 22:13:16.403   456   489 E AndroidRuntime: 	at java.util.concurrent.ScheduledThreadPoolExecutor$ScheduledFutureTask.run(ScheduledThreadPoolExecutor.java:301)
08-15 22:13:16.403   456   489 E AndroidRuntime: 	at java.util.concurrent.ThreadPoolExecutor.runWorker(ThreadPoolExecutor.java:1167)
08-15 22:13:16.403   456   489 E AndroidRuntime: 	at java.util.concurrent.ThreadPoolExecutor$Worker.run(ThreadPoolExecutor.java:641)
08-15 22:13:16.403   456   489 E AndroidRuntime: 	at com.android.server.am.BatteryExternalStatsWorker.lambda$new$0(BatteryExternalStatsWorker.java:81)
08-15 22:13:16.403   456   489 E AndroidRuntime: 	at com.android.server.am.-$$Lambda$BatteryExternalStatsWorker$ddVY5lmqswnSjXppAxPTOHbuzzQ.run(Unknown Source:2)
08-15 22:13:16.403   456   489 E AndroidRuntime: 	at java.lang.Thread.run(Thread.java:919)
08-15 22:13:16.403   456   489 E AndroidRuntime: Caused by: java.lang.NullPointerException: Attempt to invoke virtual method 'boolean android.content.pm.PackageManager.hasSystemFeature(java.lang.String)' on a null object reference
08-15 22:13:16.403   456   489 E AndroidRuntime: 	at com.android.server.am.BatteryExternalStatsWorker.updateExternalStatsLocked(BatteryExternalStatsWorker.java:453)
08-15 22:13:16.403   456   489 E AndroidRuntime: 	at com.android.server.am.BatteryExternalStatsWorker.access$900(BatteryExternalStatsWorker.java:63)
08-15 22:13:16.403   456   489 E AndroidRuntime: 	at com.android.server.am.BatteryExternalStatsWorker$1.run(BatteryExternalStatsWorker.java:363)
08-15 22:13:16.403   456   489 E AndroidRuntime: 	... 8 more
08-15 22:13:16.497   456   456 I IntentFirewall: Read new rules (A:0 B:0 S:0)
08-15 22:13:16.528   456   456 D AppOps  : AppOpsService published
08-15 22:13:16.534   456   456 D SystemServerTiming: StartActivityManager took to complete: 229ms
08-15 22:13:16.534   456   456 I SystemServer: StartPowerManager
08-15 22:13:16.534   456   456 I SystemServiceManager: Starting com.android.server.power.PowerManagerService
08-15 22:13:16.554   456   456 D SystemServerTiming: StartPowerManager took to complete: 20ms
08-15 22:13:16.554   456   456 I SystemServer: StartThermalManager
08-15 22:13:16.554   456   456 I SystemServiceManager: Starting com.android.server.power.ThermalManagerService
08-15 22:13:16.556   456   456 D SystemServerTiming: StartThermalManager took to complete: 2ms
08-15 22:13:16.556   456   456 I SystemServer: InitPowerManagement
08-15 22:13:16.557   456   456 D SystemServerTiming: InitPowerManagement took to complete: 1ms
08-15 22:13:16.557   456   456 I SystemServer: StartRecoverySystemService
08-15 22:13:16.557   456   456 I SystemServiceManager: Starting com.android.server.RecoverySystemService
08-15 22:13:16.559   456   456 D SystemServerTiming: StartRecoverySystemService took to complete: 2ms
08-15 22:13:16.561   456   456 W RescueParty: Noticed 1 events for UID 0 in last 8 sec
08-15 22:13:16.561   456   456 I SystemServer: StartLightsService
08-15 22:13:16.561   456   456 I SystemServiceManager: Starting com.android.server.lights.LightsService
08-15 22:13:16.567   456   456 D SystemServerTiming: StartLightsService took to complete: 6ms
08-15 22:13:16.567   456   456 I SystemServer: StartSidekickService
08-15 22:13:16.567   456   456 D SystemServerTiming: StartSidekickService took to complete: 0ms
08-15 22:13:16.567   456   456 I SystemServer: StartDisplayManager
08-15 22:13:16.567   456   456 I SystemServiceManager: Starting com.android.server.display.DisplayManagerService
08-15 22:13:16.575   456   456 D SystemServerTiming: StartDisplayManager took to complete: 8ms
08-15 22:13:16.575   456   456 I SystemServer: WaitForDisplay
08-15 22:13:16.575   456   456 I SystemServiceManager: Starting phase 100
08-15 22:13:16.585   456   478 I DisplayManagerService: Display device added: DisplayDeviceInfo{"Built-in Screen": uniqueId="local:0", 1280 x 800, modeId 1, defaultModeId 1, supportedModes [{id=1, width=1280, height=800, fps=53.0}], colorMode 0, supportedColorModes [0], HdrCapabilities android.view.Display$HdrCapabilities@40f16308, density 160, 213.0 x 213.0 dpi, appVsyncOff 1000000, presDeadline 18867924, touch INTERNAL, rotation 0, type BUILT_IN, address {port=0}, state UNKNOWN, FLAG_DEFAULT_DISPLAY, FLAG_ROTATES_WITH_CONTENT, FLAG_SECURE, FLAG_SUPPORTS_PROTECTED_BUFFERS}
08-15 22:13:16.591   456   456 D SystemServerTiming: WaitForDisplay took to complete: 16ms
08-15 22:13:16.591   456   478 I DisplayManagerService: Display device changed state: "Built-in Screen", ON
08-15 22:13:16.591   456   456 I SystemServer: StartPackageManagerService
08-15 22:13:16.591   456   456 I Watchdog: Pausing HandlerChecker: main thread for reason: packagemanagermain. Pause count: 1
08-15 22:13:16.631   456   456 D SELinuxMMAC: Using policy file /system/etc/selinux/plat_mac_permissions.xml
08-15 22:13:16.634   456   456 D SELinuxMMAC: Using policy file /vendor/etc/selinux/vendor_mac_permissions.xml
08-15 22:13:16.757   456   456 W PackageManager: Unknown element under <package>: uses-static-lib
08-15 22:13:16.764   456   456 W PackageManager: Unknown element under <package>: uses-static-lib
08-15 22:13:16.860   456   456 D PackageManager: Destroying unknown cache 1f370a0b9bab3cea4cb1f5ee85877620480d7ab9
08-15 22:13:16.873   456   456 W PackageManager: Wiping cache directory because the system partition changed.
08-15 22:13:16.964   456   456 W PackageManager: Failed to parse /system/framework/arm: Missing base APK in /system/framework/arm
08-15 22:13:16.964   456   456 W PackageManager: Failed to parse /system/framework/oat: Missing base APK in /system/framework/oat
08-15 22:13:16.965   456   456 W PackageManager: Failed to parse /system/framework/arm64: Missing base APK in /system/framework/arm64
08-15 22:13:17.078   456   507 W PackageParser: Ignoring duplicate uses-permissions/uses-permissions-sdk-m: android.permission.ACCESS_FINE_LOCATION in package: com.DeviceTest at: Binary XML file line #19
08-15 22:13:17.079   456   507 W PackageParser: Ignoring duplicate uses-permissions/uses-permissions-sdk-m: android.permission.WRITE_SETTINGS in package: com.DeviceTest at: Binary XML file line #28
08-15 22:13:17.079   456   507 W PackageParser: Ignoring duplicate uses-permissions/uses-permissions-sdk-m: android.permission.INTERNET in package: com.DeviceTest at: Binary XML file line #36
08-15 22:13:17.079   456   507 W PackageParser: Ignoring duplicate uses-permissions/uses-permissions-sdk-m: android.permission.DEVICE_POWER in package: com.DeviceTest at: Binary XML file line #40
08-15 22:13:17.248   456   508 E PackageManager: Failed to generate idmap for /system/priv-app/GooglePermissionControllerPrebuilt/GooglePermissionControllerPrebuilt.apk and /product/overlay/GooglePermissionControllerOverlay.apk
08-15 22:13:17.252   456   510 I PackageParser: Parse times for '/system/priv-app/ManagedProvisioning': parse=197ms, update_cache=1 ms
08-15 22:13:17.254   456   507 I PackageParser: Parse times for '/system/priv-app/DownloadProviderUi': parse=166ms, update_cache=1 ms
08-15 22:13:17.255   456   508 I PackageParser: Parse times for '/system/priv-app/GooglePermissionControllerPrebuilt': parse=201ms, update_cache=2 ms
08-15 22:13:17.255   456   509 I PackageParser: Parse times for '/system/priv-app/DownloadProvider': parse=176ms, update_cache=2 ms
08-15 22:13:17.272   456   507 W PackageParser: Ignoring duplicate uses-permissions/uses-permissions-sdk-m: android.permission.INSTALL_GRANT_RUNTIME_PERMISSIONS in package: com.android.shell at: Binary XML file line #127
08-15 22:13:17.361   456   520 W PackageParser: No actions in intent filter at /system/app/CarrierDefaultApp/CarrierDefaultApp.apk Binary XML file line #43
08-15 22:13:17.367   456   519 W PackageParser: Ignoring duplicate uses-permissions/uses-permissions-sdk-m: android.permission.READ_CONTACTS in package: com.android.bluetooth at: Binary XML file line #67
08-15 22:13:17.370   456   519 W PackageParser: No actions in intent filter at /system/app/Bluetooth/Bluetooth.apk Binary XML file line #264
08-15 22:13:17.405   343   369 E storaged: getService package_native failed
08-15 22:13:17.412   343   369 I storaged: storaged: Start
08-15 22:13:17.413   456   518 W PackageParser: Unknown element under <manifest>: meta-data at /system/app/Multifunctionclock/Multifunctionclock.apk Binary XML file line #18
08-15 22:13:17.474   456   520 W PackageParser: Ignoring duplicate uses-permissions/uses-permissions-sdk-m: android.permission.CHANGE_WIFI_STATE in package: com.android.nfc at: Binary XML file line #52
08-15 22:13:17.474   456   520 W PackageParser: Ignoring duplicate uses-permissions/uses-permissions-sdk-m: android.permission.ACCESS_WIFI_STATE in package: com.android.nfc at: Binary XML file line #53
08-15 22:13:17.488   456   522 W PackageParser: Ignoring duplicate uses-permissions/uses-permissions-sdk-m: android.permission.DEVICE_POWER in package: android.rk.RockVideoPlayer at: Binary XML file line #25
08-15 22:13:17.595   456   523 W PackageParser: Ignoring duplicate uses-permissions/uses-permissions-sdk-m: android.permission.READ_PRIVILEGED_PHONE_STATE in package: com.google.android.partnersetup at: Binary XML file line #56
08-15 22:13:17.778   456   524 I PackageParser: Parse times for '/product/priv-app/GmsCore': parse=204ms, update_cache=22 ms
08-15 22:13:17.800   456   523 I PackageParser: Parse times for '/product/priv-app/Phonesky': parse=105ms, update_cache=8 ms
08-15 22:13:17.805   456   526 W PackageParser: Ignoring duplicate uses-permissions/uses-permissions-sdk-m: android.permission.CONFIGURE_WIFI_DISPLAY in package: com.android.systemui at: Binary XML file line #155
08-15 22:13:17.814   456   526 I PackageParser: Parse times for '/product/priv-app/SystemUI': parse=118ms, update_cache=3 ms
08-15 22:13:17.857   456   525 I PackageParser: Parse times for '/product/priv-app/Settings': parse=355ms, update_cache=10 ms
08-15 22:13:17.866   456   456 W PackageManager: Skipping provider name androidx.lifecycle.process.lifecycle-process (in package com.android.settings): name already used by com.android.systemui
08-15 22:13:18.032   456   528 W PackageParser: No actions in intent filter at /product/app/Gmail2/Gmail2.apk Binary XML file line #433
08-15 22:13:18.033   456   528 W PackageParser: No actions in intent filter at /product/app/Gmail2/Gmail2.apk Binary XML file line #454
08-15 22:13:18.065   456   528 I PackageParser: Parse times for '/product/app/Gmail2': parse=162ms, update_cache=16 ms
08-15 22:13:18.077   456   530 I PackageParser: Parse times for '/product/app/LatinImeGoogle': parse=174ms, update_cache=3 ms
08-15 22:13:18.093   456   456 I PackageManager: Finished scanning system apps. Time: 1235 ms, packageCount: 145 , timePerPackage: 8 , cached: 0
08-15 22:13:18.093   456   456 I PackageManager: Finished scanning non-system apps. Time: 0 ms, packageCount: 0 , timePerPackage: 0 , cached: 0
08-15 22:13:18.099   456   456 I PackageManager: Time to scan packages: 1.241 seconds
08-15 22:13:18.101   456   456 I PackageManager: Un-granting permission com.google.android.googleapps.permission.GOOGLE_AUTH from package com.android.providers.calendar (protectionLevel=2 flags=0x30083e45)
08-15 22:13:18.101   456   456 I PackageManager: Un-granting permission com.google.android.googleapps.permission.GOOGLE_AUTH.cl from package com.android.providers.calendar (protectionLevel=2 flags=0x30083e45)
08-15 22:13:18.102   456   456 I PackageManager: Un-granting permission android.permission.GLOBAL_SEARCH from package com.android.quicksearchbox (protectionLevel=18 flags=0x3008be45)
08-15 22:13:18.103   456   456 I PackageManager: Un-granting permission android.permission.WRITE_MEDIA_STORAGE from package com.android.soundrecorder (protectionLevel=18 flags=0x3008be45)
08-15 22:13:18.103   456   456 I PackageManager: Un-granting permission android.permission.MOUNT_UNMOUNT_FILESYSTEMS from package com.android.soundrecorder (protectionLevel=18 flags=0x3008be45)
08-15 22:13:18.103   456   456 I PackageManager: Un-granting permission android.permission.WRITE_DEVICE_CONFIG from package com.android.vending (protectionLevel=524802 flags=0x384abe45)
08-15 22:13:18.104   456   456 I PackageManager: Un-granting permission android.permission.SEND_DOWNLOAD_COMPLETED_INTENTS from package com.android.vending (protectionLevel=2 flags=0x384abe45)
08-15 22:13:18.104   456   456 I PackageManager: Un-granting permission android.permission.INSTALL_GRANT_RUNTIME_PERMISSIONS from package com.android.vending (protectionLevel=770 flags=0x384abe45)
08-15 22:13:18.104   456   456 I PackageManager: Un-granting permission android.permission.GRANT_RUNTIME_PERMISSIONS from package com.android.vending (protectionLevel=770 flags=0x384abe45)
08-15 22:13:18.104   456   456 I PackageManager: Un-granting permission android.permission.REVOKE_RUNTIME_PERMISSIONS from package com.android.vending (protectionLevel=770 flags=0x384abe45)
08-15 22:13:18.104   456   456 I PackageManager: Un-granting permission android.permission.SET_PREFERRED_APPLICATIONS from package com.android.vending (protectionLevel=770 flags=0x384abe45)
08-15 22:13:18.104   456   456 I PackageManager: Un-granting permission android.permission.ACCESS_INSTANT_APPS from package com.android.vending (protectionLevel=131842 flags=0x384abe45)
08-15 22:13:18.104   456   456 I PackageManager: Un-granting permission android.permission.MANAGE_APP_OPS_MODES from package com.android.vending (protectionLevel=770 flags=0x384abe45)
08-15 22:13:18.104   456   456 I PackageManager: Un-granting permission android.permission.MANAGE_ROLLBACKS from package com.android.vending (protectionLevel=514 flags=0x384abe45)
08-15 22:13:18.104   456   456 I PackageManager: Un-granting permission android.permission.SET_HARMFUL_APP_WARNINGS from package com.android.vending (protectionLevel=514 flags=0x384abe45)
08-15 22:13:18.108   456   456 I PackageManager: Un-granting permission android.permission.REQUEST_INSTALL_PACKAGES from package com.google.android.gm (protectionLevel=66 flags=0x384bbe45)
08-15 22:13:18.108   456   456 I PackageManager: Un-granting permission com.google.android.googleapps.permission.GOOGLE_AUTH.mail from package com.android.calendar (protectionLevel=2 flags=0x2009be45)
08-15 22:13:18.109   456   456 I PackageManager: Un-granting permission android.permission.GRANT_RUNTIME_PERMISSIONS from package com.google.android.permissioncontroller (protectionLevel=770 flags=0x30c83e05)
08-15 22:13:18.109   456   456 I PackageManager: Un-granting permission android.permission.REVOKE_RUNTIME_PERMISSIONS from package com.google.android.permissioncontroller (protectionLevel=770 flags=0x30c83e05)
08-15 22:13:18.109   456   456 I PackageManager: Un-granting permission android.permission.ADJUST_RUNTIME_PERMISSIONS_POLICY from package com.google.android.permissioncontroller (protectionLevel=258 flags=0x30c83e05)
08-15 22:13:18.109   456   456 I PackageManager: Un-granting permission android.permission.WHITELIST_RESTRICTED_PERMISSIONS from package com.google.android.permissioncontroller (protectionLevel=258 flags=0x30c83e05)
08-15 22:13:18.109   456   456 I PackageManager: Un-granting permission android.permission.INTERACT_ACROSS_USERS_FULL from package com.google.android.permissioncontroller (protectionLevel=258 flags=0x30c83e05)
08-15 22:13:18.109   456   456 I PackageManager: Un-granting permission android.permission.MANAGE_APP_OPS_MODES from package com.google.android.permissioncontroller (protectionLevel=770 flags=0x30c83e05)
08-15 22:13:18.109   456   456 I PackageManager: Un-granting permission android.permission.KILL_UID from package com.google.android.permissioncontroller (protectionLevel=258 flags=0x30c83e05)
08-15 22:13:18.109   456   456 I PackageManager: Un-granting permission android.permission.MANAGE_APP_OPS_RESTRICTIONS from package com.google.android.permissioncontroller (protectionLevel=258 flags=0x30c83e05)
08-15 22:13:18.109   456   456 I PackageManager: Un-granting permission android.permission.HIDE_NON_SYSTEM_OVERLAY_WINDOWS from package com.google.android.permissioncontroller (protectionLevel=258 flags=0x30c83e05)
08-15 22:13:18.109   456   456 I PackageManager: Un-granting permission android.permission.MANAGE_ROLE_HOLDERS from package com.google.android.permissioncontroller (protectionLevel=258 flags=0x30c83e05)
08-15 22:13:18.109   456   456 I PackageManager: Un-granting permission android.permission.OBSERVE_ROLE_HOLDERS from package com.google.android.permissioncontroller (protectionLevel=258 flags=0x30c83e05)
08-15 22:13:18.109   456   456 I PackageManager: Un-granting permission android.permission.SET_PREFERRED_APPLICATIONS from package com.google.android.permissioncontroller (protectionLevel=770 flags=0x30c83e05)
08-15 22:13:18.109   456   456 I PackageManager: Un-granting permission android.permission.ACCESS_SHARED_LIBRARIES from package com.google.android.permissioncontroller (protectionLevel=258 flags=0x30c83e05)
08-15 22:13:18.110   456   456 I PackageManager: Un-granting permission android.permission.ACCESS_INSTANT_APPS from package com.google.android.permissioncontroller (protectionLevel=131842 flags=0x30c83e05)
08-15 22:13:18.110   456   456 I PackageManager: Un-granting permission android.permission.OPEN_ACCESSIBILITY_DETAILS_SETTINGS from package com.google.android.permissioncontroller (protectionLevel=258 flags=0x30c83e05)
08-15 22:13:18.113   456   456 I PackageManager: Un-granting permission android.permission.INTERACT_ACROSS_USERS from package com.google.android.syncadapters.contacts (protectionLevel=50 flags=0x20083e45)
08-15 22:13:18.114   456   456 I PackageManager: Un-granting permission android.permission.REQUEST_INSTALL_PACKAGES from package com.android.chrome (protectionLevel=66 flags=0xa04bbe45)
08-15 22:13:18.114   456   456 I PackageManager: Un-granting permission android.permission.HIDE_NON_SYSTEM_OVERLAY_WINDOWS from package com.google.android.packageinstaller (protectionLevel=258 flags=0x30483e45)
08-15 22:13:18.114   456   456 I PackageManager: Un-granting permission android.permission.MANAGE_APP_OPS_MODES from package com.google.android.packageinstaller (protectionLevel=770 flags=0x30483e45)
08-15 22:13:18.114   456   456 I PackageManager: Un-granting permission android.permission.INTERACT_ACROSS_USERS_FULL from package com.google.android.packageinstaller (protectionLevel=258 flags=0x30483e45)
08-15 22:13:18.115   456   456 I PackageManager: Un-granting permission android.permission.CAPTURE_VIDEO_OUTPUT from package com.google.android.gms (protectionLevel=2 flags=0xa0cabe45)
08-15 22:13:18.115   456   456 I PackageManager: Un-granting permission android.permission.MANAGE_DEVICE_ADMINS from package com.google.android.gms (protectionLevel=2 flags=0xa0cabe45)
08-15 22:13:18.115   456   456 I PackageManager: Un-granting permission android.permission.MANAGE_ACTIVITY_STACKS from package com.google.android.gms (protectionLevel=2 flags=0xa0cabe45)
08-15 22:13:18.115   456   456 I PackageManager: Un-granting permission android.permission.CAPTURE_SECURE_VIDEO_OUTPUT from package com.google.android.gms (protectionLevel=2 flags=0xa0cabe45)
08-15 22:13:18.127   456   456 V PackageManager: reconcileAppsData for null u0 0x1 migrateAppData=true
08-15 22:13:18.197   456   456 V PackageManager: reconcileAppsData finished 18 packages
08-15 22:13:18.198   456   532 D SystemServerInitThreadPool: Started executing prepareAppData
08-15 22:13:18.354   456   456 V PackageManager: Ephemeral resolver found; pkg: com.google.android.gms, info:ResolveInfo{95add50 com.google.android.gms/.chimera.PersistentBoundBrokerService m=0x108000}
08-15 22:13:18.354   456   456 D PackageManager: Set ephemeral resolver: Pair{ComponentInfo{com.google.android.gms/com.google.android.gms.chimera.PersistentBoundBrokerService} android.intent.action.RESOLVE_INSTANT_APP_PACKAGE}
08-15 22:13:18.356   456   456 D PackageManager: Set ephemeral installer activity: ComponentInfo{com.android.vending/com.google.android.finsky.instantapps.EphemeralInstallerActivity}
08-15 22:13:18.482   456   456 I Watchdog: Resuming HandlerChecker: main thread for reason: packagemanagermain. Pause count: 0
08-15 22:13:18.484   456   456 D SystemServerTiming: StartPackageManagerService took to complete: 1892ms
08-15 22:13:18.484   456   456 I SystemServer: StartOtaDexOptService
08-15 22:13:18.485   456   456 I Watchdog: Pausing HandlerChecker: main thread for reason: moveab. Pause count: 1
08-15 22:13:18.485   456   456 D OTADexopt: No upgrade, skipping A/B artifacts check.
08-15 22:13:18.485   456   456 I Watchdog: Resuming HandlerChecker: main thread for reason: moveab. Pause count: 0
08-15 22:13:18.485   456   456 D SystemServerTiming: StartOtaDexOptService took to complete: 1ms
08-15 22:13:18.486   456   456 I SystemServer: StartUserManagerService
08-15 22:13:18.486   456   456 I SystemServiceManager: Starting com.android.server.pm.UserManagerService$LifeCycle
08-15 22:13:18.486   456   456 D SystemServerTiming: StartUserManagerService took to complete: 1ms
08-15 22:13:18.486   456   456 I SystemServer: InitAttributerCache
08-15 22:13:18.487   456   456 D SystemServerTiming: InitAttributerCache took to complete: 0ms
08-15 22:13:18.487   456   456 I SystemServer: SetSystemProcess
08-15 22:13:18.492   456   456 D SystemServerTiming: SetSystemProcess took to complete: 6ms
08-15 22:13:18.492   456   456 I SystemServer: InitWatchdog
08-15 22:13:18.494   456   456 D SystemServerTiming: InitWatchdog took to complete: 1ms
08-15 22:13:18.494   456   456 I SystemServer: StartOverlayManagerService
08-15 22:13:18.532   456   532 D SystemServerTimingAsync: AppDataFixup took to complete: 333ms
08-15 22:13:18.609   456   456 D SystemServerTiming: StartOverlayManagerService took to complete: 115ms
08-15 22:13:18.609   456   456 I SystemServer: StartSensorPrivacyService
08-15 22:13:18.610   456   456 D SystemServerTiming: StartSensorPrivacyService took to complete: 2ms
08-15 22:13:18.611   456   456 I SystemServer: StartBatteryService
08-15 22:13:18.611   456   456 I SystemServiceManager: Starting com.android.server.BatteryService
08-15 22:13:18.611   456   540 D SystemServerInitThreadPool: Started executing StartSensorService
08-15 22:13:18.621   456   540 D SystemServerTimingAsync: StartSensorService took to complete: 9ms
08-15 22:13:18.621   456   540 D SystemServerInitThreadPool: Finished executing StartSensorService
08-15 22:13:18.626   456   489 I KernelCpuUidFreqTimeReader: mPerClusterTimesAvailable=false
08-15 22:13:18.629   456   489 W KernelMemoryBandwidthStats: No kernel memory bandwidth stats available
08-15 22:13:18.631   456   456 I HealthServiceWrapper: health: HealthServiceWrapper listening to instance default
08-15 22:13:18.631   456   456 I BatteryService: health: Waited 0ms and received the update.
08-15 22:13:18.632   456   456 D SystemServerTiming: StartBatteryService took to complete: 22ms
08-15 22:13:18.632   456   456 I SystemServer: StartUsageService
08-15 22:13:18.633   456   456 I SystemServiceManager: Starting com.android.server.usage.UsageStatsService
08-15 22:13:18.655   456   456 I UsageStatsService: User[0] Rollover scheduled @ 2020-08-16 22:11:08(1597608668097)
08-15 22:13:18.655   456   456 D SystemServerTiming: StartUsageService took to complete: 22ms
08-15 22:13:18.655   456   456 I SystemServer: StartWebViewUpdateService
08-15 22:13:18.655   456   456 I SystemServiceManager: Starting com.android.server.webkit.WebViewUpdateService
08-15 22:13:18.661   456   456 D SystemServerTiming: StartWebViewUpdateService took to complete: 6ms
08-15 22:13:18.661   456   456 I SystemServer: StartCachedDeviceStateService
08-15 22:13:18.661   456   456 I SystemServiceManager: Starting com.android.server.CachedDeviceStateService
08-15 22:13:18.661   456   456 D SystemServerTiming: StartCachedDeviceStateService took to complete: 0ms
08-15 22:13:18.661   456   456 I SystemServer: StartBinderCallsStatsService
08-15 22:13:18.661   456   456 I SystemServiceManager: Starting com.android.server.BinderCallsStatsService$LifeCycle
08-15 22:13:18.662   456   456 D SystemServerTiming: StartBinderCallsStatsService took to complete: 1ms
08-15 22:13:18.662   456   456 I SystemServer: StartLooperStatsService
08-15 22:13:18.662   456   456 I SystemServiceManager: Starting com.android.server.LooperStatsService$Lifecycle
08-15 22:13:18.663   456   456 D SystemServerTiming: StartLooperStatsService took to complete: 1ms
08-15 22:13:18.663   456   456 I SystemServer: StartRollbackManagerService
08-15 22:13:18.663   456   456 I SystemServiceManager: Starting com.android.server.rollback.RollbackManagerService
08-15 22:13:18.671   456   456 D SystemServerTiming: StartRollbackManagerService took to complete: 9ms
08-15 22:13:18.672   456   456 I SystemServer: StartBugreportManagerService
08-15 22:13:18.672   456   456 I SystemServiceManager: Starting com.android.server.os.BugreportManagerService
08-15 22:13:18.672   456   456 D SystemServerTiming: StartBugreportManagerService took to complete: 1ms
08-15 22:13:18.672   456   456 I SystemServer: GpuService
08-15 22:13:18.673   456   456 I SystemServiceManager: Starting com.android.server.gpu.GpuService
08-15 22:13:18.673   456   456 D SystemServerTiming: GpuService took to complete: 0ms
08-15 22:13:18.674   456   456 I SystemServer: StartKeyAttestationApplicationIdProviderService
08-15 22:13:18.674   456   547 D SystemServerInitThreadPool: Started executing SecondaryZygotePreload
08-15 22:13:18.674   456   547 I SystemServer: SecondaryZygotePreload
08-15 22:13:18.674   456   456 D SystemServerTiming: StartKeyAttestationApplicationIdProviderService took to complete: 0ms
08-15 22:13:18.674   456   456 I SystemServer: StartKeyChainSystemService
08-15 22:13:18.674   456   456 I SystemServiceManager: Starting com.android.server.security.KeyChainSystemService
08-15 22:13:18.675   456   456 D SystemServerTiming: StartKeyChainSystemService took to complete: 0ms
08-15 22:13:18.675   456   456 I SystemServer: StartSchedulingPolicyService
08-15 22:13:18.676   456   548 D SystemServerInitThreadPool: Started executing SchedulingPolicyService.<init>
08-15 22:13:18.676   456   456 D SystemServerTiming: StartSchedulingPolicyService took to complete: 2ms
08-15 22:13:18.676   456   456 I SystemServer: StartTelecomLoaderService
08-15 22:13:18.677   456   456 I SystemServiceManager: Starting com.android.server.telecom.TelecomLoaderService
08-15 22:13:18.677   456   456 D SystemServerTiming: StartTelecomLoaderService took to complete: 1ms
08-15 22:13:18.678   456   456 I SystemServer: StartTelephonyRegistry
08-15 22:13:18.681   456   456 D SystemServerTiming: StartTelephonyRegistry took to complete: 3ms
08-15 22:13:18.681   456   456 I SystemServer: StartEntropyMixer
08-15 22:13:18.685   456   548 D SystemServerInitThreadPool: Finished executing SchedulingPolicyService.<init>
08-15 22:13:18.688   456   456 I EntropyMixer: Added HW RNG output to entropy pool
08-15 22:13:18.688   456   456 I EntropyMixer: Writing entropy...
08-15 22:13:18.692   268   268 D ZygoteInitTiming_lazy: BeginPreload took to complete: 13ms
08-15 22:13:18.696   456   456 D SystemServerTiming: StartEntropyMixer took to complete: 15ms
08-15 22:13:18.696   456   456 I SystemServer: StartAccountManagerService
08-15 22:13:18.696   456   456 I SystemServiceManager: Starting com.android.server.accounts.AccountManagerService$Lifecycle
08-15 22:13:18.702   456   456 D SystemServerTiming: StartAccountManagerService took to complete: 5ms
08-15 22:13:18.702   456   456 I SystemServer: StartContentService
08-15 22:13:18.702   456   456 I SystemServiceManager: Starting com.android.server.content.ContentService$Lifecycle
08-15 22:13:18.708   456   456 D SystemServerTiming: StartContentService took to complete: 6ms
08-15 22:13:18.708   456   456 I SystemServer: InstallSystemProviders
08-15 22:13:18.717   456   532 D SystemServerTimingAsync: AppDataPrepare took to complete: 184ms
08-15 22:13:18.717   456   532 I PackageManager: Deferred reconcileAppsData finished 127 packages
08-15 22:13:18.717   456   532 D SystemServerInitThreadPool: Finished executing prepareAppData
08-15 22:13:18.738   456   456 I SettingsState: No settings state /data/system/users/0/settings_config.xml
08-15 22:13:18.741   456   456 I SettingsState: directory info for directory/file /data/system/users/0/settings_config.xml with stacktrace 
08-15 22:13:18.741   456   456 I SettingsState: java.lang.Exception
08-15 22:13:18.741   456   456 I SettingsState: 	at com.android.providers.settings.SettingsState.logSettingsDirectoryInformation(SettingsState.java:753)
08-15 22:13:18.741   456   456 I SettingsState: 	at com.android.providers.settings.SettingsState.readStateSyncLocked(SettingsState.java:852)
08-15 22:13:18.741   456   456 I SettingsState: 	at com.android.providers.settings.SettingsState.<init>(SettingsState.java:277)
08-15 22:13:18.741   456   456 I SettingsState: 	at com.android.providers.settings.SettingsProvider$SettingsRegistry.ensureSettingsStateLocked(SettingsProvider.java:2589)
08-15 22:13:18.741   456   456 I SettingsState: 	at com.android.providers.settings.SettingsProvider$SettingsRegistry.ensureSettingsForUserLocked(SettingsProvider.java:2554)
08-15 22:13:18.741   456   456 I SettingsState: 	at com.android.providers.settings.SettingsProvider$SettingsRegistry.peekSettingsStateLocked(SettingsProvider.java:2867)
08-15 22:13:18.741   456   456 I SettingsState: 	at com.android.providers.settings.SettingsProvider$SettingsRegistry.getSettingsNamesLocked(SettingsProvider.java:2519)
08-15 22:13:18.741   456   456 I SettingsState: 	at com.android.providers.settings.SettingsProvider$SettingsRegistry.syncSsaidTableOnStart(SettingsProvider.java:2501)
08-15 22:13:18.741   456   456 I SettingsState: 	at com.android.providers.settings.SettingsProvider$SettingsRegistry.<init>(SettingsProvider.java:2397)
08-15 22:13:18.741   456   456 I SettingsState: 	at com.android.providers.settings.SettingsProvider.onCreate(SettingsProvider.java:330)
08-15 22:13:18.741   456   456 I SettingsState: 	at android.content.ContentProvider.attachInfo(ContentProvider.java:2092)
08-15 22:13:18.741   456   456 I SettingsState: 	at android.content.ContentProvider.attachInfo(ContentProvider.java:2066)
08-15 22:13:18.741   456   456 I SettingsState: 	at android.app.ActivityThread.installProvider(ActivityThread.java:6983)
08-15 22:13:18.741   456   456 I SettingsState: 	at android.app.ActivityThread.installContentProviders(ActivityThread.java:6528)
08-15 22:13:18.741   456   456 I SettingsState: 	at android.app.ActivityThread.installSystemProviders(ActivityThread.java:7169)
08-15 22:13:18.741   456   456 I SettingsState: 	at com.android.server.am.ActivityManagerService.installSystemProviders(ActivityManagerService.java:7668)
08-15 22:13:18.741   456   456 I SettingsState: 	at com.android.server.SystemServer.startOtherServices(SystemServer.java:984)
08-15 22:13:18.741   456   456 I SettingsState: 	at com.android.server.SystemServer.run(SystemServer.java:514)
08-15 22:13:18.741   456   456 I SettingsState: 	at com.android.server.SystemServer.main(SystemServer.java:351)
08-15 22:13:18.741   456   456 I SettingsState: 	at java.lang.reflect.Method.invoke(Native Method)
08-15 22:13:18.741   456   456 I SettingsState: 	at com.android.internal.os.RuntimeInit$MethodAndArgsCaller.run(RuntimeInit.java:492)
08-15 22:13:18.741   456   456 I SettingsState: 	at com.android.internal.os.ZygoteInit.main(ZygoteInit.java:908)
08-15 22:13:18.741   456   456 I SettingsState: ancestor directory /data/system/users/0 exists
08-15 22:13:18.742   456   456 I SettingsState: ancestor directory /data/system/users/0 permissions: r: true w: true x: true
08-15 22:13:18.742   456   456 I SettingsState: ancestor's parent directory /data/system/users permissions: r: true w: true x: true
08-15 22:13:18.762   456   456 D SystemServerTiming: InstallSystemProviders took to complete: 55ms
08-15 22:13:18.763   456   456 I SystemServer: StartDropBoxManager
08-15 22:13:18.763   456   456 I SystemServiceManager: Starting com.android.server.DropBoxManagerService
08-15 22:13:18.763   456   456 D SystemServerTiming: StartDropBoxManager took to complete: 1ms
08-15 22:13:18.764   456   456 I SystemServer: StartVibratorService
08-15 22:13:18.769   456   456 D SystemServerTiming: StartVibratorService took to complete: 6ms
08-15 22:13:18.769   456   456 I SystemServer: StartDynamicSystemService
08-15 22:13:18.771   456   456 D SystemServerTiming: StartDynamicSystemService took to complete: 1ms
08-15 22:13:18.771   456   456 I SystemServer: StartConsumerIrService
08-15 22:13:18.772   456   456 D SystemServerTiming: StartConsumerIrService took to complete: 2ms
08-15 22:13:18.773   456   456 I SystemServer: StartAlarmManagerService
08-15 22:13:18.781   456   456 D SystemServerTiming: StartAlarmManagerService took to complete: 8ms
08-15 22:13:18.781   456   456 I SystemServer: StartInputManagerService
08-15 22:13:18.781   456   456 I InputManager: Initializing input manager, mUseDevInputEventForAudioJack=false
08-15 22:13:18.786   456   456 D SystemServerTiming: StartInputManagerService took to complete: 5ms
08-15 22:13:18.786   456   456 I SystemServer: StartWindowManagerService
