08-15 22:14:40.011   183   183 E Layer   : [Surface(name=AppWindowToken{82873ca token=Token{fb1c335 ActivityRecord{318516c u0 com.android.settings/.Settings t9}}})/@0xadc11e9 - animation-leash#0] No local sync point found
08-15 22:14:40.011   183   183 E Layer   : [Surface(name=AppWindowToken{5430ada token=Token{e6b0c85 ActivityRecord{34eadfc u0 com.android.launcher3/.Launcher t7}}})/@0xb8c59bc - animation-leash#0] No local sync point found
08-15 22:14:40.011   183   183 E Layer   : [Surface(name=AppWindowToken{5430ada token=Token{e6b0c85 ActivityRecord{34eadfc u0 com.android.launcher3/.Launcher t7}}})/@0xb8c59bc - animation-leash#0] No local sync point found
08-15 22:14:40.013   183   555 E BufferQueueProducer: [com.android.launcher3/com.android.launcher3.Launcher#0] disconnect: not connected (req=1)
08-15 22:14:40.013   894  1311 W libEGL  : EGLNativeWindowType 0x7b2501bf90 disconnect failed
08-15 22:14:40.257   456   484 W BroadcastQueue: Background execution not allowed: receiving Intent { act=android.intent.action.DROPBOX_ENTRY_ADDED flg=0x10 (has extras) } to com.google.android.gms/.stats.service.DropBoxEntryAddedReceiver
08-15 22:14:40.257   456   484 W BroadcastQueue: Background execution not allowed: receiving Intent { act=android.intent.action.DROPBOX_ENTRY_ADDED flg=0x10 (has extras) } to com.google.android.gms/.chimera.GmsIntentOperationService$PersistentTrustedReceiver
08-15 22:14:41.478   456  1246 I ActivityTaskManager: START u0 {act=android.intent.action.MAIN cmp=com.android.settings/.SubSettings (has extras)} from uid 1000
08-15 22:14:41.482   456  1246 I chatty  : uid=1000(system) Binder:456_A expire 1 line
08-15 22:14:41.499   456   844 I chatty  : uid=1000(system) Binder:456_6 expire 1 line
08-15 22:14:41.634  1483  2337 I NearbyDiscovery: FastPairSlice: Querying slice uri content://com.google.android.gms.nearby.fastpair/device_status_list_item [CONTEXT service_id=49 ]
08-15 22:14:41.634  1483  2337 I NearbyDiscovery: FastPairSlice: Slices disabled. [CONTEXT service_id=49 ]
08-15 22:14:41.641   863  2822 I chatty  : uid=1000(system) com.android.settings expire 1 line
08-15 22:14:41.655   863   936 I chatty  : uid=1000(system) RenderThread expire 1 line
08-15 22:14:41.665   863  2808 I chatty  : uid=1000(system) com.android.settings expire 1 line
08-15 22:14:41.665   281   310 I GRALLOC-ROCKCHIP: [File] : hardware/rockchip/libgralloc/midgard/gralloc_drm_rockchip.cpp; [Line] : 2197; [Func] : drm_gem_rockchip_alloc;
08-15 22:14:41.665   281   310 I GRALLOC-ROCKCHIP: dmabuf_name : 310_4096000_22:14:41.665
08-15 22:14:41.671   281   281 I GRALLOC-ROCKCHIP: [File] : hardware/rockchip/libgralloc/midgard/gralloc_drm_rockchip.cpp; [Line] : 2197; [Func] : drm_gem_rockchip_alloc;
08-15 22:14:41.671   281   281 I GRALLOC-ROCKCHIP: dmabuf_name : 281_4096000_22:14:41.671
08-15 22:14:41.685   281   978 I GRALLOC-ROCKCHIP: [File] : hardware/rockchip/libgralloc/midgard/gralloc_drm_rockchip.cpp; [Line] : 2197; [Func] : drm_gem_rockchip_alloc;
08-15 22:14:41.685   281   978 I GRALLOC-ROCKCHIP: dmabuf_name : 978_4096000_22:14:41.685
08-15 22:14:41.685   281   310 I GRALLOC-ROCKCHIP: [File] : hardware/rockchip/libgralloc/midgard/gralloc_drm_rockchip.cpp; [Line] : 2197; [Func] : drm_gem_rockchip_alloc;
08-15 22:14:41.685   281   310 I GRALLOC-ROCKCHIP: dmabuf_name : 310_4096000_22:14:41.685
08-15 22:14:41.695   863   863 I chatty  : uid=1000(system) com.android.settings expire 5 lines
08-15 22:14:41.722   281   978 I GRALLOC-ROCKCHIP: [File] : hardware/rockchip/libgralloc/midgard/gralloc_drm_rockchip.cpp; [Line] : 2197; [Func] : drm_gem_rockchip_alloc;
08-15 22:14:41.722   281   978 I GRALLOC-ROCKCHIP: dmabuf_name : 978_4096000_22:14:41.722
08-15 22:14:41.741   281   978 I GRALLOC-ROCKCHIP: [File] : hardware/rockchip/libgralloc/midgard/gralloc_drm_rockchip.cpp; [Line] : 2197; [Func] : drm_gem_rockchip_alloc;
08-15 22:14:41.741   281   978 I GRALLOC-ROCKCHIP: dmabuf_name : 978_4096000_22:14:41.741
08-15 22:14:42.161   183   490 E BufferQueueProducer: [com.android.settings/com.android.settings.Settings#0] disconnect: not connected (req=1)
08-15 22:14:42.161   863   936 I chatty  : uid=1000(system) RenderThread expire 1 line
08-15 22:14:42.382   456  1207 E TaskPersister: File error accessing recents directory (directory doesn't exist?).
08-15 22:14:42.708   456  1246 I ActivityTaskManager: START u0 {act=android.intent.action.MAIN cmp=com.android.settings/.SubSettings (has extras)} from uid 1000
08-15 22:14:42.712   456  1246 I chatty  : uid=1000(system) Binder:456_A expire 1 line
08-15 22:14:42.726   456   884 I chatty  : uid=1000(system) Binder:456_7 expire 1 line
08-15 22:14:42.758   863   863 I chatty  : uid=1000(system) com.android.settings expire 10 lines
08-15 22:14:42.780   456   884 E UserRestrictionsUtils: Unknown restriction queried by uid 1000 (com.android.providers.settings et al): null
08-15 22:14:42.782   456   884 E UserRestrictionsUtils: Unknown restriction queried by uid 1000 (com.android.providers.settings et al): null
08-15 22:14:42.796  1483  2337 W ProximityAuth: [FeatureUtils] Accounts list is empty
08-15 22:14:42.810   456   483 I chatty  : uid=1000(system) android.bg expire 1 line
08-15 22:14:42.822  1483  1483 W ChimeraUtils: Non Chimera context
08-15 22:14:42.822  1483  1483 W ChimeraUtils: Non Chimera context
08-15 22:14:42.830  1483  1483 I CastMirroringProvider: onDiscoveryModeChanged, mode=1
08-15 22:14:42.851   863  2808 I chatty  : uid=1000(system) com.android.settings expire 1 line
08-15 22:14:42.853  1483  2338 I DiscoveryManager: Filter criteria(674A0243,8E6C866D) scannerFlags(2)
08-15 22:14:42.868   863   936 I chatty  : uid=1000(system) RenderThread expire 1 line
08-15 22:14:42.870   863  2822 I chatty  : uid=1000(system) com.android.settings expire 1 line
08-15 22:14:42.874   281   978 I GRALLOC-ROCKCHIP: [File] : hardware/rockchip/libgralloc/midgard/gralloc_drm_rockchip.cpp; [Line] : 2197; [Func] : drm_gem_rockchip_alloc;
08-15 22:14:42.874   281   978 I GRALLOC-ROCKCHIP: dmabuf_name : 978_4096000_22:14:42.874
08-15 22:14:42.884   281   310 I GRALLOC-ROCKCHIP: [File] : hardware/rockchip/libgralloc/midgard/gralloc_drm_rockchip.cpp; [Line] : 2197; [Func] : drm_gem_rockchip_alloc;
08-15 22:14:42.884   281   310 I GRALLOC-ROCKCHIP: dmabuf_name : 310_4096000_22:14:42.884
08-15 22:14:42.890   281   281 I GRALLOC-ROCKCHIP: [File] : hardware/rockchip/libgralloc/midgard/gralloc_drm_rockchip.cpp; [Line] : 2197; [Func] : drm_gem_rockchip_alloc;
08-15 22:14:42.890   281   281 I GRALLOC-ROCKCHIP: dmabuf_name : 281_4096000_22:14:42.890
08-15 22:14:42.926   281   310 I GRALLOC-ROCKCHIP: [File] : hardware/rockchip/libgralloc/midgard/gralloc_drm_rockchip.cpp; [Line] : 2197; [Func] : drm_gem_rockchip_alloc;
08-15 22:14:42.926   281   310 I GRALLOC-ROCKCHIP: dmabuf_name : 310_4096000_22:14:42.926
08-15 22:14:42.964  1483  1483 I CastMirroringProvider: onDiscoveryModeChanged, mode=0
08-15 22:14:42.964  1483  2338 I CastMirroringProvider: onDiscoveryModeChanged removing all remote displays
08-15 22:14:42.971  1483  1671 W ProximityAuth: [FeatureUtils] Accounts list is empty
08-15 22:14:42.977  1483  1483 W MediaRouter: Ignoring invalid provider descriptor: null
08-15 22:14:42.981  1483  1725 I DiscoveryManager: Filter criteria(null) scannerFlags(0)
08-15 22:14:42.994  1483  1483 W ChimeraUtils: Non Chimera context
08-15 22:14:42.994  1483  1483 W ChimeraUtils: Non Chimera context
08-15 22:14:42.999  1483  1483 I CastMirroringProvider: onDiscoveryModeChanged, mode=1
08-15 22:14:43.007   281   310 I GRALLOC-ROCKCHIP: [File] : hardware/rockchip/libgralloc/midgard/gralloc_drm_rockchip.cpp; [Line] : 2197; [Func] : drm_gem_rockchip_alloc;
08-15 22:14:43.007   281   310 I GRALLOC-ROCKCHIP: dmabuf_name : 310_4096000_22:14:43.007
08-15 22:14:43.013  1483  2338 I DiscoveryManager: Filter criteria(674A0243,8E6C866D) scannerFlags(2)
08-15 22:14:43.040   281   310 I GRALLOC-ROCKCHIP: [File] : hardware/rockchip/libgralloc/midgard/gralloc_drm_rockchip.cpp; [Line] : 2197; [Func] : drm_gem_rockchip_alloc;
08-15 22:14:43.040   281   310 I GRALLOC-ROCKCHIP: dmabuf_name : 310_4096000_22:14:43.040
08-15 22:14:43.404   863   863 I chatty  : uid=1000(system) com.android.settings expire 2 lines
08-15 22:14:43.421   183   206 E BufferQueueProducer: [com.android.settings/com.android.settings.SubSettings#0] disconnect: not connected (req=1)
08-15 22:14:43.422   863   936 I chatty  : uid=1000(system) RenderThread expire 4 lines
08-15 22:14:44.305   615   615 I KeyButtonView: Back button event: ACTION_DOWN
08-15 22:14:44.308   456   558 I chatty  : uid=1000(system) InputDispatcher expire 4 lines
08-15 22:14:44.379   615   615 I KeyButtonView: Back button event: ACTION_UP
08-15 22:14:44.381   456   476 D AutofillManagerService: onBackKeyPressed()
08-15 22:14:44.389   281   310 I GRALLOC-ROCKCHIP: [File] : hardware/rockchip/libgralloc/midgard/gralloc_drm_rockchip.cpp; [Line] : 2197; [Func] : drm_gem_rockchip_alloc;
08-15 22:14:44.389   281   310 I GRALLOC-ROCKCHIP: dmabuf_name : 310_4096000_22:14:44.389
08-15 22:14:44.411   615   655 I ndroid.systemu: Waiting for a blocking GC ProfileSaver
08-15 22:14:44.412   456   953 I chatty  : uid=1000(system) Binder:456_8 expire 1 line
08-15 22:14:44.436   863   863 I chatty  : uid=1000(system) com.android.settings expire 11 lines
08-15 22:14:44.438  1483  1671 I NearbyDiscovery: FastPairSlice: Querying slice uri content://com.google.android.gms.nearby.fastpair/device_status_list_item [CONTEXT service_id=49 ]
08-15 22:14:44.439  1483  1671 I NearbyDiscovery: FastPairSlice: Slices disabled. [CONTEXT service_id=49 ]
08-15 22:14:44.451   863  2822 I chatty  : uid=1000(system) com.android.settings expire 1 line
08-15 22:14:44.474   281   310 I GRALLOC-ROCKCHIP: [File] : hardware/rockchip/libgralloc/midgard/gralloc_drm_rockchip.cpp; [Line] : 2197; [Func] : drm_gem_rockchip_alloc;
08-15 22:14:44.474   281   310 I GRALLOC-ROCKCHIP: dmabuf_name : 310_4096000_22:14:44.474
08-15 22:14:44.477   456  2080 I chatty  : uid=1000(system) RenderThread expire 3 lines
08-15 22:14:44.487   281   978 I GRALLOC-ROCKCHIP: [File] : hardware/rockchip/libgralloc/midgard/gralloc_drm_rockchip.cpp; [Line] : 2197; [Func] : drm_gem_rockchip_alloc;
08-15 22:14:44.487   281   978 I GRALLOC-ROCKCHIP: dmabuf_name : 978_4096000_22:14:44.487
08-15 22:14:44.493   281   281 I GRALLOC-ROCKCHIP: [File] : hardware/rockchip/libgralloc/midgard/gralloc_drm_rockchip.cpp; [Line] : 2197; [Func] : drm_gem_rockchip_alloc;
08-15 22:14:44.493   281   281 I GRALLOC-ROCKCHIP: dmabuf_name : 281_4096000_22:14:44.493
08-15 22:14:44.496   863  2808 I chatty  : uid=1000(system) com.android.settings expire 4 lines
08-15 22:14:44.506   456   477 I DropBoxManagerService: add tag=system_app_strictmode isTagEnabled=true flags=0x2
08-15 22:14:44.509   615   635 I ndroid.systemu: NativeAlloc concurrent copying GC freed 4452(280KB) AllocSpace objects, 0(0B) LOS objects, 49% free, 5109KB/10219KB, paused 100us total 104.523ms
08-15 22:14:44.510   615   655 I ndroid.systemu: WaitForGcToComplete blocked ProfileSaver on HeapTrim for 99.081ms
08-15 22:14:44.512   456   477 I DropBoxManagerService: add tag=system_app_strictmode isTagEnabled=true flags=0x2
08-15 22:14:44.520   281   977 I GRALLOC-ROCKCHIP: [File] : hardware/rockchip/libgralloc/midgard/gralloc_drm_rockchip.cpp; [Line] : 2197; [Func] : drm_gem_rockchip_alloc;
08-15 22:14:44.520   281   977 I GRALLOC-ROCKCHIP: dmabuf_name : 977_4096000_22:14:44.520
08-15 22:14:44.540   281   977 I GRALLOC-ROCKCHIP: [File] : hardware/rockchip/libgralloc/midgard/gralloc_drm_rockchip.cpp; [Line] : 2197; [Func] : drm_gem_rockchip_alloc;
08-15 22:14:44.540   281   977 I GRALLOC-ROCKCHIP: dmabuf_name : 977_4096000_22:14:44.540
08-15 22:14:44.558   281   977 I GRALLOC-ROCKCHIP: [File] : hardware/rockchip/libgralloc/midgard/gralloc_drm_rockchip.cpp; [Line] : 2197; [Func] : drm_gem_rockchip_alloc;
08-15 22:14:44.558   281   977 I GRALLOC-ROCKCHIP: dmabuf_name : 977_4096000_22:14:44.558
08-15 22:14:44.957   183   490 E BufferQueueProducer: [com.android.settings/com.android.settings.SubSettings#1] disconnect: not connected (req=1)
08-15 22:14:44.971  1483  1483 I CastMirroringProvider: onDiscoveryModeChanged, mode=0
08-15 22:14:44.973  1483  2338 I CastMirroringProvider: onDiscoveryModeChanged removing all remote displays
08-15 22:14:44.978  1483  1483 W MediaRouter: Ignoring invalid provider descriptor: null
08-15 22:14:44.989  1483  1725 I DiscoveryManager: Filter criteria(null) scannerFlags(0)
08-15 22:14:45.368   615   615 I KeyButtonView: Back button event: ACTION_DOWN
08-15 22:14:45.469   615   615 I KeyButtonView: Back button event: ACTION_UP
08-15 22:14:45.471   456   476 D AutofillManagerService: onBackKeyPressed()
08-15 22:14:45.483   281   977 I GRALLOC-ROCKCHIP: [File] : hardware/rockchip/libgralloc/midgard/gralloc_drm_rockchip.cpp; [Line] : 2197; [Func] : drm_gem_rockchip_alloc;
08-15 22:14:45.483   281   977 I GRALLOC-ROCKCHIP: dmabuf_name : 977_4096000_22:14:45.483
08-15 22:14:45.506   456   884 I chatty  : uid=1000(system) Binder:456_7 expire 1 line
08-15 22:14:45.561   456   567 I chatty  : uid=1000(system) ClientModeImpl expire 3 lines
08-15 22:14:45.561   456   489 E BatteryExternalStatsWorker: no controller energy info supplied for bluetooth
08-15 22:14:45.572   456   489 I chatty  : uid=1000(system) batterystats-wo identical 1 line
08-15 22:14:45.610   863  1843 I chatty  : uid=1000(system) pool-1-thread-1 expire 3 lines
08-15 22:14:45.613   281   977 I GRALLOC-ROCKCHIP: [File] : hardware/rockchip/libgralloc/midgard/gralloc_drm_rockchip.cpp; [Line] : 2197; [Func] : drm_gem_rockchip_alloc;
08-15 22:14:45.613   281   977 I GRALLOC-ROCKCHIP: dmabuf_name : 977_4096000_22:14:45.612
08-15 22:14:45.618   281   281 I GRALLOC-ROCKCHIP: [File] : hardware/rockchip/libgralloc/midgard/gralloc_drm_rockchip.cpp; [Line] : 2197; [Func] : drm_gem_rockchip_alloc;
08-15 22:14:45.618   281   281 I GRALLOC-ROCKCHIP: dmabuf_name : 281_4096000_22:14:45.618
08-15 22:14:45.626   281   978 I GRALLOC-ROCKCHIP: [File] : hardware/rockchip/libgralloc/midgard/gralloc_drm_rockchip.cpp; [Line] : 2197; [Func] : drm_gem_rockchip_alloc;
08-15 22:14:45.626   281   978 I GRALLOC-ROCKCHIP: dmabuf_name : 978_4096000_22:14:45.626
08-15 22:14:45.634   281   978 I GRALLOC-ROCKCHIP: [File] : hardware/rockchip/libgralloc/midgard/gralloc_drm_rockchip.cpp; [Line] : 2197; [Func] : drm_gem_rockchip_alloc;
08-15 22:14:45.634   281   978 I GRALLOC-ROCKCHIP: dmabuf_name : 978_4096000_22:14:45.634
08-15 22:14:45.662  1849  1868 D SuggestionParser: Day 0 for com.android.settings.suggested.category.DEFERRED_SETUP
08-15 22:14:45.663  1849  1868 D CandidateSuggestionFilter: filterCandidates duration: 0
08-15 22:14:45.663  1849  1868 D SuggestionParser: Day 0 for com.android.settings.suggested.category.HIGH_PRIORITY
08-15 22:14:45.663  1849  1868 D CandidateSuggestionFilter: filterCandidates duration: 0
08-15 22:14:45.663  1849  1868 D SuggestionParser: Day 0 for com.android.settings.suggested.category.FIRST_IMPRESSION
08-15 22:14:45.665  1849  1868 I FeatureEligibility: com.android.settings/com.android.settings.biometrics.fingerprint.FingerprintEnrollSuggestionActivity requires unavailable feature android.hardware.fingerprint
08-15 22:14:45.671   863   881 I chatty  : uid=1000(system) Binder:863_2 expire 1 line
08-15 22:14:45.672  1849  1886 D CandidateSuggestionFilter: Suggestion state result Bundle[{candidate_is_complete=true}]
08-15 22:14:45.672  1849  1868 D CandidateSuggestionFilter: filterCandidates duration: 5
08-15 22:14:45.672   863   863 I chatty  : uid=1000(system) com.android.settings expire 5 lines
08-15 22:14:45.679   456   489 E BatteryExternalStatsWorker: no controller energy info supplied for bluetooth
08-15 22:14:45.685   281   978 I GRALLOC-ROCKCHIP: [File] : hardware/rockchip/libgralloc/midgard/gralloc_drm_rockchip.cpp; [Line] : 2197; [Func] : drm_gem_rockchip_alloc;
08-15 22:14:45.685   281   978 I GRALLOC-ROCKCHIP: dmabuf_name : 978_4096000_22:14:45.685
08-15 22:14:45.687  1849  1868 D CandidateSuggestionFilter: filterCandidates duration: 1
08-15 22:14:45.688  1849  1868 D CandidateSuggestionFilter: filterCandidates duration: 0
08-15 22:14:45.691  1849  1868 I ConnectivityEligibility: com.google.android.gm/com.google.android.gm.setup.AccountSetupFinalGmailSuggestions is missing required connection.
08-15 22:14:45.691  1849  1868 D CandidateSuggestionFilter: filterCandidates duration: 0
08-15 22:14:45.698  1849  1868 I chatty  : uid=10087(com.android.settings.intelligence) Binder:1849_2 identical 3 lines
08-15 22:14:45.700  1849  1868 D CandidateSuggestionFilter: filterCandidates duration: 0
08-15 22:14:45.701   281   978 I GRALLOC-ROCKCHIP: [File] : hardware/rockchip/libgralloc/midgard/gralloc_drm_rockchip.cpp; [Line] : 2197; [Func] : drm_gem_rockchip_alloc;
08-15 22:14:45.701   281   978 I GRALLOC-ROCKCHIP: dmabuf_name : 978_4096000_22:14:45.701
08-15 22:14:45.701  1849  1868 D CandidateSuggestionFilter: filterCandidates duration: 0
08-15 22:14:45.702   863  1847 I chatty  : uid=1000(system) pool-1-thread-5 expire 1 line
08-15 22:14:45.702   863   863 I chatty  : uid=1000(system) com.android.settings expire 1 line
08-15 22:14:45.711   863  1844 I chatty  : uid=1000(system) pool-1-thread-2 expire 3 lines
08-15 22:14:46.080   863   863 I chatty  : uid=1000(system) com.android.settings expire 2 lines
08-15 22:14:46.086   183   979 E BufferQueueProducer: [com.android.settings/com.android.settings.SubSettings#0] disconnect: not connected (req=1)
08-15 22:14:46.086   863   936 I chatty  : uid=1000(system) RenderThread expire 1 line
08-15 22:14:46.512   456   484 W BroadcastQueue: Background execution not allowed: receiving Intent { act=android.intent.action.DROPBOX_ENTRY_ADDED flg=0x10 (has extras) } to com.google.android.gms/.stats.service.DropBoxEntryAddedReceiver
08-15 22:14:46.513   456   484 W BroadcastQueue: Background execution not allowed: receiving Intent { act=android.intent.action.DROPBOX_ENTRY_ADDED flg=0x10 (has extras) } to com.google.android.gms/.chimera.GmsIntentOperationService$PersistentTrustedReceiver
08-15 22:14:46.868   456  1207 E TaskPersister: File error accessing recents directory (directory doesn't exist?).
08-15 22:14:59.166   456   644 I ActivityTaskManager: START u0 {act=android.intent.action.MAIN cmp=com.android.settings/.SubSettings (has extras)} from uid 1000
08-15 22:14:59.170   456   644 I chatty  : uid=1000(system) Binder:456_4 expire 1 line
08-15 22:14:59.180   456   844 I chatty  : uid=1000(system) Binder:456_6 expire 1 line
08-15 22:14:59.210   863   863 I chatty  : uid=1000(system) com.android.settings expire 7 lines
08-15 22:14:59.283   863   863 D MobilePlanPrefContr: onCreate: mMobilePlanDialogMessage=null
08-15 22:14:59.294   456  1246 E UserRestrictionsUtils: Unknown restriction queried by uid 1000 (com.android.providers.settings et al): no_ethernet_settings
08-15 22:14:59.295   456  1246 E UserRestrictionsUtils: Unknown restriction queried by uid 1000 (com.android.providers.settings et al): no_ethernet_settings
08-15 22:14:59.295   456   484 I DropBoxManagerService: add tag=system_server_wtf isTagEnabled=true flags=0x2
08-15 22:14:59.300   456   484 I DropBoxManagerService: add tag=system_server_wtf isTagEnabled=true flags=0x2
08-15 22:14:59.321   863   863 D NetworkDashboardFrag: NO dashboard tiles for NetworkDashboardFrag
08-15 22:14:59.321   863   863 D NetworkDashboardFrag: All preferences added, reporting fully drawn
08-15 22:14:59.322   456   483 I chatty  : uid=1000(system) android.bg expire 1 line
08-15 22:14:59.322   863   863 D SettingsActivity: Executed frag manager pendingTransactions
08-15 22:14:59.342   456  1246 D ConnectivityService: requestNetwork for uid/pid:1000/863 NetworkRequest [ TRACK_DEFAULT id=17, [ Capabilities: INTERNET&NOT_RESTRICTED&TRUSTED Uid: 1000] ]
08-15 22:14:59.342   456   567 I chatty  : uid=1000(system) ClientModeImpl expire 5 lines
08-15 22:14:59.342   456   597 I chatty  : uid=1000(system) EthernetService expire 1 line
08-15 22:14:59.343   824   824 D PhoneSwitcherNetworkRequstListener: got request NetworkRequest [ TRACK_DEFAULT id=17, [ Capabilities: INTERNET&NOT_RESTRICTED&TRUSTED Uid: 1000] ] with score 0 and serial 0
08-15 22:14:59.347   615   615 V KeyguardUpdateMonitor: onSubscriptionInfoChanged()
08-15 22:14:59.367   863  2808 W TileUtils: Found com.android.settings.Settings$DataUsageSummaryActivity for intent Intent { act=com.android.settings.action.SETTINGS pkg=com.android.settings } missing metadata com.android.settings.category
08-15 22:14:59.383   863  2833 D SettingsActivity: No enabled state changed, skipping updateCategory call
08-15 22:14:59.454   863   863 D ControllerRendererPool: Controller is already there.
08-15 22:14:59.458   863   863 D ControllerRendererPool: Controller is already there.
08-15 22:14:59.458   863   863 D ConditionManager: Not listening to condition state changes, skipping
08-15 22:14:59.476   863   936 D mali_winsys: EGLint new_window_surface(egl_winsys_display *, void *, EGLSurface, EGLConfig, egl_winsys_surface **, egl_color_buffer_format *, EGLBoolean) returns 0x3000
08-15 22:14:59.488   281   978 I GRALLOC-ROCKCHIP: [File] : hardware/rockchip/libgralloc/midgard/gralloc_drm_rockchip.cpp; [Line] : 2197; [Func] : drm_gem_rockchip_alloc;
08-15 22:14:59.488   281   978 I GRALLOC-ROCKCHIP: dmabuf_name : 978_4096000_22:14:59.488
08-15 22:14:59.498   281   281 I GRALLOC-ROCKCHIP: [File] : hardware/rockchip/libgralloc/midgard/gralloc_drm_rockchip.cpp; [Line] : 2197; [Func] : drm_gem_rockchip_alloc;
08-15 22:14:59.498   281   281 I GRALLOC-ROCKCHIP: dmabuf_name : 281_4096000_22:14:59.498
08-15 22:14:59.507   281   978 I GRALLOC-ROCKCHIP: [File] : hardware/rockchip/libgralloc/midgard/gralloc_drm_rockchip.cpp; [Line] : 2197; [Func] : drm_gem_rockchip_alloc;
08-15 22:14:59.507   281   978 I GRALLOC-ROCKCHIP: dmabuf_name : 978_4096000_22:14:59.507
08-15 22:14:59.557   281   978 I GRALLOC-ROCKCHIP: [File] : hardware/rockchip/libgralloc/midgard/gralloc_drm_rockchip.cpp; [Line] : 2197; [Func] : drm_gem_rockchip_alloc;
08-15 22:14:59.557   281   978 I GRALLOC-ROCKCHIP: dmabuf_name : 978_4096000_22:14:59.557
08-15 22:14:59.602   281   978 I GRALLOC-ROCKCHIP: [File] : hardware/rockchip/libgralloc/midgard/gralloc_drm_rockchip.cpp; [Line] : 2197; [Func] : drm_gem_rockchip_alloc;
08-15 22:14:59.602   281   978 I GRALLOC-ROCKCHIP: dmabuf_name : 978_4096000_22:14:59.602
08-15 22:14:59.623   281   978 I GRALLOC-ROCKCHIP: [File] : hardware/rockchip/libgralloc/midgard/gralloc_drm_rockchip.cpp; [Line] : 2197; [Func] : drm_gem_rockchip_alloc;
08-15 22:14:59.623   281   978 I GRALLOC-ROCKCHIP: dmabuf_name : 978_4096000_22:14:59.623
08-15 22:15:00.005   615   615 D KeyguardClockSwitch: Updating clock: 2215
08-15 22:15:00.035   183   555 E BufferQueueProducer: [com.android.settings/com.android.settings.Settings#0] disconnect: not connected (req=1)
08-15 22:15:00.035   863   936 W libEGL  : EGLNativeWindowType 0x7ab7ba9490 disconnect failed
08-15 22:15:00.044   863   863 D ConditionManager: Not listening to condition state changes, skipping
08-15 22:15:01.301   456   484 W BroadcastQueue: Background execution not allowed: receiving Intent { act=android.intent.action.DROPBOX_ENTRY_ADDED flg=0x10 (has extras) } to com.google.android.gms/.stats.service.DropBoxEntryAddedReceiver
08-15 22:15:01.301   456   484 W BroadcastQueue: Background execution not allowed: receiving Intent { act=android.intent.action.DROPBOX_ENTRY_ADDED flg=0x10 (has extras) } to com.google.android.gms/.chimera.GmsIntentOperationService$PersistentTrustedReceiver
08-15 22:15:01.373   456   953 I ActivityTaskManager: START u0 {act=android.intent.action.MAIN cmp=com.android.settings/.SubSettings (has extras)} from uid 1000
08-15 22:15:01.377   456   953 I chatty  : uid=1000(system) Binder:456_8 expire 1 line
08-15 22:15:01.404   456   534 I chatty  : uid=1000(system) Binder:456_3 expire 1 line
08-15 22:15:01.415   863   863 W ActivityThread: handleWindowVisibility: no activity for token android.os.BinderProxy@1320236
08-15 22:15:01.430   863   863 D SettingsActivity: Starting onCreate
08-15 22:15:01.440   863   863 D SettingsActivity: Starting to set activity title
08-15 22:15:01.440   863   863 D SettingsActivity: Done setting title
08-15 22:15:01.440   863   863 D SettingsActivity: Switching to fragment com.android.settings.wifi.WifiSettings
08-15 22:15:01.440   863   863 D SubSettings: Launching fragment com.android.settings.wifi.WifiSettings
08-15 22:15:01.455   456  1246 I chatty  : uid=1000(system) Binder:456_A expire 4 lines
08-15 22:15:01.469   266   266 I netd    : trafficSwapActiveStatsMap() <13.06ms>
08-15 22:15:01.472   266   266 I netd    : tetherGetStats() <2.11ms>
08-15 22:15:01.480   456   564 I chatty  : uid=1000(system) NetworkPolicy expire 2 lines
08-15 22:15:01.495   266   266 I netd    : trafficSwapActiveStatsMap() <7.96ms>
08-15 22:15:01.498   266   266 I netd    : tetherGetStats() <1.24ms>
08-15 22:15:01.508   863   863 D SettingsActivity: Executed frag manager pendingTransactions
08-15 22:15:01.557   456   567 I chatty  : uid=1000(system) ClientModeImpl expire 3 lines
08-15 22:15:01.590   863  2833 W TileUtils: Found com.android.settings.Settings$DataUsageSummaryActivity for intent Intent { act=com.android.settings.action.SETTINGS pkg=com.android.settings } missing metadata com.android.settings.category
08-15 22:15:01.606   863  2808 D SettingsActivity: No enabled state changed, skipping updateCategory call
08-15 22:15:01.614   863   936 D mali_winsys: EGLint new_window_surface(egl_winsys_display *, void *, EGLSurface, EGLConfig, egl_winsys_surface **, egl_color_buffer_format *, EGLBoolean) returns 0x3000
08-15 22:15:01.619   281   978 I GRALLOC-ROCKCHIP: [File] : hardware/rockchip/libgralloc/midgard/gralloc_drm_rockchip.cpp; [Line] : 2197; [Func] : drm_gem_rockchip_alloc;
08-15 22:15:01.619   281   978 I GRALLOC-ROCKCHIP: dmabuf_name : 978_4096000_22:15:01.619
08-15 22:15:01.625   281   281 I GRALLOC-ROCKCHIP: [File] : hardware/rockchip/libgralloc/midgard/gralloc_drm_rockchip.cpp; [Line] : 2197; [Func] : drm_gem_rockchip_alloc;
08-15 22:15:01.625   281   281 I GRALLOC-ROCKCHIP: dmabuf_name : 281_4096000_22:15:01.625
08-15 22:15:01.632   281   977 I GRALLOC-ROCKCHIP: [File] : hardware/rockchip/libgralloc/midgard/gralloc_drm_rockchip.cpp; [Line] : 2197; [Func] : drm_gem_rockchip_alloc;
08-15 22:15:01.632   281   977 I GRALLOC-ROCKCHIP: dmabuf_name : 977_4096000_22:15:01.632
08-15 22:15:01.661   281   977 I GRALLOC-ROCKCHIP: [File] : hardware/rockchip/libgralloc/midgard/gralloc_drm_rockchip.cpp; [Line] : 2197; [Func] : drm_gem_rockchip_alloc;
08-15 22:15:01.661   281   977 I GRALLOC-ROCKCHIP: dmabuf_name : 977_4096000_22:15:01.661
08-15 22:15:01.697   281   977 I GRALLOC-ROCKCHIP: [File] : hardware/rockchip/libgralloc/midgard/gralloc_drm_rockchip.cpp; [Line] : 2197; [Func] : drm_gem_rockchip_alloc;
08-15 22:15:01.697   281   977 I GRALLOC-ROCKCHIP: dmabuf_name : 977_4096000_22:15:01.697
08-15 22:15:01.737   281   977 I GRALLOC-ROCKCHIP: [File] : hardware/rockchip/libgralloc/midgard/gralloc_drm_rockchip.cpp; [Line] : 2197; [Func] : drm_gem_rockchip_alloc;
08-15 22:15:01.737   281   977 I GRALLOC-ROCKCHIP: dmabuf_name : 977_4096000_22:15:01.737
08-15 22:15:02.137   183   207 E BufferQueueProducer: [com.android.settings/com.android.settings.SubSettings#0] disconnect: not connected (req=1)
08-15 22:15:02.139   863   936 W libEGL  : EGLNativeWindowType 0x7bb5ed0b10 disconnect failed
08-15 22:15:02.151   456   571 D ConnectivityService: releasing NetworkRequest [ TRACK_DEFAULT id=17, [ Capabilities: INTERNET&NOT_RESTRICTED&TRUSTED Uid: 1000] ] (release request)
08-15 22:15:02.156   615   615 V KeyguardUpdateMonitor: onSubscriptionInfoChanged()
08-15 22:15:02.734   456  1207 E TaskPersister: File error accessing recents directory (directory doesn't exist?).
08-15 22:15:03.674   863   863 W SettingsMetricsFeature: action(Pair<Integer, Object>... taggedData) is deprecated, Use action(int, int, int, String, int) instead.
08-15 22:15:03.676   456   534 I chatty  : uid=1000(system) Binder:456_3 expire 1 line
08-15 22:15:03.677   456   566 I chatty  : uid=1000(system) WifiService expire 1 line
08-15 22:15:03.677   456   456 V SettingsProvider: Notifying for 0: content://settings/global/wifi_on
08-15 22:15:03.677   456   567 I chatty  : uid=1000(system) ClientModeImpl expire 5 lines
08-15 22:15:03.680   456   456 I chatty  : uid=1000 system_server expire 1 line
08-15 22:15:03.680   291   291 E android.hardware.wifi@1.0-service: Kernel version is 4.19.: Success
08-15 22:15:03.680   291   291 E android.hardware.wifi@1.0-service: Kernel version is 4.19.: Success
08-15 22:15:03.681   291   291 E android.hardware.wifi@1.0-service: Wifi driver is not ready.: Success
08-15 22:15:03.696   291   291 I wifi@1.0-servic: type=1400 audit(0.0:213): avc: denied { write } for name="wifi" dev="mmcblk2p15" ino=490583 scontext=u:r:hal_wifi_default:s0 tcontext=u:object_r:wifi_data_file:s0 tclass=dir permissive=1
08-15 22:15:03.696   291   291 I wifi@1.0-servic: type=1400 audit(0.0:214): avc: denied { add_name } for name="wifi_chip" scontext=u:r:hal_wifi_default:s0 tcontext=u:object_r:wifi_data_file:s0 tclass=dir permissive=1
08-15 22:15:03.696   291   291 I wifi@1.0-servic: type=1400 audit(0.0:215): avc: denied { create } for name="wifi_chip" scontext=u:r:hal_wifi_default:s0 tcontext=u:object_r:wifi_data_file:s0 tclass=file permissive=1
08-15 22:15:03.696   291   291 I wifi@1.0-servic: type=1400 audit(0.0:216): avc: denied { read write open } for path="/data/misc/wifi/wifi_chip" dev="mmcblk2p15" ino=491051 scontext=u:r:hal_wifi_default:s0 tcontext=u:object_r:wifi_data_file:s0 tclass=file permissive=1
08-15 22:15:03.696   291   291 I wifi@1.0-servic: type=1400 audit(0.0:217): avc: denied { setattr } for name="wifi_chip" dev="mmcblk2p15" ino=491051 scontext=u:r:hal_wifi_default:s0 tcontext=u:object_r:wifi_data_file:s0 tclass=file permissive=1
08-15 22:15:03.696   291   291 E android.hardware.wifi@1.0-service: check_wifi_chip_type_string : APXXX: Permission denied
08-15 22:15:03.697   291   291 I wifi@1.0-servic: type=1400 audit(0.0:218): avc: denied { remove_name } for name="wifi_chip" dev="mmcblk2p15" ino=491051 scontext=u:r:hal_wifi_default:s0 tcontext=u:object_r:wifi_data_file:s0 tclass=dir permissive=1
08-15 22:15:03.697   291   291 I wifi@1.0-servic: type=1400 audit(0.0:219): avc: denied { unlink } for name="wifi_chip" dev="mmcblk2p15" ino=491051 scontext=u:r:hal_wifi_default:s0 tcontext=u:object_r:wifi_data_file:s0 tclass=file permissive=1
08-15 22:15:03.697   291   291 E android.hardware.wifi@1.0-service: Error changing group ownership of/data/misc/wifi/wifi_chipto1010:Operation not permitted: Operation not permitted
08-15 22:15:03.699   291   291 E android.hardware.wifi@1.0-service: matched ko file path /vendor/lib/modules/bcmdhd.ko: Operation not permitted
08-15 22:15:04.276   266   266 I netd    : type=1400 audit(0.0:220): avc: denied { call } for scontext=u:r:netd:s0 tcontext=u:r:zygote:s0 tclass=binder permissive=1
08-15 22:15:04.279   456   597 I chatty  : uid=1000(system) EthernetService expire 1 line
08-15 22:15:04.283   456   563 I chatty  : uid=1000(system) NetworkStats expire 2 lines
08-15 22:15:04.290   456   475 I chatty  : uid=1000(system) android.fg expire 1 line
08-15 22:15:04.293   266   266 I netd    : trafficSwapActiveStatsMap() <8.91ms>
08-15 22:15:04.296   266   266 I netd    : tetherGetStats() <2.02ms>
08-15 22:15:04.303   456   564 I chatty  : uid=1000(system) NetworkPolicy expire 1 line
08-15 22:15:04.304   291   291 E android.hardware.wifi@1.0-service: Kernel version is 4.19.: Operation not permitted
08-15 22:15:04.304   291   291 E android.hardware.wifi@1.0-service: Kernel version is 4.19.: Operation not permitted
08-15 22:15:04.304   291   291 E android.hardware.wifi@1.0-service: Wifi driver is ready for now...: Operation not permitted
08-15 22:15:04.310   291   291 I android.hardware.wifi@1.0-service: Wifi HAL started
08-15 22:15:04.310   456   567 I chatty  : uid=1000(system) ClientModeImpl expire 4 lines
08-15 22:15:04.318   456   568 I chatty  : uid=1000(system) WifiP2pService expire 4 lines
08-15 22:15:04.454  2850  2850 I wpa_supplicant: argc = 2
08-15 22:15:04.463  2850  2850 E /vendor/bin/hw/wpa_supplicant: check_wifi_chip_type_string : APXXX: Permission denied
08-15 22:15:04.463  2850  2850 I wpa_supplicant: Current wifi chip is APXXX
08-15 22:15:04.463  2850  2850 I wpa_supplicant: Start bcm_wpa_supplicant
08-15 22:15:04.465  2850  2850 I wpa_supplicant: module_name = [broadcom]
08-15 22:15:04.466  2850  2850 I wpa_supplicant: found [broadcom]
08-15 22:15:04.466  2850  2850 I wpa_supplicant: wpa_param_len = 4
08-15 22:15:04.466  2850  2850 I wpa_supplicant: wpa_param_len = 4 | wpa_param[0] = /vendor/bin/hw/wpa_supplicant
08-15 22:15:04.466  2850  2850 I wpa_supplicant: wpa_param_len = 4 | wpa_param[1] = -O/data/vendor/wifi/wpa/sockets
08-15 22:15:04.466  2850  2850 I wpa_supplicant: wpa_param_len = 4 | wpa_param[2] = -puse_p2p_group_interface=1
08-15 22:15:04.466  2850  2850 I wpa_supplicant: wpa_param_len = 4 | wpa_param[3] = -g@android:wpa_wlan0
08-15 22:15:04.472  2850  2850 D wpa_supplicant: wpa_supplicant v2.8-devel-10
08-15 22:15:04.473  2850  2850 D wpa_supplicant: Global control interface '@android:wpa_wlan0'
08-15 22:15:04.473  2850  2850 D wpa_supplicant: Using Android control socket 'wpa_wlan0'
08-15 22:15:04.473  2850  2850 D wpa_supplicant: Initing hidl control
08-15 22:15:04.474  2850  2850 I wpa_supplicant: Processing hidl events on FD 5
08-15 22:15:04.479  2850  2850 I ServiceManagement: Registered android.hardware.wifi.supplicant@1.2::ISupplicant/default (start delay of 158ms)
08-15 22:15:04.480  2850  2850 I wpa_supplicant: Successfully initialized wpa_supplicant
08-15 22:15:04.482   456   595 I chatty  : uid=1000(system) HwBinder:456_3 expire 2 lines
08-15 22:15:05.801   456   475 I chatty  : uid=1000(system) android.fg expire 1 line
08-15 22:15:05.812   291   291 E android.hardware.wifi@1.0-service: check_wifi_chip_type_string : APXXX: Operation not permitted
08-15 22:15:05.812   291   291 E WifiHAL : WIFI_TYPE = APXXX
08-15 22:15:05.813   291   291 I WifiHAL : Initializing BROADCOM_WIFI
08-15 22:15:05.813   291   291 I WifiHAL : Creating socket
08-15 22:15:05.817   291   291 I WifiHAL : Initialized Wifi HAL Successfully; vendor cmd = 103
08-15 22:15:05.817   291   291 I android.hardware.wifi@1.0-service: Adding interface handle for wlan0
08-15 22:15:05.817   291   291 W android.hardware.wifi@1.0-service: No active wlan interfaces in use! Using default
08-15 22:15:05.817   291   291 E android.hardware.wifi@1.0-service: Failed to register radio mode change callback
08-15 22:15:05.818   291   291 W android.hardware.wifi@1.0-service: No active wlan interfaces in use! Using default
08-15 22:15:05.818   291   291 D WifiHAL : In DebugCommand::handleResponse
08-15 22:15:05.818   291   291 D WifiHAL : len = 72, expected len = 256
08-15 22:15:05.818   291   291 D WifiHAL : In DebugCommand::handleResponse
08-15 22:15:05.818   291   291 D WifiHAL : len = 168, expected len = 256
08-15 22:15:05.822   291   291 I android.hardware.wifi@1.0-service: Configured chip in mode 0
08-15 22:15:05.822   291   291 W android.hardware.wifi@1.0-service: No active wlan interfaces in use! Using default
08-15 22:15:05.824   456   567 I chatty  : uid=1000(system) ClientModeImpl expire 6 lines
08-15 22:15:05.829   291   291 E android.hardware.wifi@1.0-service: Failed to set DFS flag; DFS channels may be unavailable.
08-15 22:15:05.845   344   344 I wificond: create scanner for interface with index: 8
08-15 22:15:05.845   344   344 I wificond: subscribe scan result for interface with index: 8
08-15 22:15:05.847   158   158 I hwservicemanager: getTransport: Cannot find entry android.hardware.wifi.offload@1.0::IOffload/default in either framework or device manifest.
08-15 22:15:05.849   344   344 E wificond: No Offload Service available
08-15 22:15:05.850   344   344 I wificond: Offload HAL not supported 
08-15 22:15:05.864  2850  2850 I wpa_supplicant: Copied template conf file from /vendor/etc/wifi/wpa_supplicant.conf to /data/vendor/wifi/wpa/wpa_supplicant.conf
08-15 22:15:05.865  2850  2850 E /vendor/bin/hw/wpa_supplicant: check_wifi_chip_type_string : APXXX: No such file or directory
08-15 22:15:05.865  2850  2850 I wpa_supplicant: Use /vendor/etc/wifi/wpa_supplicant_bcm.conf
08-15 22:15:05.866  2850  2850 D wpa_supplicant: Override interface parameter: ctrl_interface ('(null)' -> '/data/vendor/wifi/wpa/sockets')
08-15 22:15:05.866  2850  2850 D wpa_supplicant: Initializing interface 'wlan0' conf '/data/vendor/wifi/wpa/wpa_supplicant.conf' driver 'nl80211' ctrl_interface '/data/vendor/wifi/wpa/sockets' bridge 'N/A'
08-15 22:15:05.866  2850  2850 D wpa_supplicant: Configuration file '/data/vendor/wifi/wpa/wpa_supplicant.conf' -> '/data/vendor/wifi/wpa/wpa_supplicant.conf'
08-15 22:15:05.866  2850  2850 D wpa_supplicant: Reading configuration file '/data/vendor/wifi/wpa/wpa_supplicant.conf'
08-15 22:15:05.866  2850  2850 D wpa_supplicant: update_config=1
08-15 22:15:05.866  2850  2850 D wpa_supplicant: eapol_version=1
08-15 22:15:05.866  2850  2850 D wpa_supplicant: ap_scan=1
08-15 22:15:05.866  2850  2850 D wpa_supplicant: fast_reauth=1
08-15 22:15:05.866  2850  2850 D wpa_supplicant: pmf=1
08-15 22:15:05.866  2850  2850 D wpa_supplicant: p2p_add_cli_chan=1
08-15 22:15:05.866  2850  2850 D wpa_supplicant: Reading configuration file '/vendor/etc/wifi/wpa_supplicant_bcm.conf'
08-15 22:15:05.867  2850  2850 D wpa_supplicant: disable_scan_offload=1
08-15 22:15:05.867  2850  2850 D wpa_supplicant: wowlan_triggers='any'
08-15 22:15:05.867  2850  2850 D wpa_supplicant: filter_rssi=-75
08-15 22:15:05.867  2850  2850 D wpa_supplicant: no_ctrl_interface -> ctrl_interface=NULL
08-15 22:15:05.871  2850  2850 D wpa_supplicant: nl80211: TDLS supported
08-15 22:15:05.871  2850  2850 D wpa_supplicant: nl80211: Supported cipher 00-0f-ac:1
08-15 22:15:05.871  2850  2850 D wpa_supplicant: nl80211: Supported cipher 00-0f-ac:5
08-15 22:15:05.871  2850  2850 D wpa_supplicant: nl80211: Supported cipher 00-0f-ac:2
08-15 22:15:05.871  2850  2850 D wpa_supplicant: nl80211: Supported cipher 00-0f-ac:4
08-15 22:15:05.871  2850  2850 D wpa_supplicant: nl80211: Supported cipher 00-0f-ac:6
08-15 22:15:05.871  2850  2850 D wpa_supplicant: nl80211: Supported cipher 00-90-4c:0
08-15 22:15:05.871  2850  2850 D wpa_supplicant: nl80211: Using driver-based off-channel TX
08-15 22:15:05.871  2850  2850 D wpa_supplicant: nl80211: Supported vendor command: vendor_id=0x1018 subcmd=1
08-15 22:15:05.871  2850  2850 D wpa_supplicant: nl80211: Supported vendor command: vendor_id=0x1018 subcmd=2
08-15 22:15:05.871  2850  2850 D wpa_supplicant: nl80211: Supported vendor command: vendor_id=0x1018 subcmd=3
08-15 22:15:05.871  2850  2850 D wpa_supplicant: nl80211: Supported vendor command: vendor_id=0x1a11 subcmd=4096
08-15 22:15:05.871  2850  2850 D wpa_supplicant: nl80211: Supported vendor command: vendor_id=0x1a11 subcmd=4097
08-15 22:15:05.872  2850  2850 D wpa_supplicant: nl80211: Supported vendor command: vendor_id=0x1a11 subcmd=4098
08-15 22:15:05.872  2850  2850 D wpa_supplicant: nl80211: Supported vendor command: vendor_id=0x1a11 subcmd=4099
08-15 22:15:05.872  2850  2850 D wpa_supplicant: nl80211: Supported vendor command: vendor_id=0x1a11 subcmd=4104
08-15 22:15:05.872  2850  2850 D wpa_supplicant: nl80211: Supported vendor command: vendor_id=0x1a11 subcmd=4102
08-15 22:15:05.872  2850  2850 D wpa_supplicant: nl80211: Supported vendor command: vendor_id=0x1a11 subcmd=4100
08-15 22:15:05.872  2850  2850 D wpa_supplicant: nl80211: Supported vendor command: vendor_id=0x1a11 subcmd=4105
08-15 22:15:05.872  2850  2850 D wpa_supplicant: nl80211: Supported vendor command: vendor_id=0x1a11 subcmd=4352
08-15 22:15:05.872  2850  2850 D wpa_supplicant: nl80211: Supported vendor command: vendor_id=0x1a11 subcmd=4353
08-15 22:15:05.872  2850  2850 D wpa_supplicant: nl80211: Supported vendor command: vendor_id=0x1a11 subcmd=4354
08-15 22:15:05.872  2850  2850 D wpa_supplicant: nl80211: Supported vendor command: vendor_id=0x1a11 subcmd=4355
08-15 22:15:05.872  2850  2850 D wpa_supplicant: nl80211: Supported vendor command: vendor_id=0x1a11 subcmd=4356
08-15 22:15:05.872  2850  2850 D wpa_supplicant: nl80211: Supported vendor command: vendor_id=0x1a11 subcmd=4357
08-15 22:15:05.872  2850  2850 D wpa_supplicant: nl80211: Supported vendor command: vendor_id=0x1a11 subcmd=4106
08-15 22:15:05.872  2850  2850 D wpa_supplicant: nl80211: Supported vendor command: vendor_id=0x1a11 subcmd=4107
08-15 22:15:05.872  2850  2850 D wpa_supplicant: nl80211: Supported vendor command: vendor_id=0x1a11 subcmd=4108
08-15 22:15:05.872  2850  2850 D wpa_supplicant: nl80211: Supported vendor command: vendor_id=0x1a11 subcmd=4110
08-15 22:15:05.872  2850  2850 D wpa_supplicant: nl80211: Supported vendor command: vendor_id=0x1a11 subcmd=4608
08-15 22:15:05.872  2850  2850 D wpa_supplicant: nl80211: Supported vendor command: vendor_id=0x1a11 subcmd=4111
08-15 22:15:05.872  2850  2850 D wpa_supplicant: nl80211: Supported vendor command: vendor_id=0x1a11 subcmd=4112
08-15 22:15:05.872  2850  2850 D wpa_supplicant: nl80211: Supported vendor command: vendor_id=0x1a11 subcmd=4113
08-15 22:15:05.872  2850  2850 D wpa_supplicant: nl80211: Supported vendor command: vendor_id=0x1a11 subcmd=4114
08-15 22:15:05.872  2850  2850 D wpa_supplicant: nl80211: Supported vendor command: vendor_id=0x1a11 subcmd=4115
08-15 22:15:05.872  2850  2850 D wpa_supplicant: nl80211: Supported vendor command: vendor_id=0x1a11 subcmd=4116
08-15 22:15:05.872  2850  2850 D wpa_supplicant: nl80211: Supported vendor command: vendor_id=0x1a11 subcmd=5120
08-15 22:15:05.872  2850  2850 D wpa_supplicant: nl80211: Supported vendor command: vendor_id=0x1a11 subcmd=5127
08-15 22:15:05.872  2850  2850 D wpa_supplicant: nl80211: Supported vendor command: vendor_id=0x1a11 subcmd=5121
08-15 22:15:05.872  2850  2850 D wpa_supplicant: nl80211: Supported vendor command: vendor_id=0x1a11 subcmd=5122
08-15 22:15:05.872  2850  2850 D wpa_supplicant: nl80211: Supported vendor command: vendor_id=0x1a11 subcmd=5123
08-15 22:15:05.872  2850  2850 D wpa_supplicant: nl80211: Supported vendor command: vendor_id=0x1a11 subcmd=5124
08-15 22:15:05.872  2850  2850 D wpa_supplicant: nl80211: Supported vendor command: vendor_id=0x1a11 subcmd=5125
08-15 22:15:05.872  2850  2850 D wpa_supplicant: nl80211: Supported vendor command: vendor_id=0x1a11 subcmd=5126
08-15 22:15:05.872  2850  2850 D wpa_supplicant: nl80211: Supported vendor command: vendor_id=0x1a11 subcmd=5130
08-15 22:15:05.872  2850  2850 D wpa_supplicant: nl80211: Supported vendor command: vendor_id=0x1a11 subcmd=5131
08-15 22:15:05.872  2850  2850 D wpa_supplicant: nl80211: Supported vendor command: vendor_id=0x1a11 subcmd=5132
08-15 22:15:05.872  2850  2850 D wpa_supplicant: nl80211: Supported vendor command: vendor_id=0x1a11 subcmd=5632
08-15 22:15:05.872  2850  2850 D wpa_supplicant: nl80211: Supported vendor command: vendor_id=0x1a11 subcmd=5633
08-15 22:15:05.872  2850  2850 D wpa_supplicant: nl80211: Supported vendor command: vendor_id=0x1a11 subcmd=6144
08-15 22:15:05.872  2850  2850 D wpa_supplicant: nl80211: Supported vendor command: vendor_id=0x1a11 subcmd=6145
08-15 22:15:05.872  2850  2850 D wpa_supplicant: nl80211: Supported vendor command: vendor_id=0x1a11 subcmd=4119
08-15 22:15:05.872  2850  2850 D wpa_supplicant: nl80211: Supported vendor command: vendor_id=0x1a11 subcmd=4118
08-15 22:15:05.872  2850  2850 D wpa_supplicant: nl80211: Supported vendor command: vendor_id=0x1a11 subcmd=4120
08-15 22:15:05.872  2850  2850 D wpa_supplicant: nl80211: Supported vendor command: vendor_id=0x1a11 subcmd=5133
08-15 22:15:05.872  2850  2850 D wpa_supplicant: nl80211: Supported vendor event: vendor_id=0x1018 subcmd=0
08-15 22:15:05.872  2850  2850 D wpa_supplicant: nl80211: Supported vendor event: vendor_id=0x1018 subcmd=1
08-15 22:15:05.872  2850  2850 D wpa_supplicant: nl80211: Supported vendor event: vendor_id=0x1a11 subcmd=2
08-15 22:15:05.873  2850  2850 D wpa_supplicant: nl80211: Supported vendor event: vendor_id=0x1a11 subcmd=3
08-15 22:15:05.873  2850  2850 D wpa_supplicant: nl80211: Supported vendor event: vendor_id=0x1a11 subcmd=4
08-15 22:15:05.873  2850  2850 D wpa_supplicant: nl80211: Supported vendor event: vendor_id=0x1a11 subcmd=5
08-15 22:15:05.873  2850  2850 D wpa_supplicant: nl80211: Supported vendor event: vendor_id=0x1a11 subcmd=6
08-15 22:15:05.873  2850  2850 D wpa_supplicant: nl80211: Supported vendor event: vendor_id=0x1a11 subcmd=7
08-15 22:15:05.873  2850  2850 D wpa_supplicant: nl80211: Supported vendor event: vendor_id=0x1a11 subcmd=8
08-15 22:15:05.873  2850  2850 D wpa_supplicant: nl80211: Supported vendor event: vendor_id=0x1a11 subcmd=9
08-15 22:15:05.873  2850  2850 D wpa_supplicant: nl80211: Supported vendor event: vendor_id=0x1a11 subcmd=10
08-15 22:15:05.873  2850  2850 D wpa_supplicant: nl80211: Supported vendor event: vendor_id=0x1a11 subcmd=11
08-15 22:15:05.873  2850  2850 D wpa_supplicant: nl80211: Supported vendor event: vendor_id=0x1a11 subcmd=12
08-15 22:15:05.873  2850  2850 D wpa_supplicant: nl80211: Supported vendor event: vendor_id=0x1a11 subcmd=13
08-15 22:15:05.873  2850  2850 D wpa_supplicant: nl80211: Supported vendor event: vendor_id=0x1a11 subcmd=14
08-15 22:15:05.873  2850  2850 D wpa_supplicant: nl80211: Supported vendor event: vendor_id=0x1a11 subcmd=15
08-15 22:15:05.873  2850  2850 D wpa_supplicant: nl80211: Supported vendor event: vendor_id=0x1a11 subcmd=16
08-15 22:15:05.873  2850  2850 D wpa_supplicant: nl80211: Supported vendor event: vendor_id=0x1a11 subcmd=17
08-15 22:15:05.873  2850  2850 D wpa_supplicant: nl80211: Supported vendor event: vendor_id=0x1a11 subcmd=18
08-15 22:15:05.873  2850  2850 D wpa_supplicant: nl80211: Supported vendor event: vendor_id=0x1a11 subcmd=19
08-15 22:15:05.873  2850  2850 D wpa_supplicant: nl80211: Supported vendor event: vendor_id=0x1a11 subcmd=20
08-15 22:15:05.873  2850  2850 D wpa_supplicant: nl80211: Supported vendor event: vendor_id=0x1a11 subcmd=21
08-15 22:15:05.873  2850  2850 D wpa_supplicant: nl80211: Supported vendor event: vendor_id=0x1a11 subcmd=22
08-15 22:15:05.873  2850  2850 D wpa_supplicant: nl80211: Supported vendor event: vendor_id=0x1a11 subcmd=23
08-15 22:15:05.873  2850  2850 D wpa_supplicant: nl80211: Supported vendor event: vendor_id=0x1a11 subcmd=24
08-15 22:15:05.873  2850  2850 D wpa_supplicant: nl80211: Supported vendor event: vendor_id=0x1a11 subcmd=25
08-15 22:15:05.873  2850  2850 D wpa_supplicant: nl80211: Supported vendor event: vendor_id=0x1a11 subcmd=26
08-15 22:15:05.873  2850  2850 D wpa_supplicant: nl80211: Supported vendor event: vendor_id=0x1a11 subcmd=27
08-15 22:15:05.873  2850  2850 D wpa_supplicant: nl80211: Supported vendor event: vendor_id=0x1a11 subcmd=28
08-15 22:15:05.873  2850  2850 D wpa_supplicant: nl80211: Supported vendor event: vendor_id=0x1a11 subcmd=29
08-15 22:15:05.873  2850  2850 D wpa_supplicant: nl80211: Supported vendor event: vendor_id=0x1a11 subcmd=30
08-15 22:15:05.873  2850  2850 D wpa_supplicant: nl80211: Supported vendor event: vendor_id=0x1a11 subcmd=31
08-15 22:15:05.873  2850  2850 D wpa_supplicant: nl80211: Supported vendor event: vendor_id=0x1a11 subcmd=32
08-15 22:15:05.873  2850  2850 D wpa_supplicant: nl80211: Supported vendor event: vendor_id=0x1018 subcmd=33
08-15 22:15:05.873  2850  2850 D wpa_supplicant: nl80211: Supported vendor event: vendor_id=0x1018 subcmd=34
08-15 22:15:05.873  2850  2850 D wpa_supplicant: nl80211: Supported vendor event: vendor_id=0x1018 subcmd=35
08-15 22:15:05.873  2850  2850 D wpa_supplicant: nl80211: Supported vendor event: vendor_id=0x1018 subcmd=36
08-15 22:15:05.873  2850  2850 D wpa_supplicant: nl80211: Supported vendor event: vendor_id=0x1a11 subcmd=37
08-15 22:15:05.873  2850  2850 D wpa_supplicant: nl80211: Supported vendor event: vendor_id=0x1018 subcmd=38
08-15 22:15:05.873  2850  2850 D wpa_supplicant: nl80211: Supported vendor event: vendor_id=0x1018 subcmd=39
08-15 22:15:05.873  2850  2850 D wpa_supplicant: nl80211: Supported vendor event: vendor_id=0x1a11 subcmd=40
08-15 22:15:05.873  2850  2850 D wpa_supplicant: nl80211: Use separate P2P group interface (driver advertised support)
08-15 22:15:05.873  2850  2850 D wpa_supplicant: nl80211: Enable multi-channel concurrent (driver advertised support)
08-15 22:15:05.873  2850  2850 D wpa_supplicant: nl80211: use P2P_DEVICE support
08-15 22:15:05.873  2850  2850 D wpa_supplicant: nl80211: interface wlan0 in phy phy0
08-15 22:15:05.875  2850  2850 D wpa_supplicant: nl80211: Set mode ifindex 8 iftype 2 (STATION)
08-15 22:15:05.875  2850  2850 D wpa_supplicant: nl80211: Subscribe to mgmt frames with non-AP handle 0x7358611d40
08-15 22:15:05.875  2850  2850 D wpa_supplicant: nl80211: Register frame type=0xb0 (WLAN_FC_STYPE_AUTH) nl_handle=0x7358611d40 match=
08-15 22:15:05.875  2850  2850 D wpa_supplicant: nl80211: Register frame command failed (type=176): ret=-22 (Invalid argument)
08-15 22:15:05.875  2850  2850 D wpa_supplicant: nl80211: Register frame match - hexdump(len=0): [NULL]
08-15 22:15:05.875  2850  2850 D wpa_supplicant: nl80211: Register frame type=0xd0 (WLAN_FC_STYPE_ACTION) nl_handle=0x7358611d40 match=0104
08-15 22:15:05.876  2850  2850 D wpa_supplicant: nl80211: Register frame type=0xd0 (WLAN_FC_STYPE_ACTION) nl_handle=0x7358611d40 match=040a
08-15 22:15:05.876  2850  2850 D wpa_supplicant: nl80211: Register frame type=0xd0 (WLAN_FC_STYPE_ACTION) nl_handle=0x7358611d40 match=040b
08-15 22:15:05.876  2850  2850 D wpa_supplicant: nl80211: Register frame type=0xd0 (WLAN_FC_STYPE_ACTION) nl_handle=0x7358611d40 match=040c
