08-17 23:45:30.428   465   494 W ActivityManager: Slow operation: 51ms so far, now at startProcess: done updating pids map
08-17 23:45:30.430  1777  1777 I Zygote  : seccomp disabled by setenforce 0
08-17 23:45:30.433  1165  1602 V Backup  : [BackupAccountNotifier] Handling new intent. Show notification: true
08-17 23:45:30.507  1777  1777 I chatty  : uid=1027(nfc) com.android.nfc expire 41 lines
08-17 23:45:30.653   959   959 I ShortcutsDataManager: startImportContentTask()
08-17 23:45:30.654  1777  1804 I chatty  : uid=1027(nfc) com.android.nfc expire 60 lines
08-17 23:45:30.662  1438  1438 D Tealium-5.5.4: WebView android.webkit.WebView{a318368 VFEDHVC.. ......I. 0,0-0,0} created and cookies enabled
08-17 23:45:30.695  1777  1808 I chatty  : uid=1027(nfc) com.android.nfc expire 2 lines
08-17 23:45:30.699  1438  1756 W cr_media: Requires BLUETOOTH permission
08-17 23:45:30.700  1438  1806 I mali_so : [File] : hardware/rockchip/mali_so/driver/product/base/src/mali_base_kbase.c; [Line] : 876; [Func] : base_context_deal_with_version_affairs_rk_ext;
08-17 23:45:30.700  1438  1806 I mali_so : arm_release_ver of this mali_so is 'r18p0-01rel0', rk_so_ver is '17@0'.
08-17 23:45:30.700  1438  1806 D mali_so : [File] : hardware/rockchip/mali_so/driver/product/base/src/mali_base_kbase.c; [Line] : 881; [Func] : base_context_deal_with_version_affairs_rk_ext;
08-17 23:45:30.700  1438  1806 D mali_so : current process is NOT sf, to bail out.
08-17 23:45:30.702  1777  1809 I chatty  : uid=1027(nfc) com.android.nfc expire 3 lines
08-17 23:45:30.710  1777  1813 I chatty  : uid=1027(nfc) com.android.nfc expire 11 lines
08-17 23:45:30.711   291   291 I chatty  : uid=1027(nfc) /vendor/bin/hw/android.hardware.nfc@1.1-service expire 7 lines
08-17 23:45:30.711   291   307 I chatty  : uid=1027(nfc) /vendor/bin/hw/android.hardware.nfc@1.1-service expire 170 lines
08-17 23:45:30.720   162   162 I hwservicemanager: getTransport: Cannot find entry android.hardware.configstore@1.0::ISurfaceFlingerConfigs/default in either framework or device manifest.
08-17 23:45:30.726   465   764 D ConnectivityService: requestNetwork for uid/pid:10115/1438 NetworkRequest [ TRACK_DEFAULT id=19, [ Capabilities: INTERNET&NOT_RESTRICTED&TRUSTED Uid: 10115] ]
08-17 23:45:30.728   465   610 D Ethernet: got request NetworkRequest [ TRACK_DEFAULT id=19, [ Capabilities: INTERNET&NOT_RESTRICTED&TRUSTED Uid: 10115] ] with score 60 and serial -1
08-17 23:45:30.729   808   808 D PhoneSwitcherNetworkRequstListener: got request NetworkRequest [ TRACK_DEFAULT id=19, [ Capabilities: INTERNET&NOT_RESTRICTED&TRUSTED Uid: 10115] ] with score 60 and serial -1
08-17 23:45:30.729   465   581 D UntrustedWifiNetworkFactory: got request NetworkRequest [ TRACK_DEFAULT id=19, [ Capabilities: INTERNET&NOT_RESTRICTED&TRUSTED Uid: 10115] ] with score 60 and serial -1
08-17 23:45:30.729   465   581 D WifiNetworkFactory: got request NetworkRequest [ TRACK_DEFAULT id=19, [ Capabilities: INTERNET&NOT_RESTRICTED&TRUSTED Uid: 10115] ] with score 60 and serial -1
08-17 23:45:30.733   640   640 V KeyguardUpdateMonitor: onSubscriptionInfoChanged()
08-17 23:45:30.740  1706  1733 I cr_LibraryLoader: Time to load native libraries: 1 ms (timestamps 9705-9706)
08-17 23:45:30.742   959  1510 I ShortcutsDataManager: doInBackground()
08-17 23:45:30.744   959  1510 I PersonalDictionaryDataHandler: LanguageTags = [en-US]
08-17 23:45:30.746   465  1314 W OverlayManager: service 'idmap' died
08-17 23:45:30.747   161   161 I ServiceManager: service 'idmap' died
08-17 23:45:30.761   271   271 D Zygote  : Forked child process 1824
08-17 23:45:30.768  1824  1824 I Zygote  : seccomp disabled by setenforce 0
08-17 23:45:30.772   465   494 I ActivityManager: Start proc 1824:android.process.acore/u0a38 for content provider {com.android.providers.userdictionary/com.android.providers.userdictionary.UserDictionaryProvider}
08-17 23:45:30.787   465   465 I Binder:465_C: type=1400 audit(0.0:172): avc: denied { call } for scontext=u:r:system_server:s0 tcontext=u:r:zygote:s0 tclass=binder permissive=1
08-17 23:45:30.814  1706  1733 I chromium: [INFO:library_loader_hooks.cc(51)] Chromium logging enabled: level = 0, default verbosity = 0
08-17 23:45:30.815  1706  1733 I cr_LibraryLoader: Expected native library version number "77.0.3865.92", actual native library version number "77.0.3865.92"
08-17 23:45:30.869  1438  1806 W VideoCapabilities: Unrecognized profile/level 0/3 for video/mpeg2
08-17 23:45:30.875  1165  1173 I .gms.persisten: Compiler allocated 5305KB to compile void qty.a(android.content.Context)
08-17 23:45:30.882  1824  1824 I d.process.acor: The ClassLoaderContext is a special shared library.
08-17 23:45:30.900  1504  1832 I FA-SVC  : App measurement is starting up, version: 19275
08-17 23:45:30.903  1438  1806 W cr_MediaCodecUtil: HW encoder for video/avc is not available on this device.
08-17 23:45:30.943  1824  1824 I d.process.acor: The ClassLoaderContext is a special shared library.
08-17 23:45:30.978  1824  1824 I d.process.acor: The ClassLoaderContext is a special shared library.
08-17 23:45:31.001  1687  1862 I MediaProvider: Begin Intent { act=android.intent.action.MEDIA_MOUNTED dat=file:///storage/emulated/0 flg=0x5000010 cmp=com.android.providers.media/.MediaService (has extras) }
08-17 23:45:31.006  1824  1824 I ContactsPerf: VoicemailContentProvider.onCreate start
08-17 23:45:31.012   465  1864 I RecoverySystem: No recovery log file
08-17 23:45:31.015  1288  1288 D StressTest: =========onReceive===rebootFlag:0
08-17 23:45:31.017   465  1864 I DropBoxManagerService: add tag=SYSTEM_BOOT isTagEnabled=true flags=0x2
08-17 23:45:31.039   291  1869 I chatty  : uid=1027(nfc) /vendor/bin/hw/android.hardware.nfc@1.1-service expire 28 lines
08-17 23:45:31.039  1824  1824 I ContactsPerf: VoicemailContentProvider.onCreate finish
08-17 23:45:31.056  1687  1862 W ModernMediaScanner: Failed to visit /system/media: java.nio.file.NoSuchFileException: /system/media
08-17 23:45:31.061   291   307 I chatty  : uid=1027(nfc) /vendor/bin/hw/android.hardware.nfc@1.1-service expire 201 lines
08-17 23:45:31.061  1777  1821 I chatty  : uid=1027(nfc) com.android.nfc expire 1 line
08-17 23:45:31.062   291   291 I chatty  : uid=1027(nfc) /vendor/bin/hw/android.hardware.nfc@1.1-service expire 12 lines
08-17 23:45:31.062  1777  1813 I chatty  : uid=1027(nfc) com.android.nfc expire 10 lines
08-17 23:45:31.064  1777  1777 I chatty  : uid=1027(nfc) com.android.nfc expire 1 line
08-17 23:45:31.065   275   275 I suspend@1.0-ser: type=1400 audit(0.0:177): avc: denied { transfer } for scontext=u:r:system_suspend:s0 tcontext=u:r:nfc:s0 tclass=binder permissive=1
08-17 23:45:31.086   465  1864 I BootReceiver: Copying /sys/fs/pstore/console-ramoops-0 to DropBox (SYSTEM_LAST_KMSG)
08-17 23:45:31.087   465  1864 I DropBoxManagerService: add tag=SYSTEM_LAST_KMSG isTagEnabled=true flags=0x2
08-17 23:45:31.103   291   307 I chatty  : uid=1027(nfc) /vendor/bin/hw/android.hardware.nfc@1.1-service expire 100 lines
08-17 23:45:31.108   291   291 I chatty  : uid=1027(nfc) /vendor/bin/hw/android.hardware.nfc@1.1-service expire 12 lines
08-17 23:45:31.108   291  1869 I chatty  : uid=1027(nfc) /vendor/bin/hw/android.hardware.nfc@1.1-service expire 6 lines
08-17 23:45:31.110   465  1314 D CountryDetector: The first listener is added
08-17 23:45:31.112  1824  1824 I ContactsDatabaseHelper: updateUseStrictPhoneNumberComparison: 
08-17 23:45:31.134  1777  1821 I chatty  : uid=1027(nfc) com.android.nfc expire 1 line
08-17 23:45:31.135  1777  1813 I chatty  : uid=1027(nfc) com.android.nfc expire 102 lines
08-17 23:45:31.136   291   307 I chatty  : uid=1027(nfc) /vendor/bin/hw/android.hardware.nfc@1.1-service expire 151 lines
08-17 23:45:31.138  1687  1862 W ModernMediaScanner: Failed to visit /oem/media: java.nio.file.NoSuchFileException: /oem/media
08-17 23:45:31.141   291  1869 I chatty  : uid=1027(nfc) /vendor/bin/hw/android.hardware.nfc@1.1-service expire 18 lines
08-17 23:45:31.142   291   291 I chatty  : uid=1027(nfc) /vendor/bin/hw/android.hardware.nfc@1.1-service expire 36 lines
08-17 23:45:31.144   465  1864 I BootReceiver: Copying audit failures to DropBox
08-17 23:45:31.148   714  1050 D DhcpClient: Broadcasting DHCPDISCOVER
08-17 23:45:31.158  1777  1813 I chatty  : uid=1027(nfc) com.android.nfc expire 72 lines
08-17 23:45:31.159   291   307 I chatty  : uid=1027(nfc) /vendor/bin/hw/android.hardware.nfc@1.1-service expire 135 lines
08-17 23:45:31.164   291  1869 I chatty  : uid=1027(nfc) /vendor/bin/hw/android.hardware.nfc@1.1-service expire 36 lines
08-17 23:45:31.165  1824  1824 D ActivityThread: Loading provider contacts;com.android.contacts: com.android.providers.contacts.ContactsProvider2
08-17 23:45:31.176   465  1864 I BootReceiver: Copied 22565 worth of audits to DropBox
08-17 23:45:31.176   465  1864 I DropBoxManagerService: add tag=SYSTEM_AUDIT isTagEnabled=true flags=0x2
08-17 23:45:31.187   465  1864 I BootReceiver: Checking for fsck errors
08-17 23:45:31.188   465  1864 I BootReceiver: fs_stat, partition:cache stat:0x3
08-17 23:45:31.189   465  1864 I BootReceiver: fs_stat, partition:userdata stat:0x3
08-17 23:45:31.209   291   307 I chatty  : uid=1027(nfc) /vendor/bin/hw/android.hardware.nfc@1.1-service expire 93 lines
08-17 23:45:31.209  1777  1813 I chatty  : uid=1027(nfc) com.android.nfc expire 89 lines
08-17 23:45:31.231   270   416 I netd    : bandwidthAddNiceApp(10041) <0.07ms>
08-17 23:45:31.339   959  1729 I MaestroExtensionImpl: onCreate() : Disabled by system locale.
08-17 23:45:31.370  1824  1877 D ContactsDatabaseHelper: WAL enabled for contacts2.db: true
08-17 23:45:31.451   959  1510 I ShortcutsDataManager: importRecords() : Success : Count = 0
08-17 23:45:31.452  1824  1878 W d.process.acor: Long monitor contention with owner Worker-1 (1877) at long android.database.sqlite.SQLiteConnection.nativePrepareStatement(long, java.lang.String)(SQLiteConnection.java:-2) waiters=0 in android.database.sqlite.SQLiteDatabase android.database.sqlite.SQLiteOpenHelper.getReadableDatabase() for 155ms
08-17 23:45:31.477   959  1477 I PhenotypeIme: FetchConfigurationTask.fetchConfiguration() : com.google.android.inputmethod.latin
08-17 23:45:31.483   640   640 W System  : ClassLoader referenced unknown path: 
08-17 23:45:31.527   640   640 D InterruptionStateProvider: No heads up: unimportant notification: 0|com.google.android.apps.wellbeing|174344743|null|10094
08-17 23:45:31.574   465   487 D ColorDisplayService: Setting saturation level: 100
08-17 23:45:31.582   465   590 D NotificationSQLiteLog: Pruned event entries: 0
08-17 23:45:31.584   221   257 V apexd   : Found bundled key in package /system/apex/com.android.apex.cts.shim.apex
08-17 23:45:31.585   221   257 V apexd   : Found bundled key in package /system/apex/com.android.conscrypt.apex
08-17 23:45:31.586   221   257 V apexd   : Found bundled key in package /system/apex/com.google.android.media.apex
08-17 23:45:31.587  1189  1210 I droid.deskcloc: Waiting for a blocking GC ProfileSaver
08-17 23:45:31.588   221   257 V apexd   : Found bundled key in package /system/apex/com.google.android.media.swcodec.apex
08-17 23:45:31.589   221   257 V apexd   : Found bundled key in package /system/apex/com.android.resolv.apex
08-17 23:45:31.590   221   257 V apexd   : Found bundled key in package /system/apex/com.android.runtime.debug.apex
08-17 23:45:31.591   221   257 V apexd   : Found bundled key in package /system/apex/com.google.android.tzdata.apex
08-17 23:45:31.592   221   257 V apexd   : Found bundled key in package /system/apex/com.android.runtime.debug.apex
08-17 23:45:31.593   221   257 V apexd   : Found bundled key in package /system/apex/com.google.android.media.apex
08-17 23:45:31.594   221   257 V apexd   : Found bundled key in package /system/apex/com.google.android.tzdata.apex
08-17 23:45:31.595   221   257 V apexd   : Found bundled key in package /system/apex/com.google.android.media.swcodec.apex
08-17 23:45:31.596   221   257 V apexd   : Found bundled key in package /system/apex/com.android.conscrypt.apex
08-17 23:45:31.597   221   257 V apexd   : Found bundled key in package /system/apex/com.android.apex.cts.shim.apex
08-17 23:45:31.600   221   257 V apexd   : Found bundled key in package /system/apex/com.android.resolv.apex
08-17 23:45:31.601   221   257 E apexd   : Can't open /product/apex for reading : No such file or directory
08-17 23:45:31.607  1189  1210 I droid.deskcloc: WaitForGcToComplete blocked ProfileSaver on ClassLinker for 20.611ms
08-17 23:45:31.634   465   478 I system_server: Background concurrent copying GC freed 65755(3598KB) AllocSpace objects, 36(3260KB) LOS objects, 42% free, 9705KB/16MB, paused 235us total 551.408ms
08-17 23:45:31.635  1438  1438 D Tealium-5.5.4: Webview android.webkit.WebView{a318368 VFEDHVC.. ......I. 0,0-0,0} loaded successfully
08-17 23:45:31.662   959  1510 I ShortcutsDataManager: importContentData() : Ending import process
08-17 23:45:31.761  1824  1877 I ContactLocale: AddressBook Labels [[]]: [, A, B, C, D, E, F, G, H, I, J, K, L, M, N, O, P, Q, R, S, T, U, V, W, X, Y, Z, , , , , , , , , , , , , , , , , , , , , , , , , , , , , , , , , , , , , , , , , , , , , , , , , , , , , , , , , , , , , , , , , , , , , , , , , , , , , , , , , , , , , , , , , , , , , , , , , , , , , , , , , , , , , , , , , , , , , , , , , , , , , , , , , , , , , , , , , , , , , , , , , , , , , , , , , , , , , , , , , , , , , , , , , , , , , , , , , , , , , , , , , , , #, ]
08-17 23:45:31.761  1824  1878 W d.process.acor: Long monitor contention with owner Worker-1 (1877) at void java.lang.ref.FinalizerReference.add(java.lang.Object)(FinalizerReference.java:61) waiters=0 in void com.android.providers.contacts.ContactLocaleUtils.setLocales(com.android.providers.contacts.LocaleSet) for 303ms
08-17 23:45:31.872  1824  1877 D ContactsDatabaseHelper: WAL enabled for profile.db: false
08-17 23:45:31.875   640  1007 D         : set stream to NULL
08-17 23:45:32.203   465  1313 D ContextHubService: Added callback, total callbacks 2
08-17 23:45:32.217  1165  1165 W Settings: Setting airplane_mode_on has moved from android.provider.Settings.System to android.provider.Settings.Global, returning read-only value.
08-17 23:45:32.238   959  1895 I KeyboardGroupDefParser: parseKeyboardGroupDef() 2132148431 -> extension_emoji_search_extension_view_m2 : WaitTime = 461 ms : RunTime = 24 ms
08-17 23:45:32.239  1165  1896 W GCoreFlp: No location to return for getLastLocation()
08-17 23:45:32.253  1165  1165 I GeofencerStateMachine: sendWifiConnectivityChanged: connectivity=true
08-17 23:45:32.299  1165  1892 I GeofencerStateMachine: Network location disabled.
08-17 23:45:32.299   959  1510 I PersonalLanguageModelUpdater: run() : Added 0 words and 0 shortcuts
08-17 23:45:32.299   959  1510 I DynamicLanguageModelOperation: perform() : 4 : cmw : Completed
08-17 23:45:32.313  1165  1500 I GeofencerStateMachine: removeGeofences: removeRequest=RemoveGeofencingRequest[REMOVE_BY_PENDING_INTENT pendingIntent=PendingIntent[creatorPackage=com.google.android.gms], packageName=com.google.android.gms]
08-17 23:45:32.315  1165  1500 I GeofencerStateMachine: removeGeofences: removeRequest=RemoveGeofencingRequest[REMOVE_BY_PENDING_INTENT pendingIntent=PendingIntent[creatorPackage=com.google.android.gms], packageName=com.google.android.gms]
08-17 23:45:32.357   959   959 I ShortcutsDataManager: onPostExecute() : Result = [2,0]
08-17 23:45:32.358   959   959 I ShortcutsDataManager: onImportFinished() : Result = 2 : Count = 0
08-17 23:45:32.421   959  1899 I KeyboardGroupDefParser: parseKeyboardGroupDef() 2132148432 -> extension_emoji_search_keyboards_emojipicker15_m2 : WaitTime = 75 ms : RunTime = 4 ms
08-17 23:45:32.556  1687  1862 E SQLiteLog: (1) no such table: audio_genres
08-17 23:45:32.578  1687  1862 I chatty  : uid=10041(com.android.providers.media) android.process.media identical 2 lines
08-17 23:45:32.581  1687  1862 E SQLiteLog: (1) no such table: audio_genres
08-17 23:45:32.628   959  1076 I EmojiVariantsHelper: Successfully loaded emoji variant maps
08-17 23:45:32.705  1687  1862 I MediaProvider: End Intent { act=android.intent.action.MEDIA_MOUNTED dat=file:///storage/emulated/0 flg=0x5000010 cmp=com.android.providers.media/.MediaService (has extras) }
08-17 23:45:32.989   714   714 I IpClient.wlan0: type=1400 audit(0.0:185): avc: denied { read } for path="socket:[35529]" dev="sockfs" ino=35529 scontext=u:r:zygote:s0 tcontext=u:r:zygote:s0 tclass=packet_socket permissive=1
08-17 23:45:33.098   959  1481 I SuperDelight: SuperDelightDownloadMetadataParser#parse(delight): Manifest parsed with 886 packs
08-17 23:45:33.099   959  1475 I SuperDelight: SuperDelightManager#registerAndUpgradeSuperpacks(delight): current 2019100102, required 2019100102
08-17 23:45:33.225   291   291 I chatty  : uid=1027(nfc) /vendor/bin/hw/android.hardware.nfc@1.1-service expire 16 lines
08-17 23:45:33.238   959  1530 I SuperDelight: SuperDelightManager#syncDownloadableLanguageModels(delight): [OnDevice] Syncing for version 2019100102
08-17 23:45:33.253  1777  1804 I chatty  : uid=1027(nfc) com.android.nfc expire 77 lines
08-17 23:45:33.254   291   307 I chatty  : uid=1027(nfc) /vendor/bin/hw/android.hardware.nfc@1.1-service expire 114 lines
08-17 23:45:33.256   959  1481 I SuperDelight: DownloadSlicing#getSlices() : Locale = [en_US]
08-17 23:45:33.263   291  1869 I chatty  : uid=1027(nfc) /vendor/bin/hw/android.hardware.nfc@1.1-service expire 12 lines
08-17 23:45:33.264  1777  1813 I chatty  : uid=1027(nfc) com.android.nfc expire 48 lines
08-17 23:45:33.264   291   291 I chatty  : uid=1027(nfc) /vendor/bin/hw/android.hardware.nfc@1.1-service expire 19 lines
08-17 23:45:33.281  1777  1804 I chatty  : uid=1027(nfc) com.android.nfc expire 25 lines
08-17 23:45:33.281  1777  1813 I chatty  : uid=1027(nfc) com.android.nfc expire 33 lines
08-17 23:45:33.282   465   465 W Looper  : Slow dispatch took 1698ms main h=android.app.ActivityThread$H c=android.app.-$$Lambda$LoadedApk$ReceiverDispatcher$Args$_BumDX2UKsnxLVrE6UJsJZkotuA@e043c27 m=0
08-17 23:45:33.282   465   465 W Looper  : Slow delivery took 1370ms main h=android.os.AsyncTask$InternalHandler c=null m=1
08-17 23:45:33.282   291   307 I chatty  : uid=1027(nfc) /vendor/bin/hw/android.hardware.nfc@1.1-service expire 79 lines
08-17 23:45:33.283   465   492 V PackageManager: [Optimistic Bind] Binding to instant app resolver
08-17 23:45:33.283   465   465 W Looper  : Drained
08-17 23:45:33.284   465   465 I Telecom : DefaultDialerCache: Refreshing default dialer for user 0: now null: DDC.oR@AAY
08-17 23:45:33.286   465   465 I Telecom : MissedCallNotifierImpl: reloadAfterBootComplete: user=0: TSBCR.oR@AAc
08-17 23:45:33.288   291  1869 I chatty  : uid=1027(nfc) /vendor/bin/hw/android.hardware.nfc@1.1-service expire 10 lines
08-17 23:45:33.292  1777  1777 I chatty  : uid=1027(nfc) com.android.nfc expire 6 lines
08-17 23:45:33.293  1777  1777 E AndroidRuntime: FATAL EXCEPTION: main
08-17 23:45:33.293  1777  1777 E AndroidRuntime: Process: com.android.nfc, PID: 1777
08-17 23:45:33.293  1777  1777 E AndroidRuntime: java.lang.NullPointerException
08-17 23:45:33.293  1777  1777 E AndroidRuntime: 	at com.android.nfc.dhimpl.NativeNfcManager.unrouteAid(Native Method)
08-17 23:45:33.293  1777  1777 E AndroidRuntime: 	at com.android.nfc.NfcService$NfcServiceHandler.handleMessage(NfcService.java:2239)
08-17 23:45:33.293  1777  1777 E AndroidRuntime: 	at android.os.Handler.dispatchMessage(Handler.java:107)
08-17 23:45:33.293  1777  1777 E AndroidRuntime: 	at android.os.Looper.loop(Looper.java:214)
08-17 23:45:33.293  1777  1777 E AndroidRuntime: 	at android.app.ActivityThread.main(ActivityThread.java:7356)
08-17 23:45:33.293  1777  1777 E AndroidRuntime: 	at java.lang.reflect.Method.invoke(Native Method)
08-17 23:45:33.293  1777  1777 E AndroidRuntime: 	at com.android.internal.os.RuntimeInit$MethodAndArgsCaller.run(RuntimeInit.java:492)
08-17 23:45:33.293  1777  1777 E AndroidRuntime: 	at com.android.internal.os.ZygoteInit.main(ZygoteInit.java:930)
08-17 23:45:33.295   808   808 D CarrierConfigLoader: mHandler: 13 phoneId: 0
08-17 23:45:33.301   465  1314 W RescueParty: Noticed 2 events for UID 1027 in last 22 sec
08-17 23:45:33.302   465  1314 W ActivityManager: Process com.android.nfc has crashed too many times: killing!
08-17 23:45:33.305   465  1909 I DropBoxManagerService: add tag=system_app_crash isTagEnabled=true flags=0x2
08-17 23:45:33.309  1638  1638 D RKUpdateReceiver: action = android.intent.action.BOOT_COMPLETED
08-17 23:45:33.309  1638  1638 D RKUpdateReceiver: RKUpdateReceiver recv ACTION_BOOT_COMPLETED.
08-17 23:45:33.311  1638  1638 W ContextImpl: Calling a method in the system process without a qualified user: android.app.ContextImpl.startService:1570 android.content.ContextWrapper.startService:669 android.content.ContextWrapper.startService:669 android.rockchip.update.service.RKUpdateReceiver.onReceive:59 android.app.ActivityThread.handleReceiver:3788 
08-17 23:45:33.316  1638  1638 W ContextImpl: Calling a method in the system process without a qualified user: android.app.ContextImpl.startService:1570 android.content.ContextWrapper.startService:669 android.content.ContextWrapper.startService:669 android.rockchip.update.service.RKUpdateReceiver.onReceive:65 android.app.ActivityThread.handleReceiver:3788 
08-17 23:45:33.325   161   161 I ServiceManager: service 'com.broadcom.nfc.Factory' died
08-17 23:45:33.326   161   161 I ServiceManager: service 'nfc' died
08-17 23:45:33.326   465   757 I ActivityManager: Process com.android.nfc (pid 1777) has died: pers PER 
08-17 23:45:33.327   465   495 I libprocessgroup: Successfully killed process cgroup uid 1027 pid 1777 in 0ms
08-17 23:45:33.328   465   757 W ActivityManager: Re-adding persistent process ProcessRecord{123fce 1777:com.android.nfc/1027}
08-17 23:45:33.332  1638  1638 I android_rockchip_update_UpdateService.cpp: JNI_OnLoad
08-17 23:45:33.335  1638  1638 I .update.service: type=1400 audit(0.0:186): avc: denied { read } for name="u:object_r:serialno_prop:s0" dev="tmpfs" ino=19923 scontext=u:r:system_app:s0 tcontext=u:object_r:serialno_prop:s0 tclass=file permissive=1
08-17 23:45:33.335  1638  1638 I .update.service: type=1400 audit(0.0:187): avc: denied { open } for path="/dev/__properties__/u:object_r:serialno_prop:s0" dev="tmpfs" ino=19923 scontext=u:r:system_app:s0 tcontext=u:object_r:serialno_prop:s0 tclass=file permissive=1
08-17 23:45:33.335  1638  1638 I .update.service: type=1400 audit(0.0:188): avc: denied { getattr } for path="/dev/__properties__/u:object_r:serialno_prop:s0" dev="tmpfs" ino=19923 scontext=u:r:system_app:s0 tcontext=u:object_r:serialno_prop:s0 tclass=file permissive=1
08-17 23:45:33.335  1638  1638 D RKUpdateService: starting RKUpdateService, version is 1.8.2
08-17 23:45:33.335   291  1919 I chatty  : uid=1027(nfc) /vendor/bin/hw/android.hardware.nfc@1.1-service expire 6 lines
08-17 23:45:33.336  1638  1638 I .update.service: type=1400 audit(0.0:189): avc: denied { map } for path="/dev/__properties__/u:object_r:serialno_prop:s0" dev="tmpfs" ino=19923 scontext=u:r:system_app:s0 tcontext=u:object_r:serialno_prop:s0 tclass=file permissive=1
08-17 23:45:33.336  1638  1638 D RKUpdateService: remote uri is http://www.rockchip.com:2300/OtaUpdater/android?product=rk3399-Android10&version=1.0.0&sn=202004170A7C&country=&language=
08-17 23:45:33.336  1638  1638 D RKUpdateService: remote uri backup is http://192.168.1.143:2300/OtaUpdater/android?product=rk3399-Android10&version=1.0.0&sn=202004170A7C&country=&language=
08-17 23:45:33.339   271   271 D Zygote  : Forked child process 1922
08-17 23:45:33.339   271   271 I Zygote  : Process 1777 exited due to signal 9 (Killed)
08-17 23:45:33.340  1922  1922 I Zygote  : seccomp disabled by setenforce 0
08-17 23:45:33.342   465   494 I ActivityManager: Start proc 1922:com.android.calendar/u0a98 for broadcast {com.android.calendar/com.android.calendar.alerts.AlertReceiver}
08-17 23:45:33.345  1638  1638 D RKUpdateService: first startup!!!
08-17 23:45:33.358   271   271 D Zygote  : Forked child process 1941
08-17 23:45:33.361  1941  1941 I Zygote  : seccomp disabled by setenforce 0
08-17 23:45:33.363   465   494 I ActivityManager: Start proc 1941:com.android.nfc/1027 for restart com.android.nfc
08-17 23:45:33.400  1922  1922 D ApplicationLoaders: Returning zygote-cached class loader: /system/framework/android.hidl.base-V1.0-java.jar
08-17 23:45:33.400  1922  1922 D ApplicationLoaders: Returning zygote-cached class loader: /system/framework/android.hidl.manager-V1.0-java.jar
08-17 23:45:33.400  1922  1922 D ApplicationLoaders: Returning zygote-cached class loader: /system/framework/android.hidl.base-V1.0-java.jar
08-17 23:45:33.409  1941  1941 I chatty  : uid=1027(nfc) com.android.nfc expire 41 lines
08-17 23:45:33.419  1165  1595 E ActivityThread: Failed to find provider info for instantapp-dev-manager
08-17 23:45:33.426   465   486 I DropBoxManagerService: add tag=system_app_strictmode isTagEnabled=true flags=0x2
08-17 23:45:33.437  1165  1165 W ChimeraUtils: Non Chimera context
08-17 23:45:33.437  1165  1165 W ChimeraUtils: Non Chimera context
08-17 23:45:33.440   465   465 D PackageManager: Connected to instant app resolver
08-17 23:45:33.440   465   492 I PackageManager: Optimistic bind succeeded.
08-17 23:45:33.445  1922  1922 I ndroid.calenda: The ClassLoaderContext is a special shared library.
08-17 23:45:33.447   465   486 I DropBoxManagerService: add tag=system_app_strictmode isTagEnabled=true flags=0x2
08-17 23:45:33.458   465   486 I chatty  : uid=1000(system) android.io identical 1 line
08-17 23:45:33.463   465   486 I DropBoxManagerService: add tag=system_app_strictmode isTagEnabled=true flags=0x2
08-17 23:45:33.465  1638  1638 D RKUpdateService: onStartCommand.......
08-17 23:45:33.465  1638  1638 D RKUpdateService: command = 1 delaytime = 20000
08-17 23:45:33.488  1638  1638 D RKUpdateService: onStartCommand.......
08-17 23:45:33.488  1638  1638 D RKUpdateService: command = 2 delaytime = 25000
08-17 23:45:33.531  1941  1966 I chatty  : uid=1027(nfc) com.android.nfc expire 43 lines
08-17 23:45:33.538  1922  1922 D AlertReceiver: onReceive: a=android.intent.action.BOOT_COMPLETED Intent { act=android.intent.action.BOOT_COMPLETED flg=0x89000010 cmp=com.android.calendar/.alerts.AlertReceiver (has extras) }
08-17 23:45:33.538  1941  1969 I chatty  : uid=1027(nfc) com.android.nfc expire 3 lines
08-17 23:45:33.538  1941  1968 I chatty  : uid=1027(nfc) com.android.nfc expire 2 lines
08-17 23:45:33.539  1941  1966 I chatty  : uid=1027(nfc) com.android.nfc expire 17 lines
08-17 23:45:33.539  1941  1970 I chatty  : uid=1027(nfc) com.android.nfc expire 14 lines
08-17 23:45:33.540   291   291 I chatty  : uid=1027(nfc) /vendor/bin/hw/android.hardware.nfc@1.1-service expire 10 lines
08-17 23:45:33.540   291   307 I chatty  : uid=1027(nfc) /vendor/bin/hw/android.hardware.nfc@1.1-service expire 197 lines
08-17 23:45:33.542   465   484 D AutofillManagerService: Close system dialogs
08-17 23:45:33.543   640   640 V StatusBar: mStatusBarWindow: com.android.systemui.statusbar.phone.StatusBarWindowView{76c95e0 V.E...... ........ 0,0-1280,24} canPanelBeCollapsed(): false
08-17 23:45:33.546  1189  1189 I AlarmClock: AlarmInitReceiver android.intent.action.BOOT_COMPLETED
08-17 23:45:33.573  1189  1215 I AlarmClock: Fixing alarm instances
08-17 23:45:33.632  1189  1215 V AlarmClock: AlarmInitReceiver finished
08-17 23:45:33.653   271   271 D Zygote  : Forked child process 1972
08-17 23:45:33.655   465   494 I ActivityManager: Start proc 1972:com.android.dynsystem/1000 for broadcast {com.android.dynsystem/com.android.dynsystem.BootCompletedReceiver}
08-17 23:45:33.656  1972  1972 I Zygote  : seccomp disabled by setenforce 0
08-17 23:45:33.705   959  1481 I SuperDelight: DownloadSlicing#getSlices(): result {slices=[delight:main_en_us_20190726_1], last batch=true, sync metadata=false}
08-17 23:45:33.706   959  1481 I SP      : Syncing delight (2019100102) with slices: [main_en_us_20190726_1], metadata: false
08-17 23:45:33.713  1972  1972 I droid.dynsyste: The ClassLoaderContext is a special shared library.
08-17 23:45:33.754   465   780 D DynamicSystemService: GsiService is not ready, wait for 64ms
08-17 23:45:33.823   161   161 I ServiceManager: service 'gsiservice' died
08-17 23:45:33.823   465  1314 W DynamicSystemService: gsiservice died; reconnecting
08-17 23:45:33.841   271   271 D Zygote  : Forked child process 1996
08-17 23:45:33.845  1996  1996 I Zygote  : seccomp disabled by setenforce 0
08-17 23:45:33.845   465   494 I ActivityManager: Start proc 1996:com.android.managedprovisioning/u0a47 for broadcast {com.android.managedprovisioning/com.android.managedprovisioning.preprovisioning.BootReminder}
08-17 23:45:33.860   959  1481 I SuperDelight: SuperDelightMergingStrategy#merge(): selected[[main_en_us_20190726_1]] synced[[main_en_us_20190726_1]]
08-17 23:45:33.865   959  1481 I SP      : Sync for delight succeeded in 619 ms: no changes
08-17 23:45:33.866   959  1481 I SP      : GC for 'delight' (10) with ttl of 0 ms took 1 ms (0/1/0)
08-17 23:45:33.866   291  2015 I chatty  : uid=1027(nfc) /vendor/bin/hw/android.hardware.nfc@1.1-service expire 16 lines
08-17 23:45:33.891  1941  1971 I chatty  : uid=1027(nfc) com.android.nfc expire 1 line
08-17 23:45:33.894   291   307 I chatty  : uid=1027(nfc) /vendor/bin/hw/android.hardware.nfc@1.1-service expire 218 lines
08-17 23:45:33.895  1941  1970 I chatty  : uid=1027(nfc) com.android.nfc expire 7 lines
08-17 23:45:33.895   291   291 I chatty  : uid=1027(nfc) /vendor/bin/hw/android.hardware.nfc@1.1-service expire 6 lines
08-17 23:45:33.897  1996  1996 I gedprovisionin: The ClassLoaderContext is a special shared library.
08-17 23:45:33.901   291  2015 I chatty  : uid=1027(nfc) /vendor/bin/hw/android.hardware.nfc@1.1-service expire 30 lines
08-17 23:45:33.939   291   307 I chatty  : uid=1027(nfc) /vendor/bin/hw/android.hardware.nfc@1.1-service expire 149 lines
08-17 23:45:33.952   808   808 I VvmSimStateTracker: android.intent.action.BOOT_COMPLETED
08-17 23:45:33.962  1941  1971 I chatty  : uid=1027(nfc) com.android.nfc expire 1 line
08-17 23:45:33.963   291   291 I chatty  : uid=1027(nfc) /vendor/bin/hw/android.hardware.nfc@1.1-service expire 29 lines
08-17 23:45:33.963  1941  1970 I chatty  : uid=1027(nfc) com.android.nfc expire 131 lines
08-17 23:45:33.977   271   271 D Zygote  : Forked child process 2018
08-17 23:45:33.981   465   494 I ActivityManager: Start proc 2018:com.android.providers.calendar/u0a39 for broadcast {com.android.providers.calendar/com.android.providers.calendar.CalendarReceiver}
08-17 23:45:33.982   291   307 I chatty  : uid=1027(nfc) /vendor/bin/hw/android.hardware.nfc@1.1-service expire 149 lines
08-17 23:45:33.982  2018  2018 I Zygote  : seccomp disabled by setenforce 0
08-17 23:45:33.982   291  2015 I chatty  : uid=1027(nfc) /vendor/bin/hw/android.hardware.nfc@1.1-service expire 18 lines
08-17 23:45:33.982   291   291 I chatty  : uid=1027(nfc) /vendor/bin/hw/android.hardware.nfc@1.1-service expire 26 lines
08-17 23:45:34.003  1941  1970 I chatty  : uid=1027(nfc) com.android.nfc expire 119 lines
08-17 23:45:34.003   291  2015 I chatty  : uid=1027(nfc) /vendor/bin/hw/android.hardware.nfc@1.1-service expire 21 lines
08-17 23:45:34.003   291   307 I chatty  : uid=1027(nfc) /vendor/bin/hw/android.hardware.nfc@1.1-service expire 230 lines
08-17 23:45:34.028  2018  2018 I viders.calenda: The ClassLoaderContext is a special shared library.
08-17 23:45:34.071  2018  2018 I CalendarProvider2: Created com.android.providers.calendar.CalendarAlarmManager@f67f7eb(com.android.providers.calendar.CalendarProvider2@7905948)
08-17 23:45:34.164   271   271 D Zygote  : Forked child process 2041
08-17 23:45:34.167  2041  2041 I Zygote  : seccomp disabled by setenforce 0
08-17 23:45:34.168   465   494 I ActivityManager: Start proc 2041:com.android.traceur/u0a61 for broadcast {com.android.traceur/com.android.traceur.Receiver}
08-17 23:45:34.218  2041  2041 I android.traceu: The ClassLoaderContext is a special shared library.
08-17 23:45:34.303   272   272 D Zygote  : Forked child process 2062
08-17 23:45:34.313   465   494 I ActivityManager: Start proc 2062:com.android.vending/u0a95 for broadcast {com.android.vending/com.google.android.finsky.boothandler.BootCompletedReceiver}
08-17 23:45:34.315  2062  2062 I Zygote  : seccomp disabled by setenforce 0
08-17 23:45:34.362  2062  2062 D ApplicationLoaders: Returning zygote-cached class loader: /system/framework/android.hidl.base-V1.0-java.jar
08-17 23:45:34.362  2062  2062 D ApplicationLoaders: Returning zygote-cached class loader: /system/framework/android.hidl.manager-V1.0-java.jar
08-17 23:45:34.362  2062  2062 D ApplicationLoaders: Returning zygote-cached class loader: /system/framework/android.hidl.base-V1.0-java.jar
08-17 23:45:34.368  2062  2062 I android.vendin: The ClassLoaderContext is a special shared library.
08-17 23:45:34.507  2062  2062 I Finsky  : [2] dua.aH(9): Process created at version: 16.9.10-all [0] [PR] 272056531
08-17 23:45:34.599   465   487 D ColorDisplayService: GlobalSaturationTintController Animation cancelled: false to matrix: 
08-17 23:45:34.599   465   487 D ColorDisplayService:        1.000000 0.000000 0.000000 0.000000 0.000000 1.000000 0.000000 0.000000 0.000000 0.000000 1.000000 0.000000 0.000000 0.000000 0.000000 1.000000 min matrix coefficients: 
08-17 23:45:34.599   465   487 D ColorDisplayService:        1.000000 0.000000 0.000000 0.000000 0.000000 1.000000 0.000000 0.000000 0.000000 0.000000 1.000000 0.000000 0.000000 0.000000 0.000000 1.000000 max matrix coefficients: 
08-17 23:45:34.599   465   487 D ColorDisplayService:        1.000000 0.000000 0.000000 0.000000 0.000000 1.000000 0.000000 0.000000 0.000000 0.000000 1.000000 0.000000 0.000000 0.000000 0.000000 1.000000
08-17 23:45:35.295  1165  1173 I .gms.persisten: Compiler allocated 5304KB to compile void qty.a(android.content.Context)
08-17 23:45:35.326  2062  2090 I Finsky  : [37] pzo.a(37): Started reading experiment flags from file [0tGUNCGIkbk4o6-fQ335kUYSKwVj4lusnHT-A5Dsy08].
08-17 23:45:35.377  2062  2090 I Finsky  : [37] pzo.a(49): Finished reading experiment flags from file [0tGUNCGIkbk4o6-fQ335kUYSKwVj4lusnHT-A5Dsy08].
08-17 23:45:35.382  2062  2088 I Finsky  : [35] pzo.a(37): Started reading experiment flags from file [Se-xCc4LzNyh3UrKMIU2sUf-PUKz4oQEbpKZDMuaFno].
08-17 23:45:35.432   959  1400 W LatinMetricsProcessor: The new entry is equal to the old entry
08-17 23:45:35.445  2062  2088 I Finsky  : [35] pzo.a(49): Finished reading experiment flags from file [Se-xCc4LzNyh3UrKMIU2sUf-PUKz4oQEbpKZDMuaFno].
08-17 23:45:35.519  2062  2062 I Finsky  : [2] sho.<init>(11): Resetting scheduler db
08-17 23:45:35.548  2062  2085 I Finsky  : [32] dua.X(6): Not a unicorn account
08-17 23:45:35.595  2062  2087 W PrimesInit: Primes instant initialization
08-17 23:45:35.633  2062  2101 W Primes  : background initialization
08-17 23:45:35.635   465   465 I Binder:465_A: type=1400 audit(0.0:198): avc: denied { call } for scontext=u:r:system_server:s0 tcontext=u:r:zygote:s0 tclass=binder permissive=1
08-17 23:45:35.635   270  2103 E ResolverController: No valid NAT64 prefix (100, <unspecified>/0)
08-17 23:45:35.646   270  2104 E ResolverController: No valid NAT64 prefix (100, <unspecified>/0)
08-17 23:45:35.657  2062  2086 I Finsky  : [33] prh.<init>(5): Registering in memory receiver for android.intent.action.PACKAGE_ADDED
08-17 23:45:35.699  2062  2101 I PrimesTesting: GserviceFlagsSupplier.get()
08-17 23:45:35.741   465   757 D ConnectivityService: requestNetwork for uid/pid:10095/2062 NetworkRequest [ TRACK_DEFAULT id=21, [ Capabilities: INTERNET&NOT_RESTRICTED&TRUSTED Uid: 10095] ]
08-17 23:45:35.743   465   581 D UntrustedWifiNetworkFactory: got request NetworkRequest [ TRACK_DEFAULT id=21, [ Capabilities: INTERNET&NOT_RESTRICTED&TRUSTED Uid: 10095] ] with score 60 and serial -1
08-17 23:45:35.743   465   581 D WifiNetworkFactory: got request NetworkRequest [ TRACK_DEFAULT id=21, [ Capabilities: INTERNET&NOT_RESTRICTED&TRUSTED Uid: 10095] ] with score 60 and serial -1
08-17 23:45:35.743   465   610 D Ethernet: got request NetworkRequest [ TRACK_DEFAULT id=21, [ Capabilities: INTERNET&NOT_RESTRICTED&TRUSTED Uid: 10095] ] with score 60 and serial -1
08-17 23:45:35.743   808   808 D PhoneSwitcherNetworkRequstListener: got request NetworkRequest [ TRACK_DEFAULT id=21, [ Capabilities: INTERNET&NOT_RESTRICTED&TRUSTED Uid: 10095] ] with score 60 and serial -1
08-17 23:45:35.747   640   640 V KeyguardUpdateMonitor: onSubscriptionInfoChanged()
08-17 23:45:35.771  2062  2086 W Settings: Setting download_manager_max_bytes_over_mobile has moved from android.provider.Settings.Secure to android.provider.Settings.Global.
08-17 23:45:35.773  2062  2088 I cr_CronetLibraryLoader: Cronet version: 79.0.3916.3, arch: armv8l
08-17 23:45:35.783  2062  2086 I Finsky  : [33] oyn.a(5): SettingNotFoundException, fall through to G.downloadBytesOverMobileMaximum
08-17 23:45:35.783  2062  2086 W Settings: Setting download_manager_recommended_max_bytes_over_mobile has moved from android.provider.Settings.Secure to android.provider.Settings.Global.
08-17 23:45:35.804  2062  2086 I Finsky  : [33] oyn.a(9): SettingNotFoundException, fall through to G.downloadBytesOverMobileRecommended
08-17 23:45:35.809  2062  2106 I Finsky  : [49] dta.run(3): Set SystemUpdateActivity enabled state to 2
08-17 23:45:35.821  2062  2088 W Finsky  : [35] djx.a(22): For unauth, use getDfeApiNonAuthenticated() instead!
08-17 23:45:35.870  2062  2085 I Finsky  : [32] xzl.j(5): Setup app restrictions monitor
08-17 23:45:35.878  2062  2085 I Finsky  : [32] ybg.a(4): Device wide unknown source restriction is changed.
08-17 23:45:35.992  2062  2062 I Finsky  : [2] seo.a(24): Scheduling fallback job with id: 9034, and delay: 43200000 ms
08-17 23:45:35.996  2062  2062 I Finsky  : [2] seo.a(5): Scheduling fallback in 64799998 (absolute: 64824962)
08-17 23:45:36.014   959  1503 W putmethod.lati: Long monitor contention with owner MetricsManager (1400) at boolean android.os.MessageQueue.enqueueMessage(android.os.Message, long)(MessageQueue.java:556) waiters=0 in android.os.Message android.os.MessageQueue.next() for 206ms
08-17 23:45:36.021  2062  2062 I Finsky  : [2] icn.a(4): Scheduling UploadDynamicConfig.
08-17 23:45:36.041  2062  2062 I Finsky  : [2] lxu.<init>(16): Installer: Setting Parallelism[DEFAULT]
08-17 23:45:36.054  2062  2115 I Finsky  : [54] oco.a(16): Finished loading 0 libraries.
08-17 23:45:36.056  2062  2062 I Finsky  : [2] lvm.a(21): Installer: Attempting to start installer
08-17 23:45:36.061  2062  2062 I Finsky  : [2] lqy.<init>(7): Not checking if recovering from paused session because experiment is off
08-17 23:45:36.062  1941  1970 I chatty  : uid=1027(nfc) com.android.nfc expire 48 lines
08-17 23:45:36.064   291  2015 I chatty  : uid=1027(nfc) /vendor/bin/hw/android.hardware.nfc@1.1-service expire 12 lines
08-17 23:45:36.065  2062  2062 I Finsky  : [2] lvm.a(213): Installer kick - no action, not running yet
08-17 23:45:36.065  1941  1966 I chatty  : uid=1027(nfc) com.android.nfc expire 52 lines
08-17 23:45:36.066   291   291 I chatty  : uid=1027(nfc) /vendor/bin/hw/android.hardware.nfc@1.1-service expire 27 lines
08-17 23:45:36.066  2062  2062 I Finsky  : [2] lvm.a(213): Installer kick - no action, not running yet
08-17 23:45:36.087   291   307 I chatty  : uid=1027(nfc) /vendor/bin/hw/android.hardware.nfc@1.1-service expire 98 lines
08-17 23:45:36.091   291  2015 I chatty  : uid=1027(nfc) /vendor/bin/hw/android.hardware.nfc@1.1-service expire 13 lines
08-17 23:45:36.091  1941  1970 I chatty  : uid=1027(nfc) com.android.nfc expire 53 lines
08-17 23:45:36.091  1941  1966 I chatty  : uid=1027(nfc) com.android.nfc expire 65 lines
08-17 23:45:36.098  1941  1941 I chatty  : uid=1027(nfc) com.android.nfc expire 6 lines
08-17 23:45:36.099  1941  1941 E AndroidRuntime: FATAL EXCEPTION: main
08-17 23:45:36.099  1941  1941 E AndroidRuntime: Process: com.android.nfc, PID: 1941
08-17 23:45:36.099  1941  1941 E AndroidRuntime: java.lang.NullPointerException
08-17 23:45:36.099  1941  1941 E AndroidRuntime: 	at com.android.nfc.dhimpl.NativeNfcManager.unrouteAid(Native Method)
08-17 23:45:36.099  1941  1941 E AndroidRuntime: 	at com.android.nfc.NfcService$NfcServiceHandler.handleMessage(NfcService.java:2239)
08-17 23:45:36.099  1941  1941 E AndroidRuntime: 	at android.os.Handler.dispatchMessage(Handler.java:107)
08-17 23:45:36.099  1941  1941 E AndroidRuntime: 	at android.os.Looper.loop(Looper.java:214)
08-17 23:45:36.099  1941  1941 E AndroidRuntime: 	at android.app.ActivityThread.main(ActivityThread.java:7356)
08-17 23:45:36.099  1941  1941 E AndroidRuntime: 	at java.lang.reflect.Method.invoke(Native Method)
08-17 23:45:36.099  1941  1941 E AndroidRuntime: 	at com.android.internal.os.RuntimeInit$MethodAndArgsCaller.run(RuntimeInit.java:492)
08-17 23:45:36.099  1941  1941 E AndroidRuntime: 	at com.android.internal.os.ZygoteInit.main(ZygoteInit.java:930)
08-17 23:45:36.102   465  2142 I DropBoxManagerService: add tag=system_app_crash isTagEnabled=true flags=0x2
08-17 23:45:36.103   465   780 W RescueParty: Noticed 3 events for UID 1027 in last 25 sec
08-17 23:45:36.103   465   780 W ActivityManager: Process com.android.nfc has crashed too many times: killing!
08-17 23:45:36.132   161   161 I ServiceManager: service 'com.broadcom.nfc.Factory' died
08-17 23:45:36.133   161   161 I ServiceManager: service 'nfc' died
08-17 23:45:36.133   465  1917 I ActivityManager: Process com.android.nfc (pid 1941) has died: pers PER 
08-17 23:45:36.134   271   271 I Zygote  : Process 1941 exited due to signal 9 (Killed)
08-17 23:45:36.134   465   495 I libprocessgroup: Successfully killed process cgroup uid 1027 pid 1941 in 0ms
08-17 23:45:36.136   291  2145 I chatty  : uid=1027(nfc) /vendor/bin/hw/android.hardware.nfc@1.1-service expire 6 lines
08-17 23:45:36.136   465  1917 W ActivityManager: Re-adding persistent process ProcessRecord{123fce 1941:com.android.nfc/1027}
08-17 23:45:36.151   271   271 D Zygote  : Forked child process 2147
08-17 23:45:36.154   465   494 I ActivityManager: Start proc 2147:com.android.nfc/1027 for restart com.android.nfc
08-17 23:45:36.155  2147  2147 I Zygote  : seccomp disabled by setenforce 0
08-17 23:45:36.221   271   271 D Zygote  : Forked child process 2168
08-17 23:45:36.224   465   494 I ActivityManager: Start proc 2168:com.elclcd.multifunctionclock/1000 for broadcast {com.elclcd.multifunctionclock/com.elclcd.multifunctionclock.receiver.BootCompletedReceiver}
08-17 23:45:36.224  2168  2168 I Zygote  : seccomp disabled by setenforce 0
08-17 23:45:36.227  2147  2147 I chatty  : uid=1027(nfc) com.android.nfc expire 41 lines
08-17 23:45:36.227  2168  2168 I tifunctioncloc: Late-enabling -Xcheck:jni
08-17 23:45:36.264  2168  2168 E tifunctioncloc: Unknown bits set in runtime_flags: 0x8000
08-17 23:45:36.270  2062  2137 I Finsky  : [75] lrf.a(9): Installer: Registering atomic install listeners with package installer
08-17 23:45:36.274  2062  2135 I Finsky  : [73] lsl.a(3): Installer: Checking for orphaned groups
08-17 23:45:36.303  2062  2135 I Finsky  : [73] lun.run(2): Installer: Installer starting.
08-17 23:45:36.304  2062  2135 I Finsky  : [73] lun.run(4): Installer: Installer started.
08-17 23:45:36.310  2062  2062 I Finsky  : [2] lvm.a(221): Installer: found apps to install. isMultiUserMode=false, apps=[]
08-17 23:45:36.313   714   714 I IpClient.wlan0: type=1400 audit(0.0:199): avc: denied { read } for path="socket:[35529]" dev="sockfs" ino=35529 scontext=u:r:zygote:s0 tcontext=u:r:zygote:s0 tclass=packet_socket permissive=1
08-17 23:45:36.321  2147  2191 I chatty  : uid=1027(nfc) com.android.nfc expire 60 lines
08-17 23:45:36.330  2147  2193 I chatty  : uid=1027(nfc) com.android.nfc expire 2 lines
08-17 23:45:36.330  2147  2194 I chatty  : uid=1027(nfc) com.android.nfc expire 3 lines
08-17 23:45:36.332  2147  2195 I chatty  : uid=1027(nfc) com.android.nfc expire 11 lines
08-17 23:45:36.333   291   291 I chatty  : uid=1027(nfc) /vendor/bin/hw/android.hardware.nfc@1.1-service expire 4 lines
08-17 23:45:36.333   291   307 I chatty  : uid=1027(nfc) /vendor/bin/hw/android.hardware.nfc@1.1-service expire 131 lines
08-17 23:45:36.376  2062  2090 D NetworkSecurityConfig: No Network Security Config specified, using platform default
08-17 23:45:36.385   465   807 D ConditionProviders: Disabling component com.google.android.apps.wellbeing/.dnd.impl.DndConditionProviderService
08-17 23:45:36.393   640   640 V StatusBar: mStatusBarWindow: com.android.systemui.statusbar.phone.StatusBarWindowView{76c95e0 V.E...... ........ 0,0-1280,24} canPanelBeCollapsed(): false
08-17 23:45:36.397   270  2198 E ResolverController: No valid NAT64 prefix (100, <unspecified>/0)
08-17 23:45:36.440  2168  2168 I tifunctioncloc: The ClassLoaderContext is a special shared library.
08-17 23:45:36.480  2062  2062 I Finsky  : [2] sho.a(8): SCH: Jobs in database: 1-1337 21-333333333 24-77777777 26-1414141414 29-29 
08-17 23:45:36.513  2062  2062 I Finsky  : [2] sdg.a(59): SCH: ConstraintMapping: 24-77777777,  -> L: 0ms, D: 81967587ms, C: false, I: true, N: 0
08-17 23:45:36.514  2062  2062 I Finsky  : [2] sdg.a(59): SCH: ConstraintMapping: 1-1337, 21-333333333,  -> L: 50541ms, D: 61335468ms, C: false, I: false, N: 1
08-17 23:45:36.515  2062  2062 I Finsky  : [2] sdg.a(59): SCH: ConstraintMapping: 26-1414141414, 29-29,  -> L: 29012ms, D: 59012ms, C: false, I: false, N: 0
08-17 23:45:36.536  2062  2062 I Finsky  : [2] sfy.a(37): Cancelling existing jobscheduler jobs: 
08-17 23:45:36.537  2062  2062 I Finsky  : [2] sfy.a(30): Scheduling job Id: 9000, L: 0, D: 81967587, C: false, I: true, N: 0
08-17 23:45:36.539  2062  2062 I Finsky  : [2] sfy.a(30): Scheduling job Id: 9001, L: 50541, D: 61335468, C: false, I: false, N: 1
08-17 23:45:36.549  2062  2062 I Finsky  : [2] sfy.a(30): Scheduling job Id: 9002, L: 29012, D: 59012, C: false, I: false, N: 0
08-17 23:45:36.590  2168  2168 D         : screenInchesInt:6
08-17 23:45:36.591  2168  2168 D         : product::unknow
08-17 23:45:36.625  2168  2168 W System.err: log4j:WARN No appenders could be found for logger (com.elclcd.multifunctionclock.PowerOnOff.PowerOnOffService).
08-17 23:45:36.626  2168  2168 W System.err: log4j:WARN Please initialize the log4j system properly.
08-17 23:45:36.662   291  2202 I chatty  : uid=1027(nfc) /vendor/bin/hw/android.hardware.nfc@1.1-service expire 22 lines
08-17 23:45:36.682   291   307 I chatty  : uid=1027(nfc) /vendor/bin/hw/android.hardware.nfc@1.1-service expire 216 lines
08-17 23:45:36.692   291   291 I chatty  : uid=1027(nfc) /vendor/bin/hw/android.hardware.nfc@1.1-service expire 15 lines
08-17 23:45:36.697  2147  2196 I chatty  : uid=1027(nfc) com.android.nfc expire 1 line
08-17 23:45:36.698  2147  2195 I chatty  : uid=1027(nfc) com.android.nfc expire 10 lines
08-17 23:45:36.701  2147  2147 I chatty  : uid=1027(nfc) com.android.nfc expire 1 line
08-17 23:45:36.701   275   275 I suspend@1.0-ser: type=1400 audit(0.0:204): avc: denied { transfer } for scontext=u:r:system_suspend:s0 tcontext=u:r:nfc:s0 tclass=binder permissive=1
08-17 23:45:36.736   291   307 I chatty  : uid=1027(nfc) /vendor/bin/hw/android.hardware.nfc@1.1-service expire 173 lines
08-17 23:45:36.736   291  2202 I chatty  : uid=1027(nfc) /vendor/bin/hw/android.hardware.nfc@1.1-service expire 18 lines
08-17 23:45:36.742  2168  2168 V AlarmClock: AlarmInitReceiverandroid.intent.action.BOOT_COMPLETED
08-17 23:45:36.747   291   291 I chatty  : uid=1027(nfc) /vendor/bin/hw/android.hardware.nfc@1.1-service expire 18 lines
08-17 23:45:36.771  2147  2196 I chatty  : uid=1027(nfc) com.android.nfc expire 1 line
08-17 23:45:36.771  2147  2195 I chatty  : uid=1027(nfc) com.android.nfc expire 112 lines
08-17 23:45:36.784   291   307 I chatty  : uid=1027(nfc) /vendor/bin/hw/android.hardware.nfc@1.1-service expire 143 lines
08-17 23:45:36.785   291   291 I chatty  : uid=1027(nfc) /vendor/bin/hw/android.hardware.nfc@1.1-service expire 28 lines
08-17 23:45:36.788   291  2202 I chatty  : uid=1027(nfc) /vendor/bin/hw/android.hardware.nfc@1.1-service expire 39 lines
08-17 23:45:36.809   291   307 I chatty  : uid=1027(nfc) /vendor/bin/hw/android.hardware.nfc@1.1-service expire 114 lines
08-17 23:45:36.811  2147  2195 I chatty  : uid=1027(nfc) com.android.nfc expire 111 lines
08-17 23:45:36.813   291   291 I chatty  : uid=1027(nfc) /vendor/bin/hw/android.hardware.nfc@1.1-service expire 24 lines
08-17 23:45:36.853  2168  2205 I AlarmClock: next alarm is null
08-17 23:45:36.867  2168  2205 W ContextImpl: Calling a method in the system process without a qualified user: android.app.ContextImpl.sendBroadcast:1045 android.content.ContextWrapper.sendBroadcast:448 android.content.ContextWrapper.sendBroadcast:448 com.elclcd.alarmclock.core.Alarms.setStatusBarIcon:12 com.elclcd.alarmclock.core.Alarms.a:25 
08-17 23:45:36.868   465  1917 E ActivityManager: Sending non-protected broadcast android.intent.action.ALARM_CHANGED from system 2168:com.elclcd.multifunctionclock/1000 pkg com.elclcd.multifunctionclock
08-17 23:45:36.868   465  1917 E ActivityManager: java.lang.Throwable
08-17 23:45:36.868   465  1917 E ActivityManager: 	at com.android.server.am.ActivityManagerService.checkBroadcastFromSystem(ActivityManagerService.java:14918)
08-17 23:45:36.868   465  1917 E ActivityManager: 	at com.android.server.am.ActivityManagerService.broadcastIntentLocked(ActivityManagerService.java:15564)
08-17 23:45:36.868   465  1917 E ActivityManager: 	at com.android.server.am.ActivityManagerService.broadcastIntentLocked(ActivityManagerService.java:14935)
08-17 23:45:36.868   465  1917 E ActivityManager: 	at com.android.server.am.ActivityManagerService.broadcastIntent(ActivityManagerService.java:15706)
