08-15 22:13:43.849  2424  2424 I id.gms.unstabl: The ClassLoaderContext is a special shared library.
08-15 22:13:43.854  1483  2433 I TelephonySpam: TelephonySpamInit - On boot completed TelephonySpam module initialized
08-15 22:13:43.854  1483  2433 I TelephonySpam: TelephonySpamInit - onModuleUpdated TelephonySpam module initialized
08-15 22:13:43.855  1483  2433 I TelephonySpam: SpamListSync - scheduleSyncTasks
08-15 22:13:43.855  1483  2433 I TelephonySpam: SpamListSync - schedulePeriodicTask
08-15 22:13:43.867  1153  1153 W ChimeraUtils: Non Chimera context
08-15 22:13:43.867  1153  1153 W ChimeraUtils: Non Chimera context
08-15 22:13:43.873  1483  2180 W MDM     : [175] agbi.c: Q+ devices does not need device admin.
08-15 22:13:43.908  1153  1153 W ChimeraUtils: Non Chimera context
08-15 22:13:43.909  1153  1153 W ChimeraUtils: Non Chimera context
08-15 22:13:43.936  2424  2424 W DynamiteModule: Local module descriptor class for providerinstaller not found.
08-15 22:13:43.937  1483  2433 I TelephonySpam: SpamListSync - scheduleOneTimeTask
08-15 22:13:43.956  2424  2424 W ProviderHelper: Unknown dynamite feature providerinstaller
08-15 22:13:43.983  2424  2424 I DynamiteModule: Considering local module providerinstaller:0 and remote module providerinstaller:0
08-15 22:13:43.983  2424  2424 W ProviderInstaller: Failed to load providerinstaller module: No acceptable module found. Local version is 0 and remote version is 0.
08-15 22:13:43.994  2424  2424 V NativeCrypto: Registering com/google/android/gms/org/conscrypt/NativeCrypto's 284 native methods...
08-15 22:13:44.018  2424  2424 D NetworkSecurityConfig: Using Network Security Config from resource network_security_config debugBuild: false
08-15 22:13:44.020  2424  2424 I ProviderInstaller: Installed default security provider GmsCore_OpenSSL
08-15 22:13:44.021  1356  2323 E Finsky  : [90] pzt.a(13): Failed to registerSync with Phenotype for experiment package com.google.android.finsky.regular.
08-15 22:13:44.035  1356  1356 E Finsky  : [2] kxp.a(5): Failed to preload experiments flags: java.util.concurrent.ExecutionException: com.google.android.libraries.phenotype.client.api.PhenotypeException: 29504: 29504: Network error
08-15 22:13:44.051  1356  1356 I Finsky  : [2] ibl.a(20): Empty account name, not fetching device config token.
08-15 22:13:44.051  1483  2310 I UdcContextInitChimeraSe: Scheduling context registration change job.
08-15 22:13:44.052  1483  1725 W native  : model-utils.cc:23 No CRC32, most likely an old model; skip CRC32 check
08-15 22:13:44.062  1356  1356 I Finsky  : [2] srp.a(1): Request device config token was successful in self update.
08-15 22:13:44.089  1483  2308 I SubscribedFeeds: Collected 14 certs in 186ms
08-15 22:13:44.102  1483  1725 I native  : permission-checker.cc:74 Creating PermissionChecker based on ACL with config_version 1 having 14 permissions defined.
08-15 22:13:44.129  1483  1725 W native  : words-map.cc:29 generic::invalid_argument: Empty URI
08-15 22:13:44.129  1483  1725 W native  : words-map.cc:33 WordsMap was not properly initialized
08-15 22:13:44.133  2424  2424 W Primes  : Primes not initialized, returning default (no-op) Primes instance which will ignore all calls. Please call Primes.initialize(...) before using any Primes API.
08-15 22:13:44.147  1483  1501 I gle.android.gm: Background concurrent copying GC freed 28078(2136KB) AllocSpace objects, 22(432KB) LOS objects, 49% free, 5851KB/11MB, paused 4.646ms total 223.440ms
08-15 22:13:44.218  1153  2228 E WorkSourceUtil: Could not find package: com.google.android.gms.stats.eastworld
08-15 22:13:44.222  1483  2310 I Wear_Controller: Wear requires a companion app to be installed.
08-15 22:13:44.222  1483  2310 I Wear_Controller: onStartup - Wear is not available on this device.
08-15 22:13:44.235  1153  2234 I annm    : updateFromConfigurations using legacy put method [CONTEXT service_id=204 ]
08-15 22:13:44.254  1153  1153 I Wear_Controller: Wear requires a companion app to be installed.
08-15 22:13:44.254  1153  1153 I WearableService: onCreate: Wearable Services not starting. Wear is not available on this device.
08-15 22:13:44.259  1356  2044 E Finsky  : [72] ghj.a(1): Unexpected android-id = 0
08-15 22:13:44.285  1153  1916 W WearableService: onGetService: Wear is not available on this device.
08-15 22:13:44.291  1483  2458 E MDM     : [244] agbi.a: Couldn't connect to Google API client: ConnectionResult{statusCode=API_UNAVAILABLE, resolution=null, message=null}
08-15 22:13:44.297  1153  1520 I anif    : No Heterodyne serving version in database [CONTEXT service_id=51 ]
08-15 22:13:44.327  1153  2457 I NearbyDiscovery: Show notifications: 0 total, no changes since last shown, no-op. [CONTEXT service_id=49 ]
08-15 22:13:44.330   341   890 D NuPlayerDriver: NuPlayerDriver(0xf574a680) created, clientPid(615)
08-15 22:13:44.335   341   890 I Codec2Client: Creating a Codec2 client to service "software"
08-15 22:13:44.340   341   890 I Codec2Client: Client to Codec2 service "software" created
08-15 22:13:44.345   615   615 D InterruptionStateProvider: No heads up: unimportant notification: 0|com.android.vending|951340667|null|10095
08-15 22:13:44.347   341  2492 D GenericSource: FileSource remote
08-15 22:13:44.350  1153  2364 I NearbyDiscovery: FastPairSlice: Slices disabled. [CONTEXT service_id=49 ]
08-15 22:13:44.376   456  1265 I chatty  : uid=1000(system) Binder:456_E expire 8 lines
08-15 22:13:44.379  1356  1823 I Finsky  : [45] pcy.a(2): Showing notification: [ID=play protect default on, Tag=null, Title=Google Play Protect is turned on, Message=This feature protects your device from harmful apps, returnCode=-1, uiElementType=926]
08-15 22:13:44.380  1356  1823 I Finsky  : [45] xzl.f(5): Done restoring notifications
08-15 22:13:44.482  1483  1725 I Icing   : updateResources: need to parse abzq{com.google.android.gms}
08-15 22:13:44.554   456   469 I chatty  : uid=1000(system) HeapTaskDaemon expire 3 lines
08-15 22:13:44.572  2424  2424 I Binder:2424_2: type=1400 audit(0.0:152): avc: denied { open } for path="/sys/devices/platform/fe300000.ethernet/net/eth0/address" dev="sysfs" ino=18312 scontext=u:r:priv_app:s0:c512,c768 tcontext=u:object_r:sysfs:s0 tclass=file permissive=1 app=com.google.android.gms
08-15 22:13:44.572  2424  2424 I Binder:2424_2: type=1400 audit(0.0:153): avc: denied { getattr } for path="/sys/devices/platform/fe300000.ethernet/net/eth0/address" dev="sysfs" ino=18312 scontext=u:r:priv_app:s0:c512,c768 tcontext=u:object_r:sysfs:s0 tclass=file permissive=1 app=com.google.android.gms
08-15 22:13:44.588  1153  1153 W Nearby  : Bind call too late - someone already tried to get: interface btzb [CONTEXT service_id=49 ]
08-15 22:13:44.631  2424  2448 I mali_so : [File] : hardware/rockchip/mali_so/driver/product/base/src/mali_base_kbase.c; [Line] : 876; [Func] : base_context_deal_with_version_affairs_rk_ext;
08-15 22:13:44.631  2424  2448 I mali_so : arm_release_ver of this mali_so is 'r18p0-01rel0', rk_so_ver is '17@0'.
08-15 22:13:44.631  2424  2448 D mali_so : [File] : hardware/rockchip/mali_so/driver/product/base/src/mali_base_kbase.c; [Line] : 881; [Func] : base_context_deal_with_version_affairs_rk_ext;
08-15 22:13:44.631  2424  2448 D mali_so : current process is NOT sf, to bail out.
08-15 22:13:44.642   158   158 I hwservicemanager: getTransport: Cannot find entry android.hardware.configstore@1.0::ISurfaceFlingerConfigs/default in either framework or device manifest.
08-15 22:13:44.658  2424  2448 D         : set stream to NULL
08-15 22:13:44.672  2424  2448 I chatty  : uid=10082(com.google.android.gms) Binder:2424_2 identical 3 lines
08-15 22:13:44.681  2424  2448 D         : set stream to NULL
08-15 22:13:44.681   456   477 I DropBoxManagerService: add tag=system_server_strictmode isTagEnabled=true flags=0x2
08-15 22:13:44.687   456   477 I DropBoxManagerService: add tag=system_server_strictmode isTagEnabled=true flags=0x2
08-15 22:13:44.735  1483  1654 I CheckinUtil: Classify the device as Tablet.
08-15 22:13:44.736  1153  2234 I annm    : updateFromConfigurations using legacy put method [CONTEXT service_id=204 ]
08-15 22:13:44.740  1153  1177 W .gms.persisten: Long monitor contention with owner GoogleApiHandler (1463) at boolean android.os.BinderProxy.transactNative(int, android.os.Parcel, android.os.Parcel, int)(BinderProxy.java:-2) waiters=0 in java.lang.Object bdpy.c() for 202ms
08-15 22:13:44.802  1483  2308 E WorkSourceUtil: Could not find package: com.google.android.gms.westworld
08-15 22:13:44.811  1483  2308 E WorkSourceUtil: Could not find package: com.google.android.gms.westworld
08-15 22:13:44.820  1153  1153 I BeaconBle: Using BLE 'L' hardware layer
08-15 22:13:44.868   456  1207 E TaskPersister: File error accessing recents directory (directory doesn't exist?).
08-15 22:13:44.878  1483  1654 I CheckinConnFactory: Get token from PseudonymousIdApi: null
08-15 22:13:44.879   341  2490 I GenericSource: start
08-15 22:13:44.886   615   615 V MediaRouter: Selecting route: RouteInfo{ name=Tablet, description=null, status=null, category=RouteCategory{ name=System types=ROUTE_TYPE_LIVE_AUDIO ROUTE_TYPE_LIVE_VIDEO  groupable=false }, supportedTypes=ROUTE_TYPE_LIVE_AUDIO ROUTE_TYPE_LIVE_VIDEO , presentationDisplay=null }
08-15 22:13:44.889   341  2533 D CCodec  : allocate(c2.android.vorbis.decoder)
08-15 22:13:44.890   349   416 V C2Store : in init
08-15 22:13:44.890   349   416 V C2Store : loading dll
08-15 22:13:44.901   341  2533 I CCodec  : Created component [c2.android.vorbis.decoder]
08-15 22:13:44.902   341  2533 D CCodecConfig: read media type: audio/vorbis
08-15 22:13:44.906   341  2533 D ReflectedParamUpdater: extent() != 1 for single value type: algo.buffers.max-count.values
08-15 22:13:44.907   341  2533 D ReflectedParamUpdater: extent() != 1 for single value type: output.subscribed-indices.values
08-15 22:13:44.907   341  2533 D ReflectedParamUpdater: extent() != 1 for single value type: input.buffers.allocator-ids.values
08-15 22:13:44.908   341  2533 D ReflectedParamUpdater: extent() != 1 for single value type: output.buffers.allocator-ids.values
08-15 22:13:44.908   341  2533 D ReflectedParamUpdater: extent() != 1 for single value type: algo.buffers.allocator-ids.values
08-15 22:13:44.908   341  2533 D ReflectedParamUpdater: extent() != 1 for single value type: output.buffers.pool-ids.values
08-15 22:13:44.908   341  2533 D ReflectedParamUpdater: extent() != 1 for single value type: algo.buffers.pool-ids.values
08-15 22:13:44.911   341  2533 I CCodecConfig: query failed after returning 7 values (BAD_INDEX)
08-15 22:13:44.911   341  2533 D CCodecConfig: c2 config diff is Dict {
08-15 22:13:44.911   341  2533 D CCodecConfig:   c2::u32 coded.bitrate.value = 64000
08-15 22:13:44.911   341  2533 D CCodecConfig:   c2::u32 input.buffers.max-size.value = 32768
08-15 22:13:44.911   341  2533 D CCodecConfig:   c2::u32 input.delay.value = 0
08-15 22:13:44.911   341  2533 D CCodecConfig:   string input.media-type.value = "audio/vorbis"
08-15 22:13:44.911   341  2533 D CCodecConfig:   string output.media-type.value = "audio/raw"
08-15 22:13:44.911   341  2533 D CCodecConfig:   c2::u32 raw.channel-count.value = 1
08-15 22:13:44.911   341  2533 D CCodecConfig:   c2::u32 raw.sample-rate.value = 48000
08-15 22:13:44.911   341  2533 D CCodecConfig: }
08-15 22:13:44.917   341  2533 D CCodecConfig: no c2 equivalents for durationUs
08-15 22:13:44.917   341  2533 D CCodecConfig: no c2 equivalents for csd-1
08-15 22:13:44.917   341  2533 D CCodecConfig: no c2 equivalents for channel-mask
08-15 22:13:44.918   341  2533 W Codec2Client: query -- param skipped: index = 1107298332.
08-15 22:13:44.918   341  2533 D CCodec  : setup formats input: AMessage(what = 0x00000000) = {
08-15 22:13:44.918   341  2533 D CCodec  :   int32_t channel-count = 1
08-15 22:13:44.918   341  2533 D CCodec  :   int32_t max-input-size = 32768
08-15 22:13:44.918   341  2533 D CCodec  :   string mime = "audio/vorbis"
08-15 22:13:44.918   341  2533 D CCodec  :   int32_t sample-rate = 48000
08-15 22:13:44.918   341  2533 D CCodec  : } and output: AMessage(what = 0x00000000) = {
08-15 22:13:44.918   341  2533 D CCodec  :   int32_t channel-count = 1
08-15 22:13:44.918   341  2533 D CCodec  :   string mime = "audio/raw"
08-15 22:13:44.918   341  2533 D CCodec  :   int32_t sample-rate = 48000
08-15 22:13:44.918   341  2533 D CCodec  :   int32_t channel-mask = 1
08-15 22:13:44.918   341  2533 D CCodec  : }
08-15 22:13:44.918   341  2533 I MediaCodec: MediaCodec will operate in async mode
08-15 22:13:44.919   341  2533 W Codec2Client: query -- param skipped: index = 1342179345.
08-15 22:13:44.919   341  2533 W Codec2Client: query -- param skipped: index = 2415921170.
08-15 22:13:44.922   341  2533 D CCodecBufferChannel: [c2.android.vorbis.decoder#452] Created input block pool with allocatorID 16 => poolID 17 - OK (0)
08-15 22:13:44.925   341  2533 I CCodecBufferChannel: [c2.android.vorbis.decoder#452] Created output block pool with allocatorID 16 => poolID 29 - OK
08-15 22:13:44.925   341  2533 D CCodecBufferChannel: [c2.android.vorbis.decoder#452] Configured output block pool ids 29 => OK
08-15 22:13:44.926   341  2533 E ion     : ioctl c0044901 failed with code -1: Not a typewriter
08-15 22:13:44.927   349  2536 D SimpleC2Component: Using output block pool with poolID 29 => got 29 - 0
08-15 22:13:44.931  1153  2457 I NearbyDiscovery: Show notifications: 0 total, no changes since last shown, no-op. [CONTEXT service_id=49 ]
08-15 22:13:44.949   296   296 D AudioFlinger: Client defaulted notificationFrames to 12254 for frameCount 24508
08-15 22:13:44.951  1483  1608 I Icing   : IndexChimeraService.getServiceInterface callingPackage=com.google.android.gms componentName=AppsCorpus serviceId=36
08-15 22:13:44.952   296   296 D AF::TrackHandle: OpPlayAudio: track:55 usage:5 not muted
08-15 22:13:44.969  1483  2541 I Icing   : IndexChimeraService.getServiceInterface callingPackage=com.google.android.gms componentName=AppsCorpus serviceId=32
08-15 22:13:44.973  1483  1725 I Icing   : Internal init done: storage state 0
08-15 22:13:45.057  1483  1725 I Icing   : Post-init done
08-15 22:13:45.074  1483  1654 I CheckinRequestProcessor: cookie is null
08-15 22:13:45.077  1483  1654 E CheckinRequestProcessor: CheckinNowTaskTag : Checkin failed: https://android.googleapis.com/checkin (fragment #0): java.net.UnknownHostException: Unable to resolve host "android.googleapis.com": No address associated with hostname
08-15 22:13:45.080   456   484 W BroadcastQueue: Permission Denial: broadcasting Intent { act=com.google.android.checkin.CHECKIN_COMPLETE flg=0x1000010 (has extras) } from com.google.android.gms (pid=1483, uid=10082) is not exported from uid 10095 due to receiver com.android.vending/com.google.android.finsky.checkin.CheckinReceiver
08-15 22:13:45.081  1483  1725 W Icing   : No valid account for uploading user actions: acvr: Not signed in
08-15 22:13:45.090  1483  1654 I Checkin : [CheckinChimeraService] Checkin result code: 0 will be retried.
08-15 22:13:45.155  1356  1356 W Finsky  : [2] kxr.a(25): Self-update check failed with error: com.android.volley.NoConnectionError: java.net.UnknownHostException: Unable to resolve host "android.clients.google.com": No address associated with hostname
08-15 22:13:45.193   272  2549 D AudioHardwareTiny: start_output_stream:871 out = 0xf0eb1000,device = 0x2,outputs[OUTPUT_HDMI_MULTI] = 0x0
08-15 22:13:45.193   272  2549 D AudioHardwareTiny: card0 id:rockchipes8316c
08-15 22:13:45.194   272  2549 D AudioHardwareTiny: SPEAKER card, got card=0,device=0
08-15 22:13:45.194   272  2549 D AudioHardwareTiny: No exist proc/asound/card1/id, break and finish parsing
08-15 22:13:45.194   272  2549 D AudioHardwareTiny: dump out device info
08-15 22:13:45.194   272  2549 D AudioHardwareTiny: dev_info SPEAKER  card=0, device:0
08-15 22:13:45.194   272  2549 D AudioHardwareTiny: out->Device     : 0x2
08-15 22:13:45.194   272  2549 D AudioHardwareTiny: out->SampleRate : 44100
08-15 22:13:45.194   272  2549 D AudioHardwareTiny: out->Channels   : 2
08-15 22:13:45.194   272  2549 D AudioHardwareTiny: out->Formate    : 0
08-15 22:13:45.194   272  2549 D AudioHardwareTiny: out->PreiodSize : 512
08-15 22:13:45.194   272  2549 D alsa_route: Get route table for sound card0 rockchipes8316c
08-15 22:13:45.194   272  2549 D alsa_route: route_info->sound_card 0, route_info->devices 0  
08-15 22:13:45.194   272  2549 E alsa_mixer: mixer_open() get tlv for control Headphone Playback Volume fail
08-15 22:13:45.194   272  2549 D alsa_route: route_set_controls() set route 0
08-15 22:13:45.199   272  2549 D AudioHardwareTiny: start_output_stream:965, out = 0xf0eb1000
08-15 22:13:45.220  1483  1725 I Icing   : Usage reports ok 1, Failed Usage reports 0, indexed 0, rejected 0
08-15 22:13:45.233  1483  1725 W Icing   : No valid account for uploading user actions: acvr: Not signed in
08-15 22:13:45.257  1483  1725 I Icing   : Usage reports ok 0, Failed Usage reports 0, indexed 0, rejected 0
08-15 22:13:45.270  1483  1725 W Icing   : No valid account for uploading user actions: acvr: Not signed in
08-15 22:13:45.283  1483  1725 I Icing   : Usage reports ok 0, Failed Usage reports 0, indexed 0, rejected 0
08-15 22:13:45.386   456  1265 I ActivityManager: Killing 1179:com.android.deskclock/u0a100 (adj 985): empty #17
08-15 22:13:45.404   456   884 I ActivityTaskManager: START u0 {act=android.intent.action.MAIN cmp=com.android.settings/.SubSettings (has extras)} from uid 1000
08-15 22:13:45.436  1483  1654 I Icing   : Query from package: com.google.android.gms, component: AppsCorpus, restrict package: com.google.android.gms, start: 0, num: 100 maxNumSlices: 2147483647
08-15 22:13:45.455   456  1247 E UserRestrictionsUtils: Unknown restriction queried by uid 1000 (com.android.providers.settings et al): null
08-15 22:13:45.459   456  1247 E UserRestrictionsUtils: Unknown restriction queried by uid 1000 (com.android.providers.settings et al): null
08-15 22:13:45.471  1483  2518 W ProximityAuth: [FeatureUtils] Accounts list is empty
08-15 22:13:45.540   863   936 I chatty  : uid=1000(system) RenderThread expire 13 lines
08-15 22:13:45.621  1483  2518 W ProximityAuth: [FeatureUtils] Accounts list is empty
08-15 22:13:45.631   267   267 I Zygote  : Process 1179 exited due to signal 9 (Killed)
08-15 22:13:45.790   456   484 I ActivityManager: Waited long enough for: ServiceRecord{351d5ea u0 android.rockchip.update.service/.RKUpdateService}
08-15 22:13:46.047   183   490 E BufferQueueProducer: [com.android.settings/com.android.settings.SubSettings#0] disconnect: not connected (req=1)
08-15 22:13:46.321  1611  1710 I MediaProvider: End Intent { act=android.intent.action.MEDIA_MOUNTED dat=file:///storage/emulated/0 flg=0x5000010 cmp=com.android.providers.media/.MediaService (has extras) }
08-15 22:13:46.378  1356  1356 I Finsky  : [2] sgl.a(16): SCH: jobFinished: 1-1337. TimeElapsed: 7516ms.
08-15 22:13:46.382  1356  2555 I Finsky  : [101] glt.a(49): [Cache and Sync] mode not available for any accounts.
08-15 22:13:46.393  1356  1356 I Finsky  : [2] sfb.a(40): SCH: Job 1-1337 finished. Rescheduling.
08-15 22:13:46.395  1356  1356 I Finsky  : [2] sfa.handleMessage(65): SCH: RunningQueue size: 0, PendingQueue size: 0
08-15 22:13:46.395  1356  1356 I Finsky  : [2] sfa.handleMessage(73): Waiting on changed job store
08-15 22:13:46.407  1356  2555 D Volley  : [101] yuv.b: Cache cleared.
08-15 22:13:46.492  1356  2052 E FA      : GoogleService failed to initialize, status: 10, Missing google app id value from from string resources with name google_app_id.
08-15 22:13:46.566  1483  2540 I Icing   : Indexing com.google.android.gms-apps from com.google.android.gms
08-15 22:13:46.598   341  2533 D CCodecBufferChannel: [c2.android.vorbis.decoder#452] buffers after EOS ignored (0 us)
08-15 22:13:46.601  1356  2052 I FA      : App measurement is starting up, version: 18203
08-15 22:13:46.601  1356  2052 I FA      : To enable debug logging run: adb shell setprop log.tag.FA VERBOSE
08-15 22:13:46.601  1356  2052 I FA      : To enable faster debug mode event logging run:
08-15 22:13:46.601  1356  2052 I FA      :   adb shell setprop debug.firebase.analytics.app com.android.vending
08-15 22:13:46.607   341  2531 D AudioTrack: stop(9): called with 82980 frames delivered
08-15 22:13:46.648  1356  2052 E FA      : Missing google_app_id. Firebase Analytics disabled. See https://goo.gl/NAOOOI
08-15 22:13:46.687   456   484 W BroadcastQueue: Background execution not allowed: receiving Intent { act=android.intent.action.DROPBOX_ENTRY_ADDED flg=0x10 (has extras) } to com.google.android.gms/.stats.service.DropBoxEntryAddedReceiver
08-15 22:13:46.687   456   484 W BroadcastQueue: Background execution not allowed: receiving Intent { act=android.intent.action.DROPBOX_ENTRY_ADDED flg=0x10 (has extras) } to com.google.android.gms/.chimera.GmsIntentOperationService$PersistentTrustedReceiver
08-15 22:13:46.713  1356  2052 E FA      : Uploading is not possible. App measurement disabled
08-15 22:13:47.046  1483  2540 I Icing   : Indexing done com.google.android.gms-apps
08-15 22:13:47.110   341   415 D NuPlayerDriver: stop(0xf574a680)
08-15 22:13:47.110   615  2563 V MediaPlayer: resetDrmState:  mDrmInfo=null mDrmProvisioningThread=null mPrepareDrmInProgress=false mActiveDrmScheme=false
08-15 22:13:47.110   615  2563 V MediaPlayer: cleanDrmObj: mDrmObj=null mDrmSessionId=null
08-15 22:13:47.111   341   415 D NuPlayerDriver: reset(0xf574a680) at state 8
08-15 22:13:47.111   615  2488 W MediaPlayer: mediaplayer went away with unhandled events
08-15 22:13:47.115   349   416 V C2Store : in ~ComponentModule
08-15 22:13:47.115   349   416 V C2Store : unloading dll
08-15 22:13:47.116   341  2490 D NuPlayerDriver: notifyResetComplete(0xf574a680)
08-15 22:13:47.117   341   415 W AMessage: failed to post message as target looper for handler 0 is gone.
08-15 22:13:47.264   456   473 I chatty  : uid=1000(system) Binder:456_1 expire 10 lines
08-15 22:13:47.266   615   893 I vol.Events: writeEvent active_stream_changed STREAM_MUSIC
08-15 22:13:47.268   615   893 I vol.Events: writeEvent key STREAM_MUSIC 11
08-15 22:13:47.309   615   615 I vol.Events: writeEvent show_dialog volume_changed keyguard=false
08-15 22:13:47.323   615   975 D mali_winsys: EGLint new_window_surface(egl_winsys_display *, void *, EGLSurface, EGLConfig, egl_winsys_surface **, egl_color_buffer_format *, EGLBoolean) returns 0x3000
08-15 22:13:47.353   456   479 I chatty  : uid=1000(system) android.anim expire 2 lines
08-15 22:13:47.362   183   979 E BufferQueueProducer: [VolumeDialogImpl#0] disconnect: not connected (req=1)
08-15 22:13:47.362   615   975 W libEGL  : EGLNativeWindowType 0x7a9f5f3b50 disconnect failed
08-15 22:13:47.363   615   975 D mali_winsys: EGLint new_window_surface(egl_winsys_display *, void *, EGLSurface, EGLConfig, egl_winsys_surface **, egl_color_buffer_format *, EGLBoolean) returns 0x3000
08-15 22:13:47.397   615   975 D         : set stream to NULL
08-15 22:13:47.434   615   975 I chatty  : uid=10096(com.android.systemui) RenderThread identical 15 lines
08-15 22:13:47.437   615   975 D         : set stream to NULL
08-15 22:13:47.439  1356  1356 I Finsky  : [2] syf.run(5): Detected restoreservicev2://recovery not needed, will not run
08-15 22:13:47.468   615   615 I vol.Events: writeEvent show_dialog volume_changed keyguard=false
08-15 22:13:47.560   995  1401 W LatinMetricsProcessor: The new entry is equal to the old entry
08-15 22:13:47.641   615   615 I vol.Events: writeEvent show_dialog volume_changed keyguard=false
08-15 22:13:47.778   456   558 I chatty  : uid=1000(system) InputDispatcher expire 10 lines
08-15 22:13:47.790   615   893 I vol.Events: writeEvent level_changed STREAM_MUSIC 10
08-15 22:13:47.824   615   615 I vol.Events: writeEvent show_dialog volume_changed keyguard=false
08-15 22:13:47.947   615   893 I vol.Events: writeEvent level_changed STREAM_MUSIC 9
08-15 22:13:47.974   615   615 I vol.Events: writeEvent show_dialog volume_changed keyguard=false
08-15 22:13:48.296   456   456 V SettingsProvider: Notifying for 0: content://settings/system/volume_music_speaker
08-15 22:13:48.534   615   975 D         : set stream to NULL
08-15 22:13:48.549   615   975 D         : set stream to NULL
08-15 22:13:48.588   615   615 I vol.Events: writeEvent ringer_toggle 
08-15 22:13:48.590   456   456 V SettingsProvider: Notifying for 0: content://settings/secure/manual_ringer_toggle_count
08-15 22:13:48.599   456   456 V SettingsProvider: Notifying for 0: content://settings/global/zen_mode_ringer_level
08-15 22:13:48.600   615   893 I vol.Events: writeEvent internal_ringer_mode_changed silent
08-15 22:13:48.601   615   893 I vol.Events: writeEvent mute_changed STREAM_RING true
08-15 22:13:48.602   615   893 I vol.Events: writeEvent mute_changed STREAM_SYSTEM true
08-15 22:13:48.603   615   893 I vol.Events: writeEvent external_ringer_mode_changed silent
08-15 22:13:48.697   615   975 D mali_winsys: EGLint new_window_surface(egl_winsys_display *, void *, EGLSurface, EGLConfig, egl_winsys_surface **, egl_color_buffer_format *, EGLBoolean) returns 0x3000
08-15 22:13:49.020   456  1207 E TaskPersister: File error accessing recents directory (directory doesn't exist?).
08-15 22:13:49.098   456   456 V SettingsProvider: Notifying for 0: content://settings/global/mode_ringer
08-15 22:13:49.239   615   615 I vol.Events: writeEvent icon_click STREAM_MUSIC unmute
08-15 22:13:49.259   615   893 I vol.Events: writeEvent level_changed STREAM_MUSIC 0
08-15 22:13:49.259   615   893 I vol.Events: writeEvent mute_changed STREAM_MUSIC true
08-15 22:13:49.506  1356  2573 I Finsky  : [106] ahra.a(2): registerListener
08-15 22:13:49.512  1356  2573 I Finsky  : [106] jaz.a(2): getDownloads(-)
08-15 22:13:49.522  1356  2573 I Finsky  : [106] ecs.run(7): Initialized AssetModuleDownloader.
08-15 22:13:49.523  1356  2574 I Finsky  : [107] ahrf.a(7): Initiate binding to the service.
08-15 22:13:49.543   268   268 D Zygote  : Forked child process 2575
08-15 22:13:49.548  2575  2575 I Zygote  : seccomp disabled by setenforce 0
08-15 22:13:49.549   456   485 I ActivityManager: Start proc 2575:com.android.vending:download_service/u0a95 for service {com.android.vending/com.google.android.finsky.downloadservice.DownloadService}
08-15 22:13:49.591  2575  2575 D ApplicationLoaders: Returning zygote-cached class loader: /system/framework/android.hidl.base-V1.0-java.jar
08-15 22:13:49.591  2575  2575 D ApplicationLoaders: Returning zygote-cached class loader: /system/framework/android.hidl.manager-V1.0-java.jar
08-15 22:13:49.592  2575  2575 D ApplicationLoaders: Returning zygote-cached class loader: /system/framework/android.hidl.base-V1.0-java.jar
08-15 22:13:49.595  2575  2575 I ownload_servic: The ClassLoaderContext is a special shared library.
08-15 22:13:49.629  2575  2575 I Finsky:download_service: [2] dua.aH(9): Process created at version: 16.9.10-all [0] [PR] 272056531
08-15 22:13:49.661   456   473 D ConnectivityService: requestNetwork for uid/pid:10095/2575 NetworkRequest [ TRACK_DEFAULT id=16, [ Capabilities: INTERNET&NOT_RESTRICTED&TRUSTED Uid: 10095] ]
08-15 22:13:49.663   824   824 D PhoneSwitcherNetworkRequstListener: got request NetworkRequest [ TRACK_DEFAULT id=16, [ Capabilities: INTERNET&NOT_RESTRICTED&TRUSTED Uid: 10095] ] with score 0 and serial 0
08-15 22:13:49.663   456   597 I chatty  : uid=1000(system) EthernetService expire 1 line
08-15 22:13:49.671  1356  1356 I Finsky  : [2] ahrl.onServiceConnected(3): ServiceConnectionImpl.onServiceConnected(ComponentInfo{com.android.vending/com.google.android.finsky.downloadservice.DownloadService})
08-15 22:13:49.671   615   615 V KeyguardUpdateMonitor: onSubscriptionInfoChanged()
08-15 22:13:49.672  1356  2574 I Finsky  : [107] ahrj.a(6): linkToDeath
08-15 22:13:49.676  2575  2600 I Finsky:download_service: [38] itz.a(1): Trying to resume downloads.
08-15 22:13:49.681  2575  2595 I Finsky:download_service: [33] ivm.a(13): Starting getDownloads().
08-15 22:13:49.734  1356  2574 I Finsky  : [107] ahrg.a(3): Unbind from service.
08-15 22:13:49.739  1356  1570 I Finsky  : [37] jam.d(6): onGetDownloads()
08-15 22:13:49.757   456   473 I ActivityManager: Killing 1896:com.android.dynsystem/1000 (adj 985): empty #17
08-15 22:13:49.759   456   456 V SettingsProvider: Notifying for 0: content://settings/system/volume_music_speaker
08-15 22:13:49.783   267   267 I Zygote  : Process 1896 exited due to signal 9 (Killed)
08-15 22:13:50.126   615   615 I vol.Events: writeEvent dismiss_dialog touch_outside
08-15 22:13:50.129   615   893 I vol.Events: writeEvent active_stream_changed UNKNOWN_STREAM_-1
08-15 22:13:50.135   272   437 D AudioHardwareTiny: do_out_standby,out = 0xf0eb1000,device = 0x2
08-15 22:13:50.164   615   975 D         : set stream to NULL
08-15 22:13:50.193   615   975 D         : set stream to NULL
08-15 22:13:50.244   272   437 D alsa_route: route_set_controls() set route 24
08-15 22:13:50.252   272   437 D AudioHardwareTiny: close device
08-15 22:13:50.448   183   979 E BufferQueueProducer: [VolumeDialogImpl#0] disconnect: not connected (req=1)
08-15 22:13:50.449   615   975 W libEGL  : EGLNativeWindowType 0x7b2501cd50 disconnect failed
08-15 22:13:50.532   456  1247 I ActivityManager: Killing 1932:com.android.managedprovisioning/u0a48 (adj 985): empty #17
08-15 22:13:50.562   456   456 I RoleManagerService: Granting default permissions...
08-15 22:13:50.572   267   267 I Zygote  : Process 1932 exited due to signal 9 (Killed)
08-15 22:13:50.578   824   824 E PhoneInterfaceManager: [PhoneIntfMgr] getCarrierPackageNamesForIntent: No UICC
08-15 22:13:50.578   824   824 D CarrierSvcBindHelper: No carrier app for: 0
08-15 22:13:50.623   824   824 E PhoneInterfaceManager: [PhoneIntfMgr] getCarrierPackageNamesForIntent: No UICC
08-15 22:13:50.624   824   824 D CarrierSvcBindHelper: No carrier app for: 0
08-15 22:13:50.641   863  2605 I chatty  : uid=1000(system) com.android.settings expire 9 lines
08-15 22:13:50.648  1483  2525 W ProximityAuth: [FeatureUtils] Accounts list is empty
08-15 22:13:50.650   456   559 I chatty  : uid=1000(system) InputReader expire 4 lines
08-15 22:13:50.682   456   475 I ActivityManager: Killing 1995:com.android.traceur/u0a65 (adj 985): empty #17
08-15 22:13:50.693  1483  2525 W ProximityAuth: [FeatureUtils] Accounts list is empty
08-15 22:13:50.719   456   483 W VoiceInteractionManagerService: no available voice interaction services found for user 0
08-15 22:13:50.721   724  2604 W ExclusiveDefaultHolderMixin: Cannot get ApplicationInfo for default holder, config: config_defaultSms, package: com.android.messaging
08-15 22:13:50.723   267   267 I Zygote  : Process 1995 exited due to signal 9 (Killed)
08-15 22:13:50.723   456   456 I Telecom : DefaultDialerCache: Refreshing default dialer for user 0: now null: DDC.oR@AB8
08-15 22:13:50.753   456   456 I RoleManagerService: Granting default permissions...
08-15 22:13:50.760   183   207 E BufferQueueProducer: [Toast#0] disconnect: not connected (req=1)
08-15 22:13:50.761   615   975 W libEGL  : EGLNativeWindowType 0x7b25019290 disconnect failed
08-15 22:13:50.762  1483  1725 I Icing   : updateResources: need to parse abzq{com.google.android.gms}
08-15 22:13:50.778   724  2604 W ExclusiveDefaultHolderMixin: Cannot get ApplicationInfo for default holder, config: config_defaultSms, package: com.android.messaging
08-15 22:13:50.779   456   982 W NotificationService: Toast already killed. pkg=com.android.systemui callback=android.app.ITransientNotification$Stub$Proxy@fd471c1
08-15 22:13:50.784   456   483 W VoiceInteractionManagerService: no available voice interaction services found for user 0
08-15 22:13:50.799   456   456 I Telecom : DefaultDialerCache: Refreshing default dialer for user 0: now null: DDC.oR@ACA
08-15 22:13:50.809   456   456 V NotificationListeners: enabling notification listener for 0: ComponentInfo{com.android.launcher3/com.android.launcher3.notification.NotificationListener}
08-15 22:13:50.809   456   456 V NotificationListeners: Not registering ComponentInfo{com.android.launcher3/com.android.launcher3.notification.NotificationListener} is already bound
08-15 22:13:50.809   456   456 V NotificationListeners: enabling notification listener for 0: ComponentInfo{com.google.android.projection.gearhead/com.google.android.gearhead.notifications.SharedNotificationListenerManager$ListenerService}
08-15 22:13:50.809   456   456 V NotificationListeners: Not registering ComponentInfo{com.google.android.projection.gearhead/com.google.android.gearhead.notifications.SharedNotificationListenerManager$ListenerService} is already bound
08-15 22:13:50.841  1483  1688 I CastDatabase: Opening the database
08-15 22:13:50.895  1483  1688 I SQLiteCastStore: 0 CastNetworkInfo instances loaded, 0 CastDeviceInfo instances loaded, 0 paired guest mode devices loaded.
08-15 22:13:51.009   456   483 I RoleUserState: Wrote roles.xml successfully
08-15 22:13:51.027   456  1247 I ActivityManager: Killing 2057:com.elclcd.multifunctionclock/1000 (adj 985): empty #17
08-15 22:13:51.034  1239  1416 I chatty  : uid=1027(nfc) AsyncTask #1 expire 88 lines
08-15 22:13:51.035   271   271 I suspend@1.0-ser: type=1400 audit(0.0:155): avc: denied { transfer } for scontext=u:r:system_suspend:s0 tcontext=u:r:nfc:s0 tclass=binder permissive=1
08-15 22:13:51.035  1239  1424 I chatty  : uid=1027(nfc) com.android.nfc expire 107 lines
08-15 22:13:51.036   286   286 I chatty  : uid=1027(nfc) /vendor/bin/hw/android.hardware.nfc@1.1-service expire 90 lines
08-15 22:13:51.036   286   308 I chatty  : uid=1027(nfc) /vendor/bin/hw/android.hardware.nfc@1.1-service expire 4632 lines
08-15 22:13:51.057   286  1482 I chatty  : uid=1027(nfc) /vendor/bin/hw/android.hardware.nfc@1.1-service expire 16 lines
08-15 22:13:51.077   267   267 I Zygote  : Process 2057 exited due to signal 9 (Killed)
08-15 22:13:51.079   286  2619 I chatty  : uid=1027(nfc) /vendor/bin/hw/android.hardware.nfc@1.1-service expire 6 lines
08-15 22:13:51.094  1483  1483 I CastSocket: 29 >= 18. Adding new CastClientAuthKeyManager.
08-15 22:13:51.142  1483  1483 V MediaRouter: Selecting route: RouteInfo{ name=Tablet, description=null, status=null, category=RouteCategory{ name=System types=ROUTE_TYPE_LIVE_AUDIO ROUTE_TYPE_LIVE_VIDEO  groupable=false }, supportedTypes=ROUTE_TYPE_LIVE_AUDIO ROUTE_TYPE_LIVE_VIDEO , presentationDisplay=null }
08-15 22:13:51.146  1483  1483 I MediaRouter: Found default route: MediaRouter.RouteInfo{ uniqueId=android/anp:DEFAULT_ROUTE, name=Tablet, description=null, iconUri=null, enabled=true, connectionState=0, canDisconnect=false, playbackType=0, playbackStream=3, deviceType=0, volumeHandling=1, volume=0, volumeMax=15, presentationDisplayId=-1, extras=null, settingsIntent=null, providerPackageName=android }
08-15 22:13:51.146  1483  1483 I MediaRouter: Unselecting the current route because it is no longer selectable: null
08-15 22:13:51.154  1483  1483 W ChimeraUtils: Non Chimera context
08-15 22:13:51.162  1483  1483 I chatty  : uid=10082(com.google.android.gms) identical 2 lines
08-15 22:13:51.162  1483  1483 W ChimeraUtils: Non Chimera context
08-15 22:13:51.166  1483  1483 V MediaRouter: Selecting route: RouteInfo{ name=Tablet, description=null, status=null, category=RouteCategory{ name=System types=ROUTE_TYPE_LIVE_AUDIO ROUTE_TYPE_LIVE_VIDEO  groupable=false }, supportedTypes=ROUTE_TYPE_LIVE_AUDIO ROUTE_TYPE_LIVE_VIDEO , presentationDisplay=null }
08-15 22:13:51.173  1483  1483 I CastMirroringProvider: onDiscoveryModeChanged, mode=1
08-15 22:13:51.193  1483  1725 I DiscoveryManager: Filter criteria(674A0243,8E6C866D) scannerFlags(2)
08-15 22:13:51.274   267   267 D Zygote  : Forked child process 2621
08-15 22:13:51.277   456   485 I ActivityManager: Start proc 2621:com.android.keychain/1000 for service {com.android.keychain/com.android.keychain.KeyChainService}
08-15 22:13:51.279  2621  2621 I Zygote  : seccomp disabled by setenforce 0
08-15 22:13:51.303   285   285 I memtrack@1.0-se: type=1400 audit(0.0:156): avc: denied { read } for name="mem_profile" dev="debugfs" ino=25068 scontext=u:r:hal_memtrack_default:s0 tcontext=u:object_r:debugfs:s0 tclass=file permissive=1
08-15 22:13:51.303   285   285 I memtrack@1.0-se: type=1400 audit(0.0:157): avc: denied { open } for path="/sys/kernel/debug/mali0/ctx/863_2/mem_profile" dev="debugfs" ino=25068 scontext=u:r:hal_memtrack_default:s0 tcontext=u:object_r:debugfs:s0 tclass=file permissive=1
08-15 22:13:51.303   285   285 I memtrack@1.0-se: type=1400 audit(0.0:158): avc: denied { getattr } for path="/sys/kernel/debug/mali0/ctx/863_2/mem_profile" dev="debugfs" ino=25068 scontext=u:r:hal_memtrack_default:s0 tcontext=u:object_r:debugfs:s0 tclass=file permissive=1
08-15 22:13:51.319  2621  2621 I ndroid.keychai: The ClassLoaderContext is a special shared library.
08-15 22:13:51.346   456   982 I ActivityManager: Killing 1611:android.process.media/u0a40 (adj 985): empty #17
08-15 22:13:51.397   267   267 I Zygote  : Process 1611 exited due to signal 9 (Killed)
08-15 22:13:51.413  1356  1755 I Finsky  : [42] sho.a(8): SCH: Jobs in database: 1-1337 10-4 10-8 10-11 10-15 10-18 10-22 10-29 10-30 10-39 10-42 10-47 10-48 10-50 10-55 10-66 21-333333333 24-77777777 26-1414141414 29-29 31-305419896 
08-15 22:13:51.438  1356  1356 I Finsky  : [2] sfa.handleMessage(65): SCH: RunningQueue size: 0, PendingQueue size: 15
08-15 22:13:51.438  1356  1356 I Finsky  : [2] sfa.handleMessage(29): Executor finished
08-15 22:13:51.463  1356  1356 I Finsky  : [2] sho.a(8): SCH: Jobs in database: 1-1337 10-4 10-8 10-11 10-15 10-18 10-22 10-29 10-30 10-39 10-42 10-47 10-48 10-50 10-55 10-66 21-333333333 24-77777777 26-1414141414 29-29 31-305419896 
08-15 22:13:51.475  1581  1791 D RKUpdateService: WorkHandler::handleMessage() : To perform 'COMMAND_CHECK_LOCAL_UPDATING'.
08-15 22:13:51.475  1581  1791 D RKUpdateService: getValidFirmwareImageFile() : Target image file path : /data/media/0/update.zip
08-15 22:13:51.475  1581  1791 D RKUpdateService: getValidFirmwareImageFile() : Target image file path : /storage/emulated/0/update.zip
08-15 22:13:51.485  1356  1356 I Finsky  : [2] sdg.a(59): SCH: ConstraintMapping: 24-77777777,  -> L: 0ms, D: 82722131ms, C: false, I: true, N: 0
08-15 22:13:51.486  1356  1356 I Finsky  : [2] sdg.a(59): SCH: ConstraintMapping: 1-1337, 21-333333333, 31-305419896,  -> L: 0ms, D: 28474106ms, C: false, I: false, N: 1
08-15 22:13:51.487  1356  1356 I Finsky  : [2] sdg.a(59): SCH: ConstraintMapping: 10-4, 10-8, 10-11, 10-15, 10-18, 10-22, 10-29, 10-30, 10-39, 10-42, 10-47, 10-48, 10-50, 10-55, 10-66, 26-1414141414, 29-29,  -> L: 0ms, D: 38768ms, C: false, I: false, N: 0
08-15 22:13:51.490  1356  1356 I Finsky  : [2] sfy.a(37): Cancelling existing jobscheduler jobs: 9002 9001 
08-15 22:13:51.491  1356  1356 I Finsky  : [2] sfy.a(13): Throttling wakeup for job 9003 (expected to run in 0 ms) due to recent wakeup
08-15 22:13:51.491  1356  1356 I Finsky  : [2] sfy.a(30): Scheduling job Id: 9003, L: 30000, D: 82722131, C: false, I: true, N: 0
08-15 22:13:51.493  1356  1356 I Finsky  : [2] sfy.a(13): Throttling wakeup for job 9004 (expected to run in 0 ms) due to recent wakeup
08-15 22:13:51.494  1356  1356 I Finsky  : [2] sfy.a(30): Scheduling job Id: 9004, L: 30000, D: 28474106, C: false, I: false, N: 1
08-15 22:13:51.505  1356  1356 I Finsky  : [2] sfy.a(13): Throttling wakeup for job 9005 (expected to run in 0 ms) due to recent wakeup
08-15 22:13:51.505  1356  1356 I Finsky  : [2] sfy.a(30): Scheduling job Id: 9005, L: 30000, D: 38768, C: false, I: false, N: 0
08-15 22:13:51.863  1483  1725 I Icing   : Indexing com.google.android.gms-apps from com.google.android.gms
08-15 22:13:51.878  1483  1725 I Icing   : Indexing done com.google.android.gms-apps
08-15 22:13:52.093  1239  1422 I chatty  : uid=1027(nfc) com.android.nfc expire 2 lines
08-15 22:13:52.156   456   478 W WindowManager: Unable to start animation, surface is null or no children.
08-15 22:13:52.205  1483  1725 I Icing   : Indexing com.google.android.gms-apps from com.google.android.gms
08-15 22:13:52.216  1483  1725 I Icing   : Indexing done com.google.android.gms-apps
08-15 22:13:52.483  1483  2338 I CheckinCompat: No service .checkin.CheckinService to disable
08-15 22:13:52.485  1483  2338 I CheckinCompat: No service .update.SystemUpdateActivity to disable
08-15 22:13:52.487  1483  2338 I CheckinCompat: No service .update.SystemUpdateService$SecretCodeReceiver to disable
08-15 22:13:52.489  1483  2338 I CheckinCompat: No service .update.SystemUpdateService$Receiver to disable
08-15 22:13:52.993  1239  2645 I chatty  : uid=1027(nfc) AsyncTask #1 expire 2 lines
08-15 22:13:52.993  1239  2646 I chatty  : uid=1027(nfc) com.android.nfc expire 3 lines
08-15 22:13:52.993  1239  2647 I chatty  : uid=1027(nfc) AsyncTask #1 expire 205 lines
08-15 22:13:53.326   286  2648 I chatty  : uid=1027(nfc) /vendor/bin/hw/android.hardware.nfc@1.1-service expire 85 lines
08-15 22:13:54.202  1483  1725 W AdaptiveDiscoveryWorker: Exiting Adaptive Discovery. Current HOTSPOT_BSSID is NULL.
08-15 22:13:54.662  2575  2596 I ownload_servic: Waiting for a blocking GC ProfileSaver
08-15 22:13:54.668  2575  2596 I ownload_servic: WaitForGcToComplete blocked ProfileSaver on ClassLinker for 5.978ms
08-15 22:13:55.387   704   704 I IpClient.eth0: type=1400 audit(0.0:164): avc: denied { write } for scontext=u:r:zygote:s0 tcontext=u:r:zygote:s0 tclass=packet_socket permissive=1
08-15 22:13:55.387   704   948 D DhcpClient: Broadcasting DHCPDISCOVER
08-15 22:13:55.388   704   704 I IpClient.eth0: type=1400 audit(0.0:165): avc: denied { call } for scontext=u:r:zygote:s0 tcontext=u:r:system_server:s0 tclass=binder permissive=1
08-15 22:13:55.388   704   704 I IpClient.eth0: type=1400 audit(0.0:166): avc: denied { transfer } for scontext=u:r:zygote:s0 tcontext=u:r:system_server:s0 tclass=binder permissive=1
08-15 22:13:56.573  1581  1791 D NetworkSecurityConfig: No Network Security Config specified, using platform default
08-15 22:13:56.592  1581  1791 D RKUpdateService: request remote server error...
08-15 22:13:56.909  1239  2647 I chatty  : uid=1027(nfc) AsyncTask #1 expire 9 lines
08-15 22:13:56.923   286  2648 I chatty  : uid=1027(nfc) /vendor/bin/hw/android.hardware.nfc@1.1-service expire 3 lines
08-15 22:13:56.923   286   308 I chatty  : uid=1027(nfc) /vendor/bin/hw/android.hardware.nfc@1.1-service expire 13 lines
08-15 22:13:56.925  1239  2647 I chatty  : uid=1027(nfc) AsyncTask #1 expire 13 lines
08-15 22:13:56.925  1239  2647 I BrcmNfcNfa: NFA_EeGetInfo xx:0 ee_status:0x0 nfcee_id:0xf2
08-15 22:13:56.925  1239  2647 I BrcmNfcNfa: NFA_EeGetInfo xx:1 ee_status:0x1 nfcee_id:0xf6
08-15 22:13:56.926  1239  2647 I BrcmNfcNfa: NFA_EeGetInfo xx:2 ee_status:0x2 nfcee_id:0x11
08-15 22:13:56.926  1239  2647 I BrcmNfcNfa: NFA_EeGetInfo xx:3 ee_status:0x2 nfcee_id:0xf5
08-15 22:13:56.926  1239  2647 I BrcmNfcNfa: NFA_EeGetInfo xx:4 ee_status:0x2 nfcee_id:0xf3
08-15 22:13:56.926  1239  2647 I BrcmNfcNfa: NFA_EeGetInfo xx:5 ee_status:0x2 nfcee_id:0xf4
08-15 22:13:56.926  1239  2647 I BrcmNfcNfa: NFA_EeGetInfo num_ret:2, max_ret:6
08-15 22:13:56.926  1239  2647 I BrcmNfcNfa: nfa_ee_report_event() no callback for event:0
08-15 22:13:57.025   286   308 D         : nci_brcm_snooze_timeout_cback ()
08-15 22:13:57.025   286   308 D         : nfc_hal_dm_set_nfc_wake () DEASSERT
08-15 22:13:57.025   286   308 D USERIAL_LINUX: UPIO_Set: upio=NFC_WAKE; state=OFF
08-15 22:13:57.025   286   308 D USERIAL_LINUX: control_nfc_wake: state=OFF
08-15 22:13:57.025   286   308 D USERIAL_LINUX: control_nfc_wake: ioctl return 0
08-15 22:13:57.482  1153  2653 E WakeLock: GCM_HB_ALARM release without a matched acquire!
08-15 22:13:57.483  1153  2653 W WakeLock: GCM_HB_ALARM counter does not exist
08-15 22:13:58.557   615   615 D StatusBar: disable<e i a s b h r c s > disable2<q i n >
08-15 22:13:58.583   183   979 E BufferQueueProducer: [StatusBar#0] disconnect: not connected (req=1)
08-15 22:13:58.583   615   975 W libEGL  : EGLNativeWindowType 0x7b2501ce90 disconnect failed
08-15 22:13:58.585   615   975 D mali_winsys: EGLint new_window_surface(egl_winsys_display *, void *, EGLSurface, EGLConfig, egl_winsys_surface **, egl_color_buffer_format *, EGLBoolean) returns 0x3000
08-15 22:13:58.624   281   281 I chatty  : uid=1000(system) allocator@2.0-s expire 10 lines
08-15 22:13:58.684   615   975 D         : set stream to NULL
08-15 22:13:58.688   615   975 I chatty  : uid=10096(com.android.systemui) RenderThread identical 18 lines
08-15 22:13:58.694   615   975 D         : set stream to NULL
08-15 22:13:58.714   615   975 D         : set stream to NULL
08-15 22:13:58.821   615   975 D         : set stream to NULL
08-15 22:13:58.934  1239  2647 I BrcmNfcNfa: nfa_sys_update_timer expired: 209f8a00
08-15 22:13:58.934  1239  2647 I BrcmNfcNfa: nfa_sys_update_timer: stop NFA SYS timer
08-15 22:13:58.934  1239  2647 I BrcmNfcNfa: NFA got event 0x0813
08-15 22:13:58.934  1239  2647 I BrcmNfcNfa: nfa_hci_evt_hdlr state: W4_NETWK_ENABLE (2) event: RESPONSE_TIMEOUT_EVT (0x0813)
08-15 22:13:58.934  1239  2647 I BrcmNfcNfa: nfa_hci_rsp_timeout () State: 2  Cmd: 1
08-15 22:13:58.934  1239  2647 I BrcmNfcNfa: nfa_hciu_send_msg pipe:[0x01]  Type:COMMAND[0x00] Inst:ANY_GET_PARAMETER[0x02]  len:[0x0001]
08-15 22:13:58.934  1239  2647 I BrcmNfcNfa: nfc_ncif_send_data :1, num_buff:1 qc:0
08-15 22:13:58.934  1239  2647 D NfcAdaptation: NfcAdaptation::HalWrite
08-15 22:13:58.935   286   286 D NfcNciHal: HaiWrite: enter; len=6
08-15 22:13:58.935   286   286 D NfcNciHal: HaiWrite: enter; commandId = 81030001
08-15 22:13:58.935   286   286 I         : HAL_NfcWrite ()
08-15 22:13:58.935   286   286 D NfcNciHal: HaiWrite: exit 0
08-15 22:13:58.935   286   308 D         : nfc_hal_main_send_message() ls:0x0
08-15 22:13:58.935   286   308 I BrcmNci : --
08-15 22:13:58.935   286   308 I BrcmNci : SENT NCI  Type:DATA   PBF:No/Last   ConnID: 0x01   Payload Len: 3
08-15 22:13:58.935   286   308 D BrcmNci : Payload:
08-15 22:13:58.935   286   308 D BrcmNci : 0000: 81 02 04                                        ...
08-15 22:13:58.935   286   308 I BrcmNci : 
08-15 22:13:58.935   286   308 D BrcmNci : Raw NCI Packet
08-15 22:13:58.935  1239  2647 I BrcmNfcNfa: nfa_sys_start_timer: 209f8a00
08-15 22:13:58.935   286   308 D BrcmNci : 0000: 01 00 03 81 02 04                               ......
08-15 22:13:58.935   286   308 I BrcmNci : --
08-15 22:13:58.935  1239  2647 I BrcmNfcNfa: nfa_sys_start_timer: start NFA SYS timer
08-15 22:13:58.935   286   308 D         : nfc_hal_hci_preproc_hcp_pkt_to_hc ()
08-15 22:13:58.935   286   308 D         : nfc_hal_dm_wake_nfcc () snooze_mode=8
08-15 22:13:58.935   286   308 D         : nfc_hal_dm_set_nfc_wake () ASSERT
08-15 22:13:58.935   286   308 D USERIAL_LINUX: UPIO_Set: upio=NFC_WAKE; state=ON
08-15 22:13:58.935   286   308 D USERIAL_LINUX: control_nfc_wake: state=ON
08-15 22:13:58.935   286   308 D USERIAL_LINUX: control_nfc_wake: ioctl return 0
08-15 22:13:58.935   286   308 D USERIAL_LINUX: UPIO_Set: ioctl, old state=0, insert delay for 20 ms
08-15 22:13:58.935   286   308 D USERIAL_LINUX: USERIAL_Write: (6 bytes)
08-15 22:13:58.935   286   308 D USERIAL_LINUX: doWriteDelay() delay 19 ms
08-15 22:13:58.955   286   308 D USERIAL_LINUX: USERIAL_Write len = 6, ret = 6
08-15 22:13:58.973   286  2648 D USERIAL_LINUX: my_read: return 7(0x7) bytes, errno=0 count=4, n=1, timeout=-1
08-15 22:13:58.973   286  2648 D USERIAL_LINUX: userial_read_thread(): enqueued p_buf=0x76910a936c, count=1, length=7
08-15 22:13:58.973   286  2648 D USERIAL_LINUX: my_read: enter, pbuf=76910a84b0, len = 511
08-15 22:13:58.973   286   308 I BrcmNci : --
08-15 22:13:58.973   286   308 I BrcmNci : RECV NCI  Type:DATA   PBF:No/Last   ConnID: 0x01   Payload Len: 4
08-15 22:13:58.973   286   308 D BrcmNci : Payload:
08-15 22:13:58.973   286   308 D BrcmNci : 0000: 81 80 00 01                                     ....
08-15 22:13:58.973   286   308 I BrcmNci : 
08-15 22:13:58.973   286   308 D BrcmNci : Raw NCI Packet
08-15 22:13:58.973   286   308 D BrcmNci : 0000: 01 00 04 81 80 00 01                            .......
08-15 22:13:58.973   286   308 I BrcmNci : --
08-15 22:13:58.973   286   308 D         : nfc_hal_nci_preproc_rx_nci_msg()  HAL State: 1
08-15 22:13:58.973   286   308 D         : nfc_hal_hci_handle_hcp_pkt_from_hc ()
08-15 22:13:58.973   286   308 D         : nfc_hal_dm_wake_nfcc () snooze_mode=8
08-15 22:13:58.973   286   308 D NfcNciHal: BroadcomHalDataCallback: enter; len=7
08-15 22:13:58.973  1239  2647 I BrcmNfcNfa: NFC received data
08-15 22:13:58.973  1239  2647 I BrcmNfcNfa: nfc_ncif_proc_data 0x010004
08-15 22:13:58.973  1239  2647 I BrcmNfcNfa: nfc_ncif_proc_data len:4
08-15 22:13:58.973  1239  2647 I BrcmNfcNfa: nfa_sys_stop_timer 209f8a00
08-15 22:13:58.973  1239  2647 I BrcmNfcNfa: nfa_sys_stop_timer: stop NFA SYS timer
08-15 22:13:58.974  1239  2647 I BrcmNfcNfa: nfa_hci_conn_cback(): pipe:[0x01] Type:RESPONSE[0x02] Rsp:ANY_OK[0x00]  chain:1 assmbl:0 len:[0x0004]
08-15 22:13:58.974  1239  2647 I BrcmNfcNfa: nfa_hci_handle_admin_pipe_rsp_instr_data - LastCmdSent: ANY_GET_PARAMETER
08-15 22:13:58.974  1239  2647 I BrcmNfcNfa: nfa_hci_startup_complete (): Status: 0
08-15 22:13:58.974  1239  2647 I BrcmNfcNfa: nfa_sys_stop_timer 209f8a00
08-15 22:13:58.974  1239  2647 I BrcmNfcNfa: nfa_sys_stop_timer: stop NFA SYS timer
08-15 22:13:58.974  1239  2647 I BrcmNfcNfa: nfa_sys_cback_notify_enable_complete () enable_cplt_flags=0x3fc, enable_cplt_mask=0x3fc
08-15 22:13:58.974  1239  2647 I BrcmNfcNfa: nfa_dm_all_modules_initialized
08-15 22:13:58.974  1239  2647 D NfcAdaptation: NfcAdaptation::HalWrite
08-15 22:13:58.974   286   286 D NfcNciHal: HaiWrite: enter; len=5
08-15 22:13:58.974   286   286 D NfcNciHal: HaiWrite: enter; commandId = 1020320
